Copyright 1986-2022 Xilinx, Inc. All Rights Reserved. Copyright 2022-2024 Advanced Micro Devices, Inc. All Rights Reserved.
---------------------------------------------------------------------------------------------------------------------------------------------
| Tool Version : Vivado v.2024.2 (lin64) Build 5239630 Fri Nov 08 22:34:34 MST 2024
| Date         : Tue Apr  1 00:17:30 2025
| Host         : CSEE4280 running 64-bit Ubuntu 20.04.6 LTS
| Command      : report_control_sets -verbose -file top_control_sets_placed.rpt
| Design       : top
| Device       : xc7a100t
---------------------------------------------------------------------------------------------------------------------------------------------

Control Set Information

Table of Contents
-----------------
1. Summary
2. Histogram
3. Flip-Flop Distribution
4. Detailed Control Set Information

1. Summary
----------

+----------------------------------------------------------+-------+
|                          Status                          | Count |
+----------------------------------------------------------+-------+
| Total control sets                                       |     5 |
|    Minimum number of control sets                        |     5 |
|    Addition due to synthesis replication                 |     0 |
|    Addition due to physical synthesis replication        |     0 |
| Unused register locations in slices containing registers |    24 |
+----------------------------------------------------------+-------+
* Control sets can be merged at opt_design using control_set_merge or merge_equivalent_drivers
** Run report_qor_suggestions for automated merging and remapping suggestions


2. Histogram
------------

+--------------------+-------+
|       Fanout       | Count |
+--------------------+-------+
| Total control sets |     5 |
| >= 0 to < 4        |     1 |
| >= 4 to < 6        |     1 |
| >= 6 to < 8        |     0 |
| >= 8 to < 10       |     1 |
| >= 10 to < 12      |     1 |
| >= 12 to < 14      |     0 |
| >= 14 to < 16      |     0 |
| >= 16              |     1 |
+--------------------+-------+
* Control sets can be remapped at either synth_design or opt_design


3. Flip-Flop Distribution
-------------------------

+--------------+-----------------------+------------------------+-----------------+--------------+
| Clock Enable | Synchronous Set/Reset | Asynchronous Set/Reset | Total Registers | Total Slices |
+--------------+-----------------------+------------------------+-----------------+--------------+
| No           | No                    | No                     |              24 |           11 |
| No           | No                    | Yes                    |               0 |            0 |
| No           | Yes                   | No                     |              15 |            3 |
| Yes          | No                    | No                     |               0 |            0 |
| Yes          | No                    | Yes                    |               0 |            0 |
| Yes          | Yes                   | No                     |               9 |            2 |
+--------------+-----------------------+------------------------+-----------------+--------------+


4. Detailed Control Set Information
-----------------------------------

+----------------------+---------------------------+---------------------------+------------------+----------------+--------------+
|     Clock Signal     |       Enable Signal       |      Set/Reset Signal     | Slice Load Count | Bel Load Count | Bels / Slice |
+----------------------+---------------------------+---------------------------+------------------+----------------+--------------+
|  CLK100MHZ_IBUF_BUFG |                           |                           |                1 |              3 |         3.00 |
|  Clk_BUFG            |                           | RESET_IBUF                |                1 |              5 |         5.00 |
|  Clk_BUFG            | vga/hvs/HCount[9]_i_1_n_0 | vga/hvs/VCount[9]_i_1_n_0 |                2 |              9 |         4.50 |
|  Clk_BUFG            |                           | vga/hvs/HCount[9]_i_1_n_0 |                2 |             10 |         5.00 |
|  Clk_BUFG            |                           |                           |               10 |             21 |         2.10 |
+----------------------+---------------------------+---------------------------+------------------+----------------+--------------+


