Copyright 1986-2022 Xilinx, Inc. All Rights Reserved. Copyright 2022-2024 Advanced Micro Devices, Inc. All Rights Reserved.
------------------------------------------------------------------------------------------------------------------------------------------------------------------------------------------------------
| Tool Version : Vivado v.2024.2 (win64) Build 5239630 Fri Nov 08 22:35:27 MST 2024
| Date         : Thu Mar 27 16:31:42 2025
| Host         : LAPTOP-RH96MGM6 running 64-bit major release  (build 9200)
| Command      : report_timing_summary -max_paths 10 -report_unconstrained -file top_timing_summary_routed.rpt -pb top_timing_summary_routed.pb -rpx top_timing_summary_routed.rpx -warn_on_violation
| Design       : top
| Device       : 7a100t-csg324
| Speed File   : -1  PRODUCTION 1.23 2018-06-13
| Design State : Routed
------------------------------------------------------------------------------------------------------------------------------------------------------------------------------------------------------

Timing Summary Report

------------------------------------------------------------------------------------------------
| Timer Settings
| --------------
------------------------------------------------------------------------------------------------

  Enable Multi Corner Analysis               :  Yes
  Enable Pessimism Removal                   :  Yes
  Pessimism Removal Resolution               :  Nearest Common Node
  Enable Input Delay Default Clock           :  No
  Enable Preset / Clear Arcs                 :  No
  Disable Flight Delays                      :  No
  Ignore I/O Paths                           :  No
  Timing Early Launch at Borrowing Latches   :  No
  Borrow Time for Max Delay Exceptions       :  Yes
  Merge Timing Exceptions                    :  Yes
  Inter-SLR Compensation                     :  Conservative

  Corner  Analyze    Analyze    
  Name    Max Paths  Min Paths  
  ------  ---------  ---------  
  Slow    Yes        Yes        
  Fast    Yes        Yes        


------------------------------------------------------------------------------------------------
| Report Methodology
| ------------------
------------------------------------------------------------------------------------------------

Rule       Severity          Description                  Violations  
---------  ----------------  ---------------------------  ----------  
TIMING-17  Critical Warning  Non-clocked sequential cell  29          

Note: This report is based on the most recent report_methodology run and may not be up-to-date. Run report_methodology on the current design for the latest report.



check_timing report

Table of Contents
-----------------
1. checking no_clock (29)
2. checking constant_clock (0)
3. checking pulse_width_clock (0)
4. checking unconstrained_internal_endpoints (73)
5. checking no_input_delay (1)
6. checking no_output_delay (2)
7. checking multiple_clock (0)
8. checking generated_clocks (0)
9. checking loops (0)
10. checking partial_input_delay (0)
11. checking partial_output_delay (0)
12. checking latch_loops (0)

1. checking no_clock (29)
-------------------------
 There are 3 register/latch pins with no clock driven by root clock pin: CLK100MHZ (HIGH)

 There are 26 register/latch pins with no clock driven by root clock pin: CD/Clk_25_MHZ_reg_reg/Q (HIGH)


2. checking constant_clock (0)
------------------------------
 There are 0 register/latch pins with constant_clock.


3. checking pulse_width_clock (0)
---------------------------------
 There are 0 register/latch pins which need pulse_width check


4. checking unconstrained_internal_endpoints (73)
-------------------------------------------------
 There are 73 pins that are not constrained for maximum delay. (HIGH)

 There are 0 pins that are not constrained for maximum delay due to constant clock.


5. checking no_input_delay (1)
------------------------------
 There is 1 input port with no input delay specified. (HIGH)

 There are 0 input ports with no input delay but user has a false path constraint.


6. checking no_output_delay (2)
-------------------------------
 There are 2 ports with no output delay specified. (HIGH)

 There are 0 ports with no output delay but user has a false path constraint

 There are 0 ports with no output delay but with a timing clock defined on it or propagating through it


7. checking multiple_clock (0)
------------------------------
 There are 0 register/latch pins with multiple clocks.


8. checking generated_clocks (0)
--------------------------------
 There are 0 generated clocks that are not connected to a clock source.


9. checking loops (0)
---------------------
 There are 0 combinational loops in the design.


10. checking partial_input_delay (0)
------------------------------------
 There are 0 input ports with partial input delay specified.


11. checking partial_output_delay (0)
-------------------------------------
 There are 0 ports with partial output delay specified.


12. checking latch_loops (0)
----------------------------
 There are 0 combinational latch loops in the design through latch input



------------------------------------------------------------------------------------------------
| Design Timing Summary
| ---------------------
------------------------------------------------------------------------------------------------

    WNS(ns)      TNS(ns)  TNS Failing Endpoints  TNS Total Endpoints      WHS(ns)      THS(ns)  THS Failing Endpoints  THS Total Endpoints     WPWS(ns)     TPWS(ns)  TPWS Failing Endpoints  TPWS Total Endpoints  
    -------      -------  ---------------------  -------------------      -------      -------  ---------------------  -------------------     --------     --------  ----------------------  --------------------  
        inf        0.000                      0                   75          inf        0.000                      0                   75           NA           NA                      NA                    NA  


There are no user specified timing constraints.


------------------------------------------------------------------------------------------------
| Clock Summary
| -------------
------------------------------------------------------------------------------------------------


------------------------------------------------------------------------------------------------
| Intra Clock Table
| -----------------
------------------------------------------------------------------------------------------------

Clock             WNS(ns)      TNS(ns)  TNS Failing Endpoints  TNS Total Endpoints      WHS(ns)      THS(ns)  THS Failing Endpoints  THS Total Endpoints     WPWS(ns)     TPWS(ns)  TPWS Failing Endpoints  TPWS Total Endpoints  
-----             -------      -------  ---------------------  -------------------      -------      -------  ---------------------  -------------------     --------     --------  ----------------------  --------------------  


------------------------------------------------------------------------------------------------
| Inter Clock Table
| -----------------
------------------------------------------------------------------------------------------------

From Clock    To Clock          WNS(ns)      TNS(ns)  TNS Failing Endpoints  TNS Total Endpoints      WHS(ns)      THS(ns)  THS Failing Endpoints  THS Total Endpoints  
----------    --------          -------      -------  ---------------------  -------------------      -------      -------  ---------------------  -------------------  


------------------------------------------------------------------------------------------------
| Other Path Groups Table
| -----------------------
------------------------------------------------------------------------------------------------

Path Group    From Clock    To Clock          WNS(ns)      TNS(ns)  TNS Failing Endpoints  TNS Total Endpoints      WHS(ns)      THS(ns)  THS Failing Endpoints  THS Total Endpoints  
----------    ----------    --------          -------      -------  ---------------------  -------------------      -------      -------  ---------------------  -------------------  


------------------------------------------------------------------------------------------------
| User Ignored Path Table
| -----------------------
------------------------------------------------------------------------------------------------

Path Group    From Clock    To Clock    
----------    ----------    --------    


------------------------------------------------------------------------------------------------
| Unconstrained Path Table
| ------------------------
------------------------------------------------------------------------------------------------

Path Group    From Clock    To Clock    
----------    ----------    --------    
(none)                                    


------------------------------------------------------------------------------------------------
| Timing Details
| --------------
------------------------------------------------------------------------------------------------


--------------------------------------------------------------------------------------
Path Group:  (none)
From Clock:  
  To Clock:  

Max Delay            75 Endpoints
Min Delay            75 Endpoints
--------------------------------------------------------------------------------------


Max Delay Paths
--------------------------------------------------------------------------------------
Slack:                    inf
  Source:                 vsd/hsync_reg_reg/C
                            (rising edge-triggered cell FDRE)
  Destination:            h_sync
                            (output port)
  Path Group:             (none)
  Path Type:              Max at Slow Process Corner
  Data Path Delay:        5.689ns  (logic 4.021ns (70.673%)  route 1.668ns (29.327%))
  Logic Levels:           2  (FDRE=1 OBUF=1)

    Location             Delay type                Incr(ns)  Path(ns)    Netlist Resource(s)
  -------------------------------------------------------------------    -------------------
    SLICE_X1Y141         FDRE                         0.000     0.000 r  vsd/hsync_reg_reg/C
    SLICE_X1Y141         FDRE (Prop_fdre_C_Q)         0.456     0.456 r  vsd/hsync_reg_reg/Q
                         net (fo=1, routed)           1.668     2.124    h_sync_OBUF
    B11                  OBUF (Prop_obuf_I_O)         3.565     5.689 r  h_sync_OBUF_inst/O
                         net (fo=0)                   0.000     5.689    h_sync
    B11                                                               r  h_sync (OUT)
  -------------------------------------------------------------------    -------------------

Slack:                    inf
  Source:                 vsd/vsync_reg_reg/C
                            (rising edge-triggered cell FDRE)
  Destination:            v_sync
                            (output port)
  Path Group:             (none)
  Path Type:              Max at Slow Process Corner
  Data Path Delay:        5.554ns  (logic 4.021ns (72.398%)  route 1.533ns (27.602%))
  Logic Levels:           2  (FDRE=1 OBUF=1)

    Location             Delay type                Incr(ns)  Path(ns)    Netlist Resource(s)
  -------------------------------------------------------------------    -------------------
    SLICE_X0Y143         FDRE                         0.000     0.000 r  vsd/vsync_reg_reg/C
    SLICE_X0Y143         FDRE (Prop_fdre_C_Q)         0.456     0.456 r  vsd/vsync_reg_reg/Q
                         net (fo=1, routed)           1.533     1.989    v_sync_OBUF
    B12                  OBUF (Prop_obuf_I_O)         3.565     5.554 r  v_sync_OBUF_inst/O
                         net (fo=0)                   0.000     5.554    v_sync
    B12                                                               r  v_sync (OUT)
  -------------------------------------------------------------------    -------------------

Slack:                    inf
  Source:                 RESET
                            (input port)
  Destination:            vsd/frame_unit/hc_reg_reg[2]/CLR
  Path Group:             (none)
  Path Type:              Max at Slow Process Corner
  Data Path Delay:        4.138ns  (logic 1.485ns (35.893%)  route 2.653ns (64.107%))
  Logic Levels:           1  (IBUF=1)

    Location             Delay type                Incr(ns)  Path(ns)    Netlist Resource(s)
  -------------------------------------------------------------------    -------------------
    M13                                               0.000     0.000 f  RESET (IN)
                         net (fo=0)                   0.000     0.000    RESET
    M13                  IBUF (Prop_ibuf_I_O)         1.485     1.485 f  RESET_IBUF_inst/O
                         net (fo=22, routed)          2.653     4.138    vsd/frame_unit/AR[0]
    SLICE_X0Y140         FDCE                                         f  vsd/frame_unit/hc_reg_reg[2]/CLR
  -------------------------------------------------------------------    -------------------

Slack:                    inf
  Source:                 RESET
                            (input port)
  Destination:            vsd/frame_unit/hc_reg_reg[3]/CLR
  Path Group:             (none)
  Path Type:              Max at Slow Process Corner
  Data Path Delay:        4.138ns  (logic 1.485ns (35.893%)  route 2.653ns (64.107%))
  Logic Levels:           1  (IBUF=1)

    Location             Delay type                Incr(ns)  Path(ns)    Netlist Resource(s)
  -------------------------------------------------------------------    -------------------
    M13                                               0.000     0.000 f  RESET (IN)
                         net (fo=0)                   0.000     0.000    RESET
    M13                  IBUF (Prop_ibuf_I_O)         1.485     1.485 f  RESET_IBUF_inst/O
                         net (fo=22, routed)          2.653     4.138    vsd/frame_unit/AR[0]
    SLICE_X0Y140         FDCE                                         f  vsd/frame_unit/hc_reg_reg[3]/CLR
  -------------------------------------------------------------------    -------------------

Slack:                    inf
  Source:                 RESET
                            (input port)
  Destination:            vsd/frame_unit/hc_reg_reg[4]/CLR
  Path Group:             (none)
  Path Type:              Max at Slow Process Corner
  Data Path Delay:        4.138ns  (logic 1.485ns (35.893%)  route 2.653ns (64.107%))
  Logic Levels:           1  (IBUF=1)

    Location             Delay type                Incr(ns)  Path(ns)    Netlist Resource(s)
  -------------------------------------------------------------------    -------------------
    M13                                               0.000     0.000 f  RESET (IN)
                         net (fo=0)                   0.000     0.000    RESET
    M13                  IBUF (Prop_ibuf_I_O)         1.485     1.485 f  RESET_IBUF_inst/O
                         net (fo=22, routed)          2.653     4.138    vsd/frame_unit/AR[0]
    SLICE_X0Y140         FDCE                                         f  vsd/frame_unit/hc_reg_reg[4]/CLR
  -------------------------------------------------------------------    -------------------

Slack:                    inf
  Source:                 RESET
                            (input port)
  Destination:            vsd/frame_unit/hc_reg_reg[0]/CLR
  Path Group:             (none)
  Path Type:              Max at Slow Process Corner
  Data Path Delay:        4.133ns  (logic 1.485ns (35.931%)  route 2.648ns (64.069%))
  Logic Levels:           1  (IBUF=1)

    Location             Delay type                Incr(ns)  Path(ns)    Netlist Resource(s)
  -------------------------------------------------------------------    -------------------
    M13                                               0.000     0.000 f  RESET (IN)
                         net (fo=0)                   0.000     0.000    RESET
    M13                  IBUF (Prop_ibuf_I_O)         1.485     1.485 f  RESET_IBUF_inst/O
                         net (fo=22, routed)          2.648     4.133    vsd/frame_unit/AR[0]
    SLICE_X1Y140         FDCE                                         f  vsd/frame_unit/hc_reg_reg[0]/CLR
  -------------------------------------------------------------------    -------------------

Slack:                    inf
  Source:                 RESET
                            (input port)
  Destination:            vsd/frame_unit/hc_reg_reg[10]/CLR
  Path Group:             (none)
  Path Type:              Max at Slow Process Corner
  Data Path Delay:        4.133ns  (logic 1.485ns (35.931%)  route 2.648ns (64.069%))
  Logic Levels:           1  (IBUF=1)

    Location             Delay type                Incr(ns)  Path(ns)    Netlist Resource(s)
  -------------------------------------------------------------------    -------------------
    M13                                               0.000     0.000 f  RESET (IN)
                         net (fo=0)                   0.000     0.000    RESET
    M13                  IBUF (Prop_ibuf_I_O)         1.485     1.485 f  RESET_IBUF_inst/O
                         net (fo=22, routed)          2.648     4.133    vsd/frame_unit/AR[0]
    SLICE_X1Y140         FDCE                                         f  vsd/frame_unit/hc_reg_reg[10]/CLR
  -------------------------------------------------------------------    -------------------

Slack:                    inf
  Source:                 RESET
                            (input port)
  Destination:            vsd/frame_unit/hc_reg_reg[1]/CLR
  Path Group:             (none)
  Path Type:              Max at Slow Process Corner
  Data Path Delay:        4.133ns  (logic 1.485ns (35.931%)  route 2.648ns (64.069%))
  Logic Levels:           1  (IBUF=1)

    Location             Delay type                Incr(ns)  Path(ns)    Netlist Resource(s)
  -------------------------------------------------------------------    -------------------
    M13                                               0.000     0.000 f  RESET (IN)
                         net (fo=0)                   0.000     0.000    RESET
    M13                  IBUF (Prop_ibuf_I_O)         1.485     1.485 f  RESET_IBUF_inst/O
                         net (fo=22, routed)          2.648     4.133    vsd/frame_unit/AR[0]
    SLICE_X1Y140         FDCE                                         f  vsd/frame_unit/hc_reg_reg[1]/CLR
  -------------------------------------------------------------------    -------------------

Slack:                    inf
  Source:                 RESET
                            (input port)
  Destination:            vsd/frame_unit/hc_reg_reg[9]/CLR
  Path Group:             (none)
  Path Type:              Max at Slow Process Corner
  Data Path Delay:        4.133ns  (logic 1.485ns (35.931%)  route 2.648ns (64.069%))
  Logic Levels:           1  (IBUF=1)

    Location             Delay type                Incr(ns)  Path(ns)    Netlist Resource(s)
  -------------------------------------------------------------------    -------------------
    M13                                               0.000     0.000 f  RESET (IN)
                         net (fo=0)                   0.000     0.000    RESET
    M13                  IBUF (Prop_ibuf_I_O)         1.485     1.485 f  RESET_IBUF_inst/O
                         net (fo=22, routed)          2.648     4.133    vsd/frame_unit/AR[0]
    SLICE_X1Y140         FDCE                                         f  vsd/frame_unit/hc_reg_reg[9]/CLR
  -------------------------------------------------------------------    -------------------

Slack:                    inf
  Source:                 RESET
                            (input port)
  Destination:            vsd/frame_unit/vc_reg_reg[6]/CLR
  Path Group:             (none)
  Path Type:              Max at Slow Process Corner
  Data Path Delay:        4.045ns  (logic 1.485ns (36.716%)  route 2.560ns (63.284%))
  Logic Levels:           1  (IBUF=1)

    Location             Delay type                Incr(ns)  Path(ns)    Netlist Resource(s)
  -------------------------------------------------------------------    -------------------
    M13                                               0.000     0.000 f  RESET (IN)
                         net (fo=0)                   0.000     0.000    RESET
    M13                  IBUF (Prop_ibuf_I_O)         1.485     1.485 f  RESET_IBUF_inst/O
                         net (fo=22, routed)          2.560     4.045    vsd/frame_unit/AR[0]
    SLICE_X1Y143         FDCE                                         f  vsd/frame_unit/vc_reg_reg[6]/CLR
  -------------------------------------------------------------------    -------------------





Min Delay Paths
--------------------------------------------------------------------------------------
Slack:                    inf
  Source:                 CD/Counter_reg[1]/C
                            (rising edge-triggered cell FDRE)
  Destination:            CD/Counter_reg[0]/D
  Path Group:             (none)
  Path Type:              Min at Fast Process Corner
  Data Path Delay:        0.302ns  (logic 0.227ns (75.183%)  route 0.075ns (24.817%))
  Logic Levels:           2  (FDRE=1 LUT2=1)

    Location             Delay type                Incr(ns)  Path(ns)    Netlist Resource(s)
  -------------------------------------------------------------------    -------------------
    SLICE_X0Y139         FDRE                         0.000     0.000 r  CD/Counter_reg[1]/C
    SLICE_X0Y139         FDRE (Prop_fdre_C_Q)         0.128     0.128 f  CD/Counter_reg[1]/Q
                         net (fo=3, routed)           0.075     0.203    CD/Counter[1]
    SLICE_X0Y139         LUT2 (Prop_lut2_I1_O)        0.099     0.302 r  CD/Counter[0]_i_1/O
                         net (fo=1, routed)           0.000     0.302    CD/Counter[0]_i_1_n_0
    SLICE_X0Y139         FDRE                                         r  CD/Counter_reg[0]/D
  -------------------------------------------------------------------    -------------------

Slack:                    inf
  Source:                 vsd/frame_unit/vc_reg_reg[7]/C
                            (rising edge-triggered cell FDCE)
  Destination:            vsd/frame_unit/vc_reg_reg[8]/D
  Path Group:             (none)
  Path Type:              Min at Fast Process Corner
  Data Path Delay:        0.309ns  (logic 0.227ns (73.472%)  route 0.082ns (26.528%))
  Logic Levels:           2  (FDCE=1 LUT6=1)

    Location             Delay type                Incr(ns)  Path(ns)    Netlist Resource(s)
  -------------------------------------------------------------------    -------------------
    SLICE_X1Y143         FDCE                         0.000     0.000 r  vsd/frame_unit/vc_reg_reg[7]/C
    SLICE_X1Y143         FDCE (Prop_fdce_C_Q)         0.128     0.128 r  vsd/frame_unit/vc_reg_reg[7]/Q
                         net (fo=5, routed)           0.082     0.210    vsd/frame_unit/vc_reg_reg_n_0_[7]
    SLICE_X1Y143         LUT6 (Prop_lut6_I4_O)        0.099     0.309 r  vsd/frame_unit/vc_reg[8]_i_1/O
                         net (fo=1, routed)           0.000     0.309    vsd/frame_unit/vc_next[8]
    SLICE_X1Y143         FDCE                                         r  vsd/frame_unit/vc_reg_reg[8]/D
  -------------------------------------------------------------------    -------------------

Slack:                    inf
  Source:                 vsd/frame_unit/hc_reg_reg[0]/C
                            (rising edge-triggered cell FDCE)
  Destination:            vsd/frame_unit/hc_reg_reg[2]/D
  Path Group:             (none)
  Path Type:              Min at Fast Process Corner
  Data Path Delay:        0.327ns  (logic 0.186ns (56.832%)  route 0.141ns (43.168%))
  Logic Levels:           2  (FDCE=1 LUT6=1)

    Location             Delay type                Incr(ns)  Path(ns)    Netlist Resource(s)
  -------------------------------------------------------------------    -------------------
    SLICE_X1Y140         FDCE                         0.000     0.000 r  vsd/frame_unit/hc_reg_reg[0]/C
    SLICE_X1Y140         FDCE (Prop_fdce_C_Q)         0.141     0.141 r  vsd/frame_unit/hc_reg_reg[0]/Q
                         net (fo=7, routed)           0.141     0.282    vsd/frame_unit/hc_reg_reg_n_0_[0]
    SLICE_X0Y140         LUT6 (Prop_lut6_I4_O)        0.045     0.327 r  vsd/frame_unit/hc_reg[2]_i_1/O
                         net (fo=1, routed)           0.000     0.327    vsd/frame_unit/hc_next[2]
    SLICE_X0Y140         FDCE                                         r  vsd/frame_unit/hc_reg_reg[2]/D
  -------------------------------------------------------------------    -------------------

Slack:                    inf
  Source:                 vsd/frame_unit/hc_reg_reg[0]/C
                            (rising edge-triggered cell FDCE)
  Destination:            vsd/frame_unit/hc_reg_reg[3]/D
  Path Group:             (none)
  Path Type:              Min at Fast Process Corner
  Data Path Delay:        0.328ns  (logic 0.186ns (56.658%)  route 0.142ns (43.342%))
  Logic Levels:           2  (FDCE=1 LUT6=1)

    Location             Delay type                Incr(ns)  Path(ns)    Netlist Resource(s)
  -------------------------------------------------------------------    -------------------
    SLICE_X1Y140         FDCE                         0.000     0.000 r  vsd/frame_unit/hc_reg_reg[0]/C
    SLICE_X1Y140         FDCE (Prop_fdce_C_Q)         0.141     0.141 r  vsd/frame_unit/hc_reg_reg[0]/Q
                         net (fo=7, routed)           0.142     0.283    vsd/frame_unit/hc_reg_reg_n_0_[0]
    SLICE_X0Y140         LUT6 (Prop_lut6_I4_O)        0.045     0.328 r  vsd/frame_unit/hc_reg[3]_i_1/O
                         net (fo=1, routed)           0.000     0.328    vsd/frame_unit/hc_next[3]
    SLICE_X0Y140         FDCE                                         r  vsd/frame_unit/hc_reg_reg[3]/D
  -------------------------------------------------------------------    -------------------

Slack:                    inf
  Source:                 vsd/frame_unit/vc_reg_reg[0]/C
                            (rising edge-triggered cell FDCE)
  Destination:            vsd/frame_unit/vc_reg_reg[0]/D
  Path Group:             (none)
  Path Type:              Min at Fast Process Corner
  Data Path Delay:        0.341ns  (logic 0.186ns (54.596%)  route 0.155ns (45.404%))
  Logic Levels:           2  (FDCE=1 LUT6=1)

    Location             Delay type                Incr(ns)  Path(ns)    Netlist Resource(s)
  -------------------------------------------------------------------    -------------------
    SLICE_X0Y141         FDCE                         0.000     0.000 r  vsd/frame_unit/vc_reg_reg[0]/C
    SLICE_X0Y141         FDCE (Prop_fdce_C_Q)         0.141     0.141 f  vsd/frame_unit/vc_reg_reg[0]/Q
                         net (fo=8, routed)           0.155     0.296    vsd/frame_unit/vc_reg_reg_n_0_[0]
    SLICE_X0Y141         LUT6 (Prop_lut6_I4_O)        0.045     0.341 r  vsd/frame_unit/vc_reg[0]_i_1/O
                         net (fo=1, routed)           0.000     0.341    vsd/frame_unit/vc_next[0]
    SLICE_X0Y141         FDCE                                         r  vsd/frame_unit/vc_reg_reg[0]/D
  -------------------------------------------------------------------    -------------------

Slack:                    inf
  Source:                 vsd/frame_unit/vc_reg_reg[0]/C
                            (rising edge-triggered cell FDCE)
  Destination:            vsd/frame_unit/vc_reg_reg[3]/D
  Path Group:             (none)
  Path Type:              Min at Fast Process Corner
  Data Path Delay:        0.342ns  (logic 0.186ns (54.436%)  route 0.156ns (45.564%))
  Logic Levels:           2  (FDCE=1 LUT6=1)

    Location             Delay type                Incr(ns)  Path(ns)    Netlist Resource(s)
  -------------------------------------------------------------------    -------------------
    SLICE_X0Y141         FDCE                         0.000     0.000 r  vsd/frame_unit/vc_reg_reg[0]/C
    SLICE_X0Y141         FDCE (Prop_fdce_C_Q)         0.141     0.141 r  vsd/frame_unit/vc_reg_reg[0]/Q
                         net (fo=8, routed)           0.156     0.297    vsd/frame_unit/vc_reg_reg_n_0_[0]
    SLICE_X0Y141         LUT6 (Prop_lut6_I5_O)        0.045     0.342 r  vsd/frame_unit/vc_reg[3]_i_1/O
                         net (fo=1, routed)           0.000     0.342    vsd/frame_unit/vc_next[3]
    SLICE_X0Y141         FDCE                                         r  vsd/frame_unit/vc_reg_reg[3]/D
  -------------------------------------------------------------------    -------------------

Slack:                    inf
  Source:                 vsd/frame_unit/hc_reg_reg[6]/C
                            (rising edge-triggered cell FDCE)
  Destination:            vsd/frame_unit/hc_reg_reg[9]/D
  Path Group:             (none)
  Path Type:              Min at Fast Process Corner
  Data Path Delay:        0.358ns  (logic 0.186ns (52.006%)  route 0.172ns (47.994%))
  Logic Levels:           2  (FDCE=1 LUT6=1)

    Location             Delay type                Incr(ns)  Path(ns)    Netlist Resource(s)
  -------------------------------------------------------------------    -------------------
    SLICE_X1Y139         FDCE                         0.000     0.000 r  vsd/frame_unit/hc_reg_reg[6]/C
    SLICE_X1Y139         FDCE (Prop_fdce_C_Q)         0.141     0.141 r  vsd/frame_unit/hc_reg_reg[6]/Q
                         net (fo=9, routed)           0.172     0.313    vsd/frame_unit/hc_reg_reg_n_0_[6]
    SLICE_X1Y140         LUT6 (Prop_lut6_I3_O)        0.045     0.358 r  vsd/frame_unit/hc_reg[9]_i_1/O
                         net (fo=1, routed)           0.000     0.358    vsd/frame_unit/hc_next[9]
    SLICE_X1Y140         FDCE                                         r  vsd/frame_unit/hc_reg_reg[9]/D
  -------------------------------------------------------------------    -------------------

Slack:                    inf
  Source:                 vsd/frame_unit/hc_reg_reg[6]/C
                            (rising edge-triggered cell FDCE)
  Destination:            vsd/frame_unit/hc_reg_reg[10]/D
  Path Group:             (none)
  Path Type:              Min at Fast Process Corner
  Data Path Delay:        0.361ns  (logic 0.186ns (51.574%)  route 0.175ns (48.426%))
  Logic Levels:           2  (FDCE=1 LUT6=1)

    Location             Delay type                Incr(ns)  Path(ns)    Netlist Resource(s)
  -------------------------------------------------------------------    -------------------
    SLICE_X1Y139         FDCE                         0.000     0.000 r  vsd/frame_unit/hc_reg_reg[6]/C
    SLICE_X1Y139         FDCE (Prop_fdce_C_Q)         0.141     0.141 r  vsd/frame_unit/hc_reg_reg[6]/Q
                         net (fo=9, routed)           0.175     0.316    vsd/frame_unit/hc_reg_reg_n_0_[6]
    SLICE_X1Y140         LUT6 (Prop_lut6_I2_O)        0.045     0.361 r  vsd/frame_unit/hc_reg[10]_i_2/O
                         net (fo=1, routed)           0.000     0.361    vsd/frame_unit/hc_next[10]
    SLICE_X1Y140         FDCE                                         r  vsd/frame_unit/hc_reg_reg[10]/D
  -------------------------------------------------------------------    -------------------

Slack:                    inf
  Source:                 CD/Clk_25_MHZ_reg_reg/C
                            (rising edge-triggered cell FDRE)
  Destination:            CD/Clk_25_MHZ_reg_reg/D
  Path Group:             (none)
  Path Type:              Min at Fast Process Corner
  Data Path Delay:        0.371ns  (logic 0.186ns (50.171%)  route 0.185ns (49.829%))
  Logic Levels:           2  (FDRE=1 LUT3=1)

    Location             Delay type                Incr(ns)  Path(ns)    Netlist Resource(s)
  -------------------------------------------------------------------    -------------------
    SLICE_X0Y139         FDRE                         0.000     0.000 r  CD/Clk_25_MHZ_reg_reg/C
    SLICE_X0Y139         FDRE (Prop_fdre_C_Q)         0.141     0.141 r  CD/Clk_25_MHZ_reg_reg/Q
                         net (fo=27, routed)          0.185     0.326    CD/CLK
    SLICE_X0Y139         LUT3 (Prop_lut3_I2_O)        0.045     0.371 r  CD/Clk_25_MHZ_reg_i_1/O
                         net (fo=1, routed)           0.000     0.371    CD/Clk_25_MHZ_reg_i_1_n_0
    SLICE_X0Y139         FDRE                                         r  CD/Clk_25_MHZ_reg_reg/D
  -------------------------------------------------------------------    -------------------

Slack:                    inf
  Source:                 vsd/frame_unit/vc_reg_reg[4]/C
                            (rising edge-triggered cell FDCE)
  Destination:            vsd/frame_unit/vc_reg_reg[4]/D
  Path Group:             (none)
  Path Type:              Min at Fast Process Corner
  Data Path Delay:        0.376ns  (logic 0.186ns (49.409%)  route 0.190ns (50.591%))
  Logic Levels:           2  (FDCE=1 LUT5=1)

    Location             Delay type                Incr(ns)  Path(ns)    Netlist Resource(s)
  -------------------------------------------------------------------    -------------------
    SLICE_X1Y142         FDCE                         0.000     0.000 r  vsd/frame_unit/vc_reg_reg[4]/C
    SLICE_X1Y142         FDCE (Prop_fdce_C_Q)         0.141     0.141 r  vsd/frame_unit/vc_reg_reg[4]/Q
                         net (fo=8, routed)           0.190     0.331    vsd/frame_unit/vc_reg_reg_n_0_[4]
    SLICE_X1Y142         LUT5 (Prop_lut5_I4_O)        0.045     0.376 r  vsd/frame_unit/vc_reg[4]_i_1/O
                         net (fo=1, routed)           0.000     0.376    vsd/frame_unit/vc_next[4]
    SLICE_X1Y142         FDCE                                         r  vsd/frame_unit/vc_reg_reg[4]/D
  -------------------------------------------------------------------    -------------------





