
*** Running vivado
    with args -log top.vds -m64 -product Vivado -mode batch -messageDb vivado.pb -notrace -source top.tcl



****** Vivado v2024.2 (64-bit)
  **** SW Build 5239630 on Fri Nov 08 22:35:27 MST 2024
  **** IP Build 5239520 on Sun Nov 10 16:12:51 MST 2024
  **** SharedData Build 5239561 on Fri Nov 08 14:39:27 MST 2024
  **** Start of session at: Tue Mar 18 12:40:36 2025
    ** Copyright 1986-2022 Xilinx, Inc. All Rights Reserved.
    ** Copyright 2022-2024 Advanced Micro Devices, Inc. All Rights Reserved.

source top.tcl -notrace
Command: read_checkpoint -auto_incremental -incremental C:/CSEE4280/GRP2ADD/Exercise5/Exercise5/Exercise5.srcs/utils_1/imports/synth_1/top.dcp
INFO: [Vivado 12-5825] Read reference checkpoint from C:/CSEE4280/GRP2ADD/Exercise5/Exercise5/Exercise5.srcs/utils_1/imports/synth_1/top.dcp for incremental synthesis
INFO: [Vivado 12-7989] Please ensure there are no constraint changes
Command: synth_design -top top -part xc7a100tcsg324-1
Starting synth_design
Attempting to get a license for feature 'Synthesis' and/or device 'xc7a100t'
INFO: [Common 17-349] Got license for feature 'Synthesis' and/or device 'xc7a100t'
INFO: [Device 21-403] Loading part xc7a100tcsg324-1
INFO: [Designutils 20-5440] No compile time benefit to using incremental synthesis; A full resynthesis will be run
INFO: [Designutils 20-4379] Flow is switching to default flow due to incremental criteria not met. If you would like to alter this behaviour and have the flow terminate instead, please set the following parameter config_implementation {autoIncr.Synth.RejectBehavior Terminate}
INFO: [Synth 8-7079] Multithreading enabled for synth_design using a maximum of 2 processes.
INFO: [Synth 8-7078] Launching helper process for spawning children vivado processes
INFO: [Synth 8-7075] Helper process launched with PID 10272
---------------------------------------------------------------------------------
Starting RTL Elaboration : Time (s): cpu = 00:00:02 ; elapsed = 00:00:06 . Memory (MB): peak = 1098.555 ; gain = 468.418
---------------------------------------------------------------------------------
INFO: [Synth 8-6157] synthesizing module 'top' [C:/CSEE4280/GRP2ADD/Exercise5/Exercise5/Exercise5.srcs/sources_1/new/top.v:23]
INFO: [Synth 8-6157] synthesizing module 'rgb_controller' [C:/CSEE4280/GRP2ADD/Exercise5/Exercise5/Exercise5.srcs/sources_1/new/rgb_controller.v:25]
INFO: [Synth 8-6157] synthesizing module 'switch_to_duty' [C:/CSEE4280/GRP2ADD/Exercise5/Exercise5/Exercise5.srcs/sources_1/new/switch_to_duty.v:23]
INFO: [Synth 8-6155] done synthesizing module 'switch_to_duty' (0#1) [C:/CSEE4280/GRP2ADD/Exercise5/Exercise5/Exercise5.srcs/sources_1/new/switch_to_duty.v:23]
INFO: [Synth 8-6157] synthesizing module 'PWM' [C:/CSEE4280/GRP2ADD/Exercise5/Exercise5/Exercise5.srcs/sources_1/new/PWM.v:24]
WARNING: [Synth 8-567] referenced signal 'CurrentState' should be on the sensitivity list [C:/CSEE4280/GRP2ADD/Exercise5/Exercise5/Exercise5.srcs/sources_1/new/PWM.v:61]
WARNING: [Synth 8-567] referenced signal 'Duty' should be on the sensitivity list [C:/CSEE4280/GRP2ADD/Exercise5/Exercise5/Exercise5.srcs/sources_1/new/PWM.v:61]
INFO: [Synth 8-6155] done synthesizing module 'PWM' (0#1) [C:/CSEE4280/GRP2ADD/Exercise5/Exercise5/Exercise5.srcs/sources_1/new/PWM.v:24]
INFO: [Synth 8-6155] done synthesizing module 'rgb_controller' (0#1) [C:/CSEE4280/GRP2ADD/Exercise5/Exercise5/Exercise5.srcs/sources_1/new/rgb_controller.v:25]
WARNING: [Synth 8-689] width (5) of port connection 'r_in' does not match port width (8) of module 'rgb_controller' [C:/CSEE4280/GRP2ADD/Exercise5/Exercise5/Exercise5.srcs/sources_1/new/top.v:27]
WARNING: [Synth 8-689] width (6) of port connection 'g_in' does not match port width (8) of module 'rgb_controller' [C:/CSEE4280/GRP2ADD/Exercise5/Exercise5/Exercise5.srcs/sources_1/new/top.v:27]
WARNING: [Synth 8-689] width (5) of port connection 'b_in' does not match port width (8) of module 'rgb_controller' [C:/CSEE4280/GRP2ADD/Exercise5/Exercise5/Exercise5.srcs/sources_1/new/top.v:27]
INFO: [Synth 8-6157] synthesizing module 'ssd_controller' [C:/CSEE4280/GRP2ADD/Exercise5/Exercise5/Exercise5.srcs/sources_1/new/ssd_controller.sv:23]
INFO: [Synth 8-6157] synthesizing module 'cathodeControl' [C:/CSEE4280/GRP2ADD/Exercise5/Exercise5/Exercise5.srcs/sources_1/new/cathodeControl.v:23]
WARNING: [Synth 8-567] referenced signal 'digit1' should be on the sensitivity list [C:/CSEE4280/GRP2ADD/Exercise5/Exercise5/Exercise5.srcs/sources_1/new/cathodeControl.v:24]
WARNING: [Synth 8-567] referenced signal 'digit2' should be on the sensitivity list [C:/CSEE4280/GRP2ADD/Exercise5/Exercise5/Exercise5.srcs/sources_1/new/cathodeControl.v:24]
WARNING: [Synth 8-567] referenced signal 'digit3' should be on the sensitivity list [C:/CSEE4280/GRP2ADD/Exercise5/Exercise5/Exercise5.srcs/sources_1/new/cathodeControl.v:24]
WARNING: [Synth 8-567] referenced signal 'digit4' should be on the sensitivity list [C:/CSEE4280/GRP2ADD/Exercise5/Exercise5/Exercise5.srcs/sources_1/new/cathodeControl.v:24]
WARNING: [Synth 8-567] referenced signal 'digit5' should be on the sensitivity list [C:/CSEE4280/GRP2ADD/Exercise5/Exercise5/Exercise5.srcs/sources_1/new/cathodeControl.v:24]
WARNING: [Synth 8-567] referenced signal 'digit6' should be on the sensitivity list [C:/CSEE4280/GRP2ADD/Exercise5/Exercise5/Exercise5.srcs/sources_1/new/cathodeControl.v:24]
INFO: [Synth 8-6155] done synthesizing module 'cathodeControl' (0#1) [C:/CSEE4280/GRP2ADD/Exercise5/Exercise5/Exercise5.srcs/sources_1/new/cathodeControl.v:23]
INFO: [Synth 8-6157] synthesizing module 'cathode_top' [C:/CSEE4280/GRP2ADD/Exercise5/Exercise5/Exercise5.srcs/sources_1/new/cathode_top.sv:11]
INFO: [Synth 8-6155] done synthesizing module 'cathode_top' (0#1) [C:/CSEE4280/GRP2ADD/Exercise5/Exercise5/Exercise5.srcs/sources_1/new/cathode_top.sv:11]
INFO: [Synth 8-6155] done synthesizing module 'ssd_controller' (0#1) [C:/CSEE4280/GRP2ADD/Exercise5/Exercise5/Exercise5.srcs/sources_1/new/ssd_controller.sv:23]
WARNING: [Synth 8-689] width (5) of port connection 'red' does not match port width (8) of module 'ssd_controller' [C:/CSEE4280/GRP2ADD/Exercise5/Exercise5/Exercise5.srcs/sources_1/new/top.v:30]
WARNING: [Synth 8-689] width (6) of port connection 'green' does not match port width (8) of module 'ssd_controller' [C:/CSEE4280/GRP2ADD/Exercise5/Exercise5/Exercise5.srcs/sources_1/new/top.v:30]
WARNING: [Synth 8-689] width (5) of port connection 'blue' does not match port width (8) of module 'ssd_controller' [C:/CSEE4280/GRP2ADD/Exercise5/Exercise5/Exercise5.srcs/sources_1/new/top.v:30]
INFO: [Synth 8-6155] done synthesizing module 'top' (0#1) [C:/CSEE4280/GRP2ADD/Exercise5/Exercise5/Exercise5.srcs/sources_1/new/top.v:23]
---------------------------------------------------------------------------------
Finished RTL Elaboration : Time (s): cpu = 00:00:03 ; elapsed = 00:00:07 . Memory (MB): peak = 1204.504 ; gain = 574.367
---------------------------------------------------------------------------------
---------------------------------------------------------------------------------
Start Handling Custom Attributes
---------------------------------------------------------------------------------
---------------------------------------------------------------------------------
Finished Handling Custom Attributes : Time (s): cpu = 00:00:03 ; elapsed = 00:00:07 . Memory (MB): peak = 1204.504 ; gain = 574.367
---------------------------------------------------------------------------------
---------------------------------------------------------------------------------
Finished RTL Optimization Phase 1 : Time (s): cpu = 00:00:03 ; elapsed = 00:00:07 . Memory (MB): peak = 1204.504 ; gain = 574.367
---------------------------------------------------------------------------------
Netlist sorting complete. Time (s): cpu = 00:00:00 ; elapsed = 00:00:00.004 . Memory (MB): peak = 1204.504 ; gain = 0.000
