
*** Running vivado
    with args -log Top.vdi -applog -m64 -product Vivado -messageDb vivado.pb -mode batch -source Top.tcl -notrace


****** Vivado v2024.2 (64-bit)
  **** SW Build 5239630 on Fri Nov 08 22:34:34 MST 2024
  **** IP Build 5239520 on Sun Nov 10 16:12:51 MST 2024
  **** SharedData Build 5239561 on Fri Nov 08 14:39:27 MST 2024
  **** Start of session at: Wed Apr 23 13:42:31 2025
    ** Copyright 1986-2022 Xilinx, Inc. All Rights Reserved.
    ** Copyright 2022-2024 Advanced Micro Devices, Inc. All Rights Reserved.

source Top.tcl -notrace
Command: link_design -top Top -part xc7a100tcsg324-1
Design is defaulting to srcset: sources_1
Design is defaulting to constrset: constrs_1
INFO: [Device 21-403] Loading part xc7a100tcsg324-1
Netlist sorting complete. Time (s): cpu = 00:00:00.21 ; elapsed = 00:00:00.21 . Memory (MB): peak = 1473.465 ; gain = 0.000 ; free physical = 5466 ; free virtual = 7455
INFO: [Netlist 29-17] Analyzing 2213 Unisim elements for replacement
INFO: [Netlist 29-28] Unisim Transformation completed in 0 CPU seconds
INFO: [Project 1-479] Netlist was created with Vivado 2024.2
INFO: [Project 1-570] Preparing netlist for logic optimization
Parsing XDC File [/home/student/Desktop/CSEE4280/GRP2ADD/FinalProject/MemVga/MemVga.srcs/constrs_1/imports/VGAOutput/Nexys-A7-100T-Master.xdc]
Finished Parsing XDC File [/home/student/Desktop/CSEE4280/GRP2ADD/FinalProject/MemVga/MemVga.srcs/constrs_1/imports/VGAOutput/Nexys-A7-100T-Master.xdc]
INFO: [Opt 31-138] Pushed 0 inverter(s) to 0 load pin(s).
Netlist sorting complete. Time (s): cpu = 00:00:00 ; elapsed = 00:00:00 . Memory (MB): peak = 1728.836 ; gain = 0.000 ; free physical = 5352 ; free virtual = 7343
INFO: [Project 1-111] Unisim Transformation Summary:
No Unisim elements were transformed.

7 Infos, 0 Warnings, 0 Critical Warnings and 0 Errors encountered.
link_design completed successfully
link_design: Time (s): cpu = 00:00:08 ; elapsed = 00:00:08 . Memory (MB): peak = 1732.805 ; gain = 309.004 ; free physical = 5348 ; free virtual = 7339
Command: opt_design
Attempting to get a license for feature 'Implementation' and/or device 'xc7a100t'
INFO: [Common 17-349] Got license for feature 'Implementation' and/or device 'xc7a100t'
Running DRC as a precondition to command opt_design

Starting DRC Task
INFO: [DRC 23-27] Running DRC with 8 threads
INFO: [Project 1-461] DRC finished with 0 Errors
INFO: [Project 1-462] Please refer to the DRC report (report_drc) for more information.

Time (s): cpu = 00:00:02 ; elapsed = 00:00:00.71 . Memory (MB): peak = 1828.789 ; gain = 95.984 ; free physical = 5288 ; free virtual = 7279

Starting Cache Timing Information Task
INFO: [Timing 38-35] Done setting XDC timing constraints.
Ending Cache Timing Information Task | Checksum: 29a076e22

Time (s): cpu = 00:00:08 ; elapsed = 00:00:08 . Memory (MB): peak = 2272.742 ; gain = 443.953 ; free physical = 4866 ; free virtual = 6858

Starting Logic Optimization Task

Phase 1 Initialization

Phase 1.1 Core Generation And Design Setup
Phase 1.1 Core Generation And Design Setup | Checksum: 29a076e22

Time (s): cpu = 00:00:00.04 ; elapsed = 00:00:00.04 . Memory (MB): peak = 2616.633 ; gain = 0.000 ; free physical = 4532 ; free virtual = 6524

Phase 1.2 Setup Constraints And Sort Netlist
Phase 1.2 Setup Constraints And Sort Netlist | Checksum: 29a076e22

Time (s): cpu = 00:00:00.06 ; elapsed = 00:00:00.05 . Memory (MB): peak = 2616.633 ; gain = 0.000 ; free physical = 4532 ; free virtual = 6524
Phase 1 Initialization | Checksum: 29a076e22

Time (s): cpu = 00:00:00.06 ; elapsed = 00:00:00.06 . Memory (MB): peak = 2616.633 ; gain = 0.000 ; free physical = 4532 ; free virtual = 6524

Phase 2 Timer Update And Timing Data Collection

Phase 2.1 Timer Update
Phase 2.1 Timer Update | Checksum: 29a076e22

Time (s): cpu = 00:00:00.79 ; elapsed = 00:00:00.33 . Memory (MB): peak = 2616.633 ; gain = 0.000 ; free physical = 4532 ; free virtual = 6523

Phase 2.2 Timing Data Collection
Phase 2.2 Timing Data Collection | Checksum: 29a076e22

Time (s): cpu = 00:00:00.83 ; elapsed = 00:00:00.38 . Memory (MB): peak = 2616.633 ; gain = 0.000 ; free physical = 4526 ; free virtual = 6517
Phase 2 Timer Update And Timing Data Collection | Checksum: 29a076e22

Time (s): cpu = 00:00:00.83 ; elapsed = 00:00:00.4 . Memory (MB): peak = 2616.633 ; gain = 0.000 ; free physical = 4526 ; free virtual = 6517

Phase 3 Retarget
INFO: [Opt 31-1851] Number of loadless carry chains removed were: 0
INFO: [Opt 31-1834] Total Chains To Be Transformed Were: 0 AND Number of Transformed insts Created are: 0
INFO: [Opt 31-138] Pushed 0 inverter(s) to 0 load pin(s).
INFO: [Opt 31-49] Retargeted 0 cell(s).
Phase 3 Retarget | Checksum: 29a076e22

Time (s): cpu = 00:00:01 ; elapsed = 00:00:00.79 . Memory (MB): peak = 2616.633 ; gain = 0.000 ; free physical = 4526 ; free virtual = 6517
Retarget | Checksum: 29a076e22
INFO: [Opt 31-389] Phase Retarget created 0 cells and removed 0 cells

Phase 4 Constant propagation
INFO: [Opt 31-138] Pushed 0 inverter(s) to 0 load pin(s).
Phase 4 Constant propagation | Checksum: 29e172bef

Time (s): cpu = 00:00:01 ; elapsed = 00:00:01 . Memory (MB): peak = 2616.633 ; gain = 0.000 ; free physical = 4526 ; free virtual = 6517
Constant propagation | Checksum: 29e172bef
INFO: [Opt 31-389] Phase Constant propagation created 5 cells and removed 8 cells

Phase 5 Sweep
INFO: [Constraints 18-11670] Building netlist checker database with flags, 0x8
Done building netlist checker database: Time (s): cpu = 00:00:00.01 ; elapsed = 00:00:00 . Memory (MB): peak = 2616.633 ; gain = 0.000 ; free physical = 4525 ; free virtual = 6517
INFO: [Constraints 18-11670] Building netlist checker database with flags, 0x8
Done building netlist checker database: Time (s): cpu = 00:00:00 ; elapsed = 00:00:00 . Memory (MB): peak = 2616.633 ; gain = 0.000 ; free physical = 4525 ; free virtual = 6517
Phase 5 Sweep | Checksum: 1efba7b4a

Time (s): cpu = 00:00:02 ; elapsed = 00:00:01 . Memory (MB): peak = 2616.633 ; gain = 0.000 ; free physical = 4525 ; free virtual = 6517
Sweep | Checksum: 1efba7b4a
INFO: [Opt 31-389] Phase Sweep created 0 cells and removed 0 cells

Phase 6 BUFG optimization
Phase 6 BUFG optimization | Checksum: 1efba7b4a

Time (s): cpu = 00:00:02 ; elapsed = 00:00:02 . Memory (MB): peak = 2648.648 ; gain = 32.016 ; free physical = 4525 ; free virtual = 6516
BUFG optimization | Checksum: 1efba7b4a
INFO: [Opt 31-662] Phase BUFG optimization created 0 cells of which 0 are BUFGs and removed 0 cells.

Phase 7 Shift Register Optimization
INFO: [Opt 31-1064] SRL Remap converted 0 SRLs to 0 registers and converted 0 registers of register chains to 0 SRLs
Phase 7 Shift Register Optimization | Checksum: 1efba7b4a

Time (s): cpu = 00:00:02 ; elapsed = 00:00:02 . Memory (MB): peak = 2648.648 ; gain = 32.016 ; free physical = 4525 ; free virtual = 6516
Shift Register Optimization | Checksum: 1efba7b4a
INFO: [Opt 31-389] Phase Shift Register Optimization created 0 cells and removed 0 cells

Phase 8 Post Processing Netlist
Phase 8 Post Processing Netlist | Checksum: 1efba7b4a

Time (s): cpu = 00:00:02 ; elapsed = 00:00:02 . Memory (MB): peak = 2648.648 ; gain = 32.016 ; free physical = 4525 ; free virtual = 6516
Post Processing Netlist | Checksum: 1efba7b4a
INFO: [Opt 31-389] Phase Post Processing Netlist created 0 cells and removed 0 cells

Phase 9 Finalization

Phase 9.1 Finalizing Design Cores and Updating Shapes
Phase 9.1 Finalizing Design Cores and Updating Shapes | Checksum: 1accfa213

Time (s): cpu = 00:00:02 ; elapsed = 00:00:02 . Memory (MB): peak = 2648.648 ; gain = 32.016 ; free physical = 4525 ; free virtual = 6516

Phase 9.2 Verifying Netlist Connectivity

Starting Connectivity Check Task

Time (s): cpu = 00:00:00.06 ; elapsed = 00:00:00.05 . Memory (MB): peak = 2648.648 ; gain = 0.000 ; free physical = 4525 ; free virtual = 6516
Phase 9.2 Verifying Netlist Connectivity | Checksum: 1accfa213

Time (s): cpu = 00:00:02 ; elapsed = 00:00:02 . Memory (MB): peak = 2648.648 ; gain = 32.016 ; free physical = 4525 ; free virtual = 6516
Phase 9 Finalization | Checksum: 1accfa213

Time (s): cpu = 00:00:02 ; elapsed = 00:00:02 . Memory (MB): peak = 2648.648 ; gain = 32.016 ; free physical = 4525 ; free virtual = 6516
Opt_design Change Summary
=========================


-------------------------------------------------------------------------------------------------------------------------
|  Phase                        |  #Cells created  |  #Cells Removed  |  #Constrained objects preventing optimizations  |
-------------------------------------------------------------------------------------------------------------------------
|  Retarget                     |               0  |               0  |                                              0  |
|  Constant propagation         |               5  |               8  |                                              0  |
|  Sweep                        |               0  |               0  |                                              0  |
|  BUFG optimization            |               0  |               0  |                                              0  |
|  Shift Register Optimization  |               0  |               0  |                                              0  |
|  Post Processing Netlist      |               0  |               0  |                                              0  |
-------------------------------------------------------------------------------------------------------------------------


Ending Logic Optimization Task | Checksum: 1accfa213

Time (s): cpu = 00:00:02 ; elapsed = 00:00:02 . Memory (MB): peak = 2648.648 ; gain = 32.016 ; free physical = 4525 ; free virtual = 6516

Starting Power Optimization Task
INFO: [Pwropt 34-132] Skipping clock gating for clocks with a period < 2.00 ns.
Ending Power Optimization Task | Checksum: 1accfa213

Time (s): cpu = 00:00:00.02 ; elapsed = 00:00:00.01 . Memory (MB): peak = 2648.648 ; gain = 0.000 ; free physical = 4525 ; free virtual = 6516

Starting Final Cleanup Task
Ending Final Cleanup Task | Checksum: 1accfa213

Time (s): cpu = 00:00:00.01 ; elapsed = 00:00:00.01 . Memory (MB): peak = 2648.648 ; gain = 0.000 ; free physical = 4525 ; free virtual = 6516

Starting Netlist Obfuscation Task
Netlist sorting complete. Time (s): cpu = 00:00:00 ; elapsed = 00:00:00 . Memory (MB): peak = 2648.648 ; gain = 0.000 ; free physical = 4525 ; free virtual = 6516
Ending Netlist Obfuscation Task | Checksum: 1accfa213

Time (s): cpu = 00:00:00 ; elapsed = 00:00:00 . Memory (MB): peak = 2648.648 ; gain = 0.000 ; free physical = 4525 ; free virtual = 6516
INFO: [Common 17-83] Releasing license: Implementation
28 Infos, 0 Warnings, 0 Critical Warnings and 0 Errors encountered.
opt_design completed successfully
opt_design: Time (s): cpu = 00:00:15 ; elapsed = 00:00:13 . Memory (MB): peak = 2648.648 ; gain = 915.844 ; free physical = 4525 ; free virtual = 6516
INFO: [Vivado 12-24828] Executing command : report_drc -file Top_drc_opted.rpt -pb Top_drc_opted.pb -rpx Top_drc_opted.rpx
Command: report_drc -file Top_drc_opted.rpt -pb Top_drc_opted.pb -rpx Top_drc_opted.rpx
INFO: [IP_Flow 19-234] Refreshing IP repositories
INFO: [IP_Flow 19-1704] No user IP repositories specified
INFO: [IP_Flow 19-2313] Loaded Vivado IP repository '/tools/Xilinx/Vivado/2024.2/data/ip'.
INFO: [DRC 23-27] Running DRC with 8 threads
INFO: [Vivado_Tcl 2-168] The results of DRC are in file /home/student/Desktop/CSEE4280/GRP2ADD/FinalProject/MemVga/MemVga.runs/impl_1/Top_drc_opted.rpt.
report_drc completed successfully
INFO: [Timing 38-480] Writing timing data to binary archive.
Wrote PlaceDB: Time (s): cpu = 00:00:00 ; elapsed = 00:00:00 . Memory (MB): peak = 2648.648 ; gain = 0.000 ; free physical = 4480 ; free virtual = 6473
Wrote PulsedLatchDB: Time (s): cpu = 00:00:00 ; elapsed = 00:00:00 . Memory (MB): peak = 2648.648 ; gain = 0.000 ; free physical = 4479 ; free virtual = 6472
Writing XDEF routing.
Writing XDEF routing logical nets.
Write ShapeDB Complete: Time (s): cpu = 00:00:00.1 ; elapsed = 00:00:00.02 . Memory (MB): peak = 2648.648 ; gain = 0.000 ; free physical = 4479 ; free virtual = 6472
Writing XDEF routing special nets.
Wrote RouteStorage: Time (s): cpu = 00:00:00.16 ; elapsed = 00:00:00.03 . Memory (MB): peak = 2648.648 ; gain = 0.000 ; free physical = 4478 ; free virtual = 6471
Wrote Netlist Cache: Time (s): cpu = 00:00:00 ; elapsed = 00:00:00 . Memory (MB): peak = 2648.648 ; gain = 0.000 ; free physical = 4478 ; free virtual = 6471
Wrote Device Cache: Time (s): cpu = 00:00:00.01 ; elapsed = 00:00:00 . Memory (MB): peak = 2648.648 ; gain = 0.000 ; free physical = 4478 ; free virtual = 6472
Write Physdb Complete: Time (s): cpu = 00:00:00.18 ; elapsed = 00:00:00.04 . Memory (MB): peak = 2648.648 ; gain = 0.000 ; free physical = 4478 ; free virtual = 6472
INFO: [Common 17-1381] The checkpoint '/home/student/Desktop/CSEE4280/GRP2ADD/FinalProject/MemVga/MemVga.runs/impl_1/Top_opt.dcp' has been generated.
Command: place_design
Attempting to get a license for feature 'Implementation' and/or device 'xc7a100t'
INFO: [Common 17-349] Got license for feature 'Implementation' and/or device 'xc7a100t'
INFO: [Common 17-83] Releasing license: Implementation
INFO: [DRC 23-27] Running DRC with 8 threads
INFO: [Vivado_Tcl 4-198] DRC finished with 0 Errors
INFO: [Vivado_Tcl 4-199] Please refer to the DRC report (report_drc) for more information.
Running DRC as a precondition to command place_design
INFO: [DRC 23-27] Running DRC with 8 threads
INFO: [Vivado_Tcl 4-198] DRC finished with 0 Errors
INFO: [Vivado_Tcl 4-199] Please refer to the DRC report (report_drc) for more information.
INFO: [Place 30-611] Multithreading enabled for place_design using a maximum of 8 CPUs

Starting Placer Task

Phase 1 Placer Initialization

Phase 1.1 Placer Initialization Netlist Sorting
Netlist sorting complete. Time (s): cpu = 00:00:00 ; elapsed = 00:00:00 . Memory (MB): peak = 2678.781 ; gain = 0.000 ; free physical = 4450 ; free virtual = 6448
Phase 1.1 Placer Initialization Netlist Sorting | Checksum: 146c0ed3c

Time (s): cpu = 00:00:00 ; elapsed = 00:00:00.01 . Memory (MB): peak = 2678.781 ; gain = 0.000 ; free physical = 4450 ; free virtual = 6448
Netlist sorting complete. Time (s): cpu = 00:00:00 ; elapsed = 00:00:00 . Memory (MB): peak = 2678.781 ; gain = 0.000 ; free physical = 4450 ; free virtual = 6448

Phase 1.2 IO Placement/ Clock Placement/ Build Placer Device
INFO: [Timing 38-35] Done setting XDC timing constraints.
WARNING: [Place 30-87] Partially locked IO Bus is found. Following components of the IO Bus SW are not locked:  'SW[2]' 
Phase 1.2 IO Placement/ Clock Placement/ Build Placer Device | Checksum: f9b79f6a

Time (s): cpu = 00:00:03 ; elapsed = 00:00:01 . Memory (MB): peak = 2678.781 ; gain = 0.000 ; free physical = 4443 ; free virtual = 6441

Phase 1.3 Build Placer Netlist Model
Phase 1.3 Build Placer Netlist Model | Checksum: 136635adf

Time (s): cpu = 00:00:04 ; elapsed = 00:00:02 . Memory (MB): peak = 2678.781 ; gain = 0.000 ; free physical = 4439 ; free virtual = 6437

Phase 1.4 Constrain Clocks/Macros
Phase 1.4 Constrain Clocks/Macros | Checksum: 136635adf

Time (s): cpu = 00:00:04 ; elapsed = 00:00:02 . Memory (MB): peak = 2678.781 ; gain = 0.000 ; free physical = 4439 ; free virtual = 6437
Phase 1 Placer Initialization | Checksum: 136635adf

Time (s): cpu = 00:00:04 ; elapsed = 00:00:02 . Memory (MB): peak = 2678.781 ; gain = 0.000 ; free physical = 4439 ; free virtual = 6437

Phase 2 Global Placement

Phase 2.1 Floorplanning
Phase 2.1 Floorplanning | Checksum: 136635adf

Time (s): cpu = 00:00:04 ; elapsed = 00:00:02 . Memory (MB): peak = 2678.781 ; gain = 0.000 ; free physical = 4435 ; free virtual = 6433

Phase 2.2 Update Timing before SLR Path Opt
Phase 2.2 Update Timing before SLR Path Opt | Checksum: 136635adf

Time (s): cpu = 00:00:04 ; elapsed = 00:00:02 . Memory (MB): peak = 2678.781 ; gain = 0.000 ; free physical = 4435 ; free virtual = 6433

Phase 2.3 Post-Processing in Floorplanning
Phase 2.3 Post-Processing in Floorplanning | Checksum: 136635adf

Time (s): cpu = 00:00:04 ; elapsed = 00:00:02 . Memory (MB): peak = 2678.781 ; gain = 0.000 ; free physical = 4435 ; free virtual = 6433

Phase 2.4 Global Place Phase1
Phase 2.4 Global Place Phase1 | Checksum: fcde041f

Time (s): cpu = 00:00:17 ; elapsed = 00:00:08 . Memory (MB): peak = 2744.348 ; gain = 65.566 ; free physical = 4361 ; free virtual = 6359

Phase 2.5 Global Place Phase2
WARNING: [Place 46-29] Timing had been disabled during Placer and, therefore, physical synthesis in Placer will be skipped.
Phase 2.5 Global Place Phase2 | Checksum: 158476c4b

Time (s): cpu = 00:00:22 ; elapsed = 00:00:09 . Memory (MB): peak = 2744.348 ; gain = 65.566 ; free physical = 4361 ; free virtual = 6359
Phase 2 Global Placement | Checksum: 158476c4b

Time (s): cpu = 00:00:22 ; elapsed = 00:00:09 . Memory (MB): peak = 2744.348 ; gain = 65.566 ; free physical = 4361 ; free virtual = 6359

Phase 3 Detail Placement

Phase 3.1 Commit Multi Column Macros
Phase 3.1 Commit Multi Column Macros | Checksum: 158476c4b

Time (s): cpu = 00:00:22 ; elapsed = 00:00:10 . Memory (MB): peak = 2744.348 ; gain = 65.566 ; free physical = 4361 ; free virtual = 6359

Phase 3.2 Commit Most Macros & LUTRAMs
Phase 3.2 Commit Most Macros & LUTRAMs | Checksum: 229188a2d

Time (s): cpu = 00:00:22 ; elapsed = 00:00:10 . Memory (MB): peak = 2744.348 ; gain = 65.566 ; free physical = 4361 ; free virtual = 6359

Phase 3.3 Area Swap Optimization
Phase 3.3 Area Swap Optimization | Checksum: 1d41cfd20

Time (s): cpu = 00:00:22 ; elapsed = 00:00:10 . Memory (MB): peak = 2744.348 ; gain = 65.566 ; free physical = 4361 ; free virtual = 6359

Phase 3.4 Pipeline Register Optimization
Phase 3.4 Pipeline Register Optimization | Checksum: 1d41cfd20

Time (s): cpu = 00:00:23 ; elapsed = 00:00:10 . Memory (MB): peak = 2744.348 ; gain = 65.566 ; free physical = 4361 ; free virtual = 6359

Phase 3.5 Small Shape Detail Placement
Phase 3.5 Small Shape Detail Placement | Checksum: 16e253df0

Time (s): cpu = 00:00:36 ; elapsed = 00:00:37 . Memory (MB): peak = 2751.375 ; gain = 72.594 ; free physical = 4371 ; free virtual = 6370

Phase 3.6 Re-assign LUT pins
Phase 3.6 Re-assign LUT pins | Checksum: 16e253df0

Time (s): cpu = 00:00:38 ; elapsed = 00:00:39 . Memory (MB): peak = 2751.375 ; gain = 72.594 ; free physical = 4371 ; free virtual = 6370

Phase 3.7 Pipeline Register Optimization
Phase 3.7 Pipeline Register Optimization | Checksum: 16e253df0

Time (s): cpu = 00:00:39 ; elapsed = 00:00:40 . Memory (MB): peak = 2751.375 ; gain = 72.594 ; free physical = 4371 ; free virtual = 6370
Phase 3 Detail Placement | Checksum: 16e253df0

Time (s): cpu = 00:00:39 ; elapsed = 00:00:42 . Memory (MB): peak = 2751.375 ; gain = 72.594 ; free physical = 4371 ; free virtual = 6370

Phase 4 Post Placement Optimization and Clean-Up

Phase 4.1 Post Commit Optimization
Phase 4.1 Post Commit Optimization | Checksum: 16e253df0

Time (s): cpu = 00:00:40 ; elapsed = 00:00:43 . Memory (MB): peak = 2751.375 ; gain = 72.594 ; free physical = 4371 ; free virtual = 6370

Phase 4.2 Post Placement Cleanup
Phase 4.2 Post Placement Cleanup | Checksum: 16e253df0

Time (s): cpu = 00:00:41 ; elapsed = 00:00:44 . Memory (MB): peak = 2751.375 ; gain = 72.594 ; free physical = 4371 ; free virtual = 6369

Phase 4.3 Placer Reporting

Phase 4.3.1 Print Estimated Congestion
INFO: [Place 30-612] Post-Placement Estimated Congestion 
 ____________________________________________________
|           | Global Congestion | Short Congestion  |
| Direction | Region Size       | Region Size       |
|___________|___________________|___________________|
|      North|                1x1|                1x1|
|___________|___________________|___________________|
|      South|                1x1|                1x1|
|___________|___________________|___________________|
|       East|                1x1|                1x1|
|___________|___________________|___________________|
|       West|                1x1|                1x1|
|___________|___________________|___________________|

Phase 4.3.1 Print Estimated Congestion | Checksum: 16e253df0

Time (s): cpu = 00:00:41 ; elapsed = 00:00:45 . Memory (MB): peak = 2751.375 ; gain = 72.594 ; free physical = 4371 ; free virtual = 6369
Phase 4.3 Placer Reporting | Checksum: 16e253df0

Time (s): cpu = 00:00:41 ; elapsed = 00:00:46 . Memory (MB): peak = 2751.375 ; gain = 72.594 ; free physical = 4371 ; free virtual = 6369

Phase 4.4 Final Placement Cleanup
Netlist sorting complete. Time (s): cpu = 00:00:00 ; elapsed = 00:00:00 . Memory (MB): peak = 2751.375 ; gain = 0.000 ; free physical = 4371 ; free virtual = 6369

Time (s): cpu = 00:00:41 ; elapsed = 00:00:46 . Memory (MB): peak = 2751.375 ; gain = 72.594 ; free physical = 4371 ; free virtual = 6369
Phase 4 Post Placement Optimization and Clean-Up | Checksum: 157d7c2e8

Time (s): cpu = 00:00:42 ; elapsed = 00:00:47 . Memory (MB): peak = 2751.375 ; gain = 72.594 ; free physical = 4371 ; free virtual = 6369
Ending Placer Task | Checksum: d81624b6

Time (s): cpu = 00:00:42 ; elapsed = 00:00:48 . Memory (MB): peak = 2751.375 ; gain = 72.594 ; free physical = 4371 ; free virtual = 6369
47 Infos, 2 Warnings, 0 Critical Warnings and 0 Errors encountered.
place_design completed successfully
place_design: Time (s): cpu = 00:00:46 ; elapsed = 00:00:49 . Memory (MB): peak = 2751.375 ; gain = 102.727 ; free physical = 4371 ; free virtual = 6369
INFO: [Vivado 12-24838] Running report commands "report_control_sets, report_io, report_utilization" in parallel.
Running report generation with 3 threads.
INFO: [Vivado 12-24828] Executing command : report_control_sets -verbose -file Top_control_sets_placed.rpt
report_control_sets: Time (s): cpu = 00:00:00.2 ; elapsed = 00:00:00.18 . Memory (MB): peak = 2751.375 ; gain = 0.000 ; free physical = 4368 ; free virtual = 6366
INFO: [Vivado 12-24828] Executing command : report_io -file Top_io_placed.rpt
report_io: Time (s): cpu = 00:00:00.37 ; elapsed = 00:00:00.26 . Memory (MB): peak = 2751.375 ; gain = 0.000 ; free physical = 4372 ; free virtual = 6371
INFO: [Vivado 12-24828] Executing command : report_utilization -file Top_utilization_placed.rpt -pb Top_utilization_placed.pb
INFO: [Timing 38-480] Writing timing data to binary archive.
Write ShapeDB Complete: Time (s): cpu = 00:00:00.32 ; elapsed = 00:00:00.08 . Memory (MB): peak = 2751.375 ; gain = 0.000 ; free physical = 4365 ; free virtual = 6367
Wrote PlaceDB: Time (s): cpu = 00:00:04 ; elapsed = 00:00:02 . Memory (MB): peak = 2751.375 ; gain = 0.000 ; free physical = 4347 ; free virtual = 6375
Wrote PulsedLatchDB: Time (s): cpu = 00:00:00 ; elapsed = 00:00:00 . Memory (MB): peak = 2751.375 ; gain = 0.000 ; free physical = 4347 ; free virtual = 6375
Writing XDEF routing.
Writing XDEF routing logical nets.
Writing XDEF routing special nets.
Wrote RouteStorage: Time (s): cpu = 00:00:00.02 ; elapsed = 00:00:00.02 . Memory (MB): peak = 2751.375 ; gain = 0.000 ; free physical = 4347 ; free virtual = 6374
Wrote Netlist Cache: Time (s): cpu = 00:00:00.04 ; elapsed = 00:00:00.04 . Memory (MB): peak = 2751.375 ; gain = 0.000 ; free physical = 4344 ; free virtual = 6374
Wrote Device Cache: Time (s): cpu = 00:00:00 ; elapsed = 00:00:00 . Memory (MB): peak = 2751.375 ; gain = 0.000 ; free physical = 4344 ; free virtual = 6374
Write Physdb Complete: Time (s): cpu = 00:00:04 ; elapsed = 00:00:02 . Memory (MB): peak = 2751.375 ; gain = 0.000 ; free physical = 4344 ; free virtual = 6374
INFO: [Common 17-1381] The checkpoint '/home/student/Desktop/CSEE4280/GRP2ADD/FinalProject/MemVga/MemVga.runs/impl_1/Top_placed.dcp' has been generated.
Command: phys_opt_design
Attempting to get a license for feature 'Implementation' and/or device 'xc7a100t'
INFO: [Common 17-349] Got license for feature 'Implementation' and/or device 'xc7a100t'

Starting Initial Update Timing Task

Time (s): cpu = 00:00:01 ; elapsed = 00:00:01 . Memory (MB): peak = 2751.375 ; gain = 0.000 ; free physical = 4362 ; free virtual = 6369
INFO: [Vivado_Tcl 4-235] No timing constraint found. The netlist was not modified.
INFO: [Common 17-83] Releasing license: Implementation
56 Infos, 2 Warnings, 0 Critical Warnings and 0 Errors encountered.
phys_opt_design completed successfully
INFO: [Timing 38-480] Writing timing data to binary archive.
Write ShapeDB Complete: Time (s): cpu = 00:00:00.3 ; elapsed = 00:00:00.07 . Memory (MB): peak = 2767.004 ; gain = 12.922 ; free physical = 4353 ; free virtual = 6363
Wrote PlaceDB: Time (s): cpu = 00:00:04 ; elapsed = 00:00:01 . Memory (MB): peak = 2767.004 ; gain = 12.922 ; free physical = 4317 ; free virtual = 6353
Wrote PulsedLatchDB: Time (s): cpu = 00:00:00 ; elapsed = 00:00:00 . Memory (MB): peak = 2767.004 ; gain = 0.000 ; free physical = 4317 ; free virtual = 6353
Writing XDEF routing.
Writing XDEF routing logical nets.
Writing XDEF routing special nets.
Wrote RouteStorage: Time (s): cpu = 00:00:00.03 ; elapsed = 00:00:00.02 . Memory (MB): peak = 2767.004 ; gain = 0.000 ; free physical = 4317 ; free virtual = 6353
Wrote Netlist Cache: Time (s): cpu = 00:00:00.02 ; elapsed = 00:00:00.03 . Memory (MB): peak = 2767.004 ; gain = 0.000 ; free physical = 4315 ; free virtual = 6353
Wrote Device Cache: Time (s): cpu = 00:00:00.01 ; elapsed = 00:00:00.01 . Memory (MB): peak = 2767.004 ; gain = 0.000 ; free physical = 4315 ; free virtual = 6353
Write Physdb Complete: Time (s): cpu = 00:00:04 ; elapsed = 00:00:02 . Memory (MB): peak = 2767.004 ; gain = 12.922 ; free physical = 4315 ; free virtual = 6353
INFO: [Common 17-1381] The checkpoint '/home/student/Desktop/CSEE4280/GRP2ADD/FinalProject/MemVga/MemVga.runs/impl_1/Top_physopt.dcp' has been generated.
Command: route_design
Attempting to get a license for feature 'Implementation' and/or device 'xc7a100t'
INFO: [Common 17-349] Got license for feature 'Implementation' and/or device 'xc7a100t'


Starting Routing Task
INFO: [Route 35-254] Multithreading enabled for route_design using a maximum of 8 CPUs

Phase 1 Build RT Design
Checksum: PlaceDB: 7694065 ConstDB: 0 ShapeSum: 1eda84bb RouteDB: b1d25f96
Post Restoration Checksum: NetGraph: 932fd83c | NumContArr: b6cb8305 | Constraints: c2a8fa9d | Timing: c2a8fa9d
Phase 1 Build RT Design | Checksum: 2cf4d507b

Time (s): cpu = 00:00:33 ; elapsed = 00:00:26 . Memory (MB): peak = 2876.676 ; gain = 109.672 ; free physical = 4223 ; free virtual = 6238

Phase 2 Router Initialization
INFO: [Route 35-64] No timing constraints were detected. The router will operate in resource-optimization mode.

Phase 2.1 Fix Topology Constraints
Phase 2.1 Fix Topology Constraints | Checksum: 2cf4d507b

Time (s): cpu = 00:00:33 ; elapsed = 00:00:27 . Memory (MB): peak = 2908.676 ; gain = 141.672 ; free physical = 4192 ; free virtual = 6207

Phase 2.2 Pre Route Cleanup
Phase 2.2 Pre Route Cleanup | Checksum: 2cf4d507b

Time (s): cpu = 00:00:33 ; elapsed = 00:00:27 . Memory (MB): peak = 2908.676 ; gain = 141.672 ; free physical = 4192 ; free virtual = 6207
 Number of Nodes with overlaps = 0

Router Utilization Summary
  Global Vertical Routing Utilization    = 0 %
  Global Horizontal Routing Utilization  = 0 %
  Routable Net Status*
  *Does not include unroutable nets such as driverless and loadless.
  Run report_route_status for detailed report.
  Number of Failed Nets               = 18076
    (Failed Nets is the sum of unrouted and partially routed nets)
  Number of Unrouted Nets             = 18076
  Number of Partially Routed Nets     = 0
  Number of Node Overlaps             = 0

Phase 2 Router Initialization | Checksum: 2942ccaef

Time (s): cpu = 00:00:35 ; elapsed = 00:00:28 . Memory (MB): peak = 2956.441 ; gain = 189.438 ; free physical = 4142 ; free virtual = 6157

Phase 3 Global Routing
Phase 3 Global Routing | Checksum: 2942ccaef

Time (s): cpu = 00:00:35 ; elapsed = 00:00:28 . Memory (MB): peak = 2956.441 ; gain = 189.438 ; free physical = 4142 ; free virtual = 6157

Phase 4 Initial Routing

Phase 4.1 Initial Net Routing Pass
Phase 4.1 Initial Net Routing Pass | Checksum: 24ad81b17

Time (s): cpu = 00:00:41 ; elapsed = 00:00:30 . Memory (MB): peak = 2961.441 ; gain = 194.438 ; free physical = 4137 ; free virtual = 6152
Phase 4 Initial Routing | Checksum: 24ad81b17

Time (s): cpu = 00:00:41 ; elapsed = 00:00:30 . Memory (MB): peak = 2961.441 ; gain = 194.438 ; free physical = 4137 ; free virtual = 6152

Phase 5 Rip-up And Reroute

Phase 5.1 Global Iteration 0
 Number of Nodes with overlaps = 2851
 Number of Nodes with overlaps = 9
 Number of Nodes with overlaps = 0
Phase 5.1 Global Iteration 0 | Checksum: 3086a10d7

Time (s): cpu = 00:00:51 ; elapsed = 00:00:38 . Memory (MB): peak = 2961.441 ; gain = 194.438 ; free physical = 4137 ; free virtual = 6152
Phase 5 Rip-up And Reroute | Checksum: 3086a10d7

Time (s): cpu = 00:00:51 ; elapsed = 00:00:38 . Memory (MB): peak = 2961.441 ; gain = 194.438 ; free physical = 4137 ; free virtual = 6152

Phase 6 Delay and Skew Optimization
Phase 6 Delay and Skew Optimization | Checksum: 3086a10d7

Time (s): cpu = 00:00:51 ; elapsed = 00:00:38 . Memory (MB): peak = 2961.441 ; gain = 194.438 ; free physical = 4137 ; free virtual = 6152

Phase 7 Post Hold Fix

Phase 7.1 Hold Fix Iter
Phase 7.1 Hold Fix Iter | Checksum: 3086a10d7

Time (s): cpu = 00:00:51 ; elapsed = 00:00:38 . Memory (MB): peak = 2961.441 ; gain = 194.438 ; free physical = 4137 ; free virtual = 6152
Phase 7 Post Hold Fix | Checksum: 3086a10d7

Time (s): cpu = 00:00:52 ; elapsed = 00:00:38 . Memory (MB): peak = 2961.441 ; gain = 194.438 ; free physical = 4137 ; free virtual = 6152

Phase 8 Route finalize

Router Utilization Summary
  Global Vertical Routing Utilization    = 4.1428 %
  Global Horizontal Routing Utilization  = 5.09442 %
  Routable Net Status*
  *Does not include unroutable nets such as driverless and loadless.
  Run report_route_status for detailed report.
  Number of Failed Nets               = 0
    (Failed Nets is the sum of unrouted and partially routed nets)
  Number of Unrouted Nets             = 0
  Number of Partially Routed Nets     = 0
  Number of Node Overlaps             = 0


--GLOBAL Congestion:
Utilization threshold used for congestion level computation: 0.85
Congestion Report
North Dir 1x1 Area, Max Cong = 42.3423%, No Congested Regions.
South Dir 1x1 Area, Max Cong = 38.7387%, No Congested Regions.
East Dir 1x1 Area, Max Cong = 48.5294%, No Congested Regions.
West Dir 1x1 Area, Max Cong = 42.6471%, No Congested Regions.

------------------------------
Reporting congestion hotspots
------------------------------
Direction: North
----------------
Congested clusters found at Level 0
Effective congestion level: 0 Aspect Ratio: 1 Sparse Ratio: 0
Direction: South
----------------
Congested clusters found at Level 0
Effective congestion level: 0 Aspect Ratio: 1 Sparse Ratio: 0
Direction: East
----------------
Congested clusters found at Level 0
Effective congestion level: 0 Aspect Ratio: 1 Sparse Ratio: 0
Direction: West
----------------
Congested clusters found at Level 0
Effective congestion level: 0 Aspect Ratio: 1 Sparse Ratio: 0

Phase 8 Route finalize | Checksum: 3086a10d7

Time (s): cpu = 00:00:52 ; elapsed = 00:00:38 . Memory (MB): peak = 2961.441 ; gain = 194.438 ; free physical = 4137 ; free virtual = 6152

Phase 9 Verifying routed nets

 Verification completed successfully
Phase 9 Verifying routed nets | Checksum: 3086a10d7

Time (s): cpu = 00:00:52 ; elapsed = 00:00:38 . Memory (MB): peak = 2961.441 ; gain = 194.438 ; free physical = 4136 ; free virtual = 6151

Phase 10 Depositing Routes
Phase 10 Depositing Routes | Checksum: 2d94901f7

Time (s): cpu = 00:00:55 ; elapsed = 00:00:40 . Memory (MB): peak = 2961.441 ; gain = 194.438 ; free physical = 4136 ; free virtual = 6151

Phase 11 Post Process Routing
Phase 11 Post Process Routing | Checksum: 2d94901f7

Time (s): cpu = 00:00:55 ; elapsed = 00:00:40 . Memory (MB): peak = 2961.441 ; gain = 194.438 ; free physical = 4136 ; free virtual = 6151
Total Elapsed time in route_design: 40.15 secs

Phase 12 Post-Route Event Processing
Phase 12 Post-Route Event Processing | Checksum: 10d13539c

Time (s): cpu = 00:00:56 ; elapsed = 00:00:41 . Memory (MB): peak = 2961.441 ; gain = 194.438 ; free physical = 4136 ; free virtual = 6151
INFO: [Route 35-16] Router Completed Successfully
Ending Routing Task | Checksum: 10d13539c

Time (s): cpu = 00:00:57 ; elapsed = 00:00:44 . Memory (MB): peak = 2961.441 ; gain = 194.438 ; free physical = 4136 ; free virtual = 6151

Routing Is Done.
INFO: [Common 17-83] Releasing license: Implementation
63 Infos, 2 Warnings, 0 Critical Warnings and 0 Errors encountered.
route_design completed successfully
route_design: Time (s): cpu = 00:00:57 ; elapsed = 00:00:44 . Memory (MB): peak = 2961.441 ; gain = 194.438 ; free physical = 4136 ; free virtual = 6151
INFO: [Vivado 12-24828] Executing command : report_drc -file Top_drc_routed.rpt -pb Top_drc_routed.pb -rpx Top_drc_routed.rpx
Command: report_drc -file Top_drc_routed.rpt -pb Top_drc_routed.pb -rpx Top_drc_routed.rpx
INFO: [IP_Flow 19-1839] IP Catalog is up to date.
INFO: [DRC 23-27] Running DRC with 8 threads
INFO: [Vivado_Tcl 2-168] The results of DRC are in file /home/student/Desktop/CSEE4280/GRP2ADD/FinalProject/MemVga/MemVga.runs/impl_1/Top_drc_routed.rpt.
report_drc completed successfully
INFO: [Vivado 12-24828] Executing command : report_methodology -file Top_methodology_drc_routed.rpt -pb Top_methodology_drc_routed.pb -rpx Top_methodology_drc_routed.rpx
Command: report_methodology -file Top_methodology_drc_routed.rpt -pb Top_methodology_drc_routed.pb -rpx Top_methodology_drc_routed.rpx
INFO: [Timing 38-35] Done setting XDC timing constraints.
INFO: [DRC 23-133] Running Methodology with 8 threads
INFO: [Vivado_Tcl 2-1520] The results of Report Methodology are in file /home/student/Desktop/CSEE4280/GRP2ADD/FinalProject/MemVga/MemVga.runs/impl_1/Top_methodology_drc_routed.rpt.
report_methodology completed successfully
INFO: [Vivado 12-24828] Executing command : report_timing_summary -max_paths 10 -report_unconstrained -file Top_timing_summary_routed.rpt -pb Top_timing_summary_routed.pb -rpx Top_timing_summary_routed.rpx -warn_on_violation 
INFO: [Timing 38-35] Done setting XDC timing constraints.
INFO: [Timing 38-91] UpdateTimingParams: Speed grade: -1, Delay Type: min_max.
INFO: [Timing 38-191] Multithreading enabled for timing update using a maximum of 8 CPUs
WARNING: [Timing 38-313] There are no user specified timing constraints. Timing constraints are needed for proper timing analysis.
INFO: [Vivado 12-24838] Running report commands "report_bus_skew, report_incremental_reuse, report_route_status" in parallel.
Running report generation with 3 threads.
INFO: [Vivado 12-24828] Executing command : report_incremental_reuse -file Top_incremental_reuse_routed.rpt
INFO: [Vivado_Tcl 4-1062] Incremental flow is disabled. No incremental reuse Info to report.
INFO: [Vivado 12-24828] Executing command : report_bus_skew -warn_on_violation -file Top_bus_skew_routed.rpt -pb Top_bus_skew_routed.pb -rpx Top_bus_skew_routed.rpx
INFO: [Timing 38-91] UpdateTimingParams: Speed grade: -1, Delay Type: min_max.
INFO: [Timing 38-191] Multithreading enabled for timing update using a maximum of 8 CPUs
INFO: [Vivado 12-24828] Executing command : report_route_status -file Top_route_status.rpt -pb Top_route_status.pb
INFO: [Vivado 12-24828] Executing command : report_power -file Top_power_routed.rpt -pb Top_power_summary_routed.pb -rpx Top_power_routed.rpx
Command: report_power -file Top_power_routed.rpt -pb Top_power_summary_routed.pb -rpx Top_power_routed.rpx
WARNING: [Power 33-232] No user defined clocks were found in the design! Power estimation will be inaccurate until this is corrected.
Resolution: Please specify clocks using create_clock/create_generated_clock for sequential elements. For pure combinatorial circuits, please specify a virtual clock, otherwise the vectorless estimation might be inaccurate
Running Vector-less Activity Propagation...

Finished Running Vector-less Activity Propagation
83 Infos, 4 Warnings, 0 Critical Warnings and 0 Errors encountered.
report_power completed successfully
report_power: Time (s): cpu = 00:00:14 ; elapsed = 00:00:06 . Memory (MB): peak = 3136.820 ; gain = 96.066 ; free physical = 4002 ; free virtual = 6030
INFO: [Vivado 12-24828] Executing command : report_clock_utilization -file Top_clock_utilization_routed.rpt
generate_parallel_reports: Time (s): cpu = 00:00:44 ; elapsed = 00:00:17 . Memory (MB): peak = 3136.820 ; gain = 175.379 ; free physical = 3998 ; free virtual = 6025
INFO: [Timing 38-480] Writing timing data to binary archive.
Write ShapeDB Complete: Time (s): cpu = 00:00:00.06 ; elapsed = 00:00:00.03 . Memory (MB): peak = 3136.820 ; gain = 0.000 ; free physical = 3991 ; free virtual = 6023
Wrote PlaceDB: Time (s): cpu = 00:00:04 ; elapsed = 00:00:02 . Memory (MB): peak = 3136.820 ; gain = 0.000 ; free physical = 3967 ; free virtual = 6024
Wrote PulsedLatchDB: Time (s): cpu = 00:00:00 ; elapsed = 00:00:00 . Memory (MB): peak = 3136.820 ; gain = 0.000 ; free physical = 3967 ; free virtual = 6024
Writing XDEF routing.
Writing XDEF routing logical nets.
Writing XDEF routing special nets.
Wrote RouteStorage: Time (s): cpu = 00:00:00.39 ; elapsed = 00:00:00.41 . Memory (MB): peak = 3136.820 ; gain = 0.000 ; free physical = 3964 ; free virtual = 6024
Wrote Netlist Cache: Time (s): cpu = 00:00:00.04 ; elapsed = 00:00:00.03 . Memory (MB): peak = 3136.820 ; gain = 0.000 ; free physical = 3961 ; free virtual = 6024
Wrote Device Cache: Time (s): cpu = 00:00:00 ; elapsed = 00:00:00 . Memory (MB): peak = 3136.820 ; gain = 0.000 ; free physical = 3961 ; free virtual = 6024
Write Physdb Complete: Time (s): cpu = 00:00:05 ; elapsed = 00:00:02 . Memory (MB): peak = 3136.820 ; gain = 0.000 ; free physical = 3961 ; free virtual = 6024
INFO: [Common 17-1381] The checkpoint '/home/student/Desktop/CSEE4280/GRP2ADD/FinalProject/MemVga/MemVga.runs/impl_1/Top_routed.dcp' has been generated.
Command: write_bitstream -force Top.bit
Attempting to get a license for feature 'Implementation' and/or device 'xc7a100t'
INFO: [Common 17-349] Got license for feature 'Implementation' and/or device 'xc7a100t'
Running DRC as a precondition to command write_bitstream
INFO: [IP_Flow 19-1839] IP Catalog is up to date.
INFO: [DRC 23-27] Running DRC with 8 threads
INFO: [Vivado 12-3199] DRC finished with 0 Errors
INFO: [Vivado 12-3200] Please refer to the DRC report (report_drc) for more information.
INFO: [Designutils 20-2272] Running write_bitstream with 8 threads.
Loading data files...
Loading site data...
Loading route data...
Processing options...
Creating bitmap...
Creating bitstream...
Writing bitstream ./Top.bit...
INFO: [Vivado 12-1842] Bitgen Completed Successfully.
INFO: [Project 1-1876] WebTalk data collection is mandatory when using a ULT device. To see the specific WebTalk data collected for your design, open the usage_statistics_webtalk.html or usage_statistics_webtalk.xml file in the implementation directory.
INFO: [Common 17-83] Releasing license: Implementation
95 Infos, 4 Warnings, 0 Critical Warnings and 0 Errors encountered.
write_bitstream completed successfully
write_bitstream: Time (s): cpu = 00:00:36 ; elapsed = 00:00:16 . Memory (MB): peak = 3465.621 ; gain = 328.801 ; free physical = 3616 ; free virtual = 5657
INFO: [Common 17-206] Exiting Vivado at Wed Apr 23 13:45:21 2025...
