Copyright 1986-2022 Xilinx, Inc. All Rights Reserved. Copyright 2022-2024 Advanced Micro Devices, Inc. All Rights Reserved.
------------------------------------------------------------------------------------------------------------------------------------------------------------------------------------------------------
| Tool Version : Vivado v.2024.2 (win64) Build 5239630 Fri Nov 08 22:35:27 MST 2024
| Date         : Thu Apr 24 21:16:49 2025
| Host         : LAPTOP-RH96MGM6 running 64-bit major release  (build 9200)
| Command      : report_timing_summary -max_paths 10 -report_unconstrained -file Top_timing_summary_routed.rpt -pb Top_timing_summary_routed.pb -rpx Top_timing_summary_routed.rpx -warn_on_violation
| Design       : Top
| Device       : 7a100t-csg324
| Speed File   : -1  PRODUCTION 1.23 2018-06-13
| Design State : Routed
------------------------------------------------------------------------------------------------------------------------------------------------------------------------------------------------------

Timing Summary Report

------------------------------------------------------------------------------------------------
| Timer Settings
| --------------
------------------------------------------------------------------------------------------------

  Enable Multi Corner Analysis               :  Yes
  Enable Pessimism Removal                   :  Yes
  Pessimism Removal Resolution               :  Nearest Common Node
  Enable Input Delay Default Clock           :  No
  Enable Preset / Clear Arcs                 :  No
  Disable Flight Delays                      :  No
  Ignore I/O Paths                           :  No
  Timing Early Launch at Borrowing Latches   :  No
  Borrow Time for Max Delay Exceptions       :  Yes
  Merge Timing Exceptions                    :  Yes
  Inter-SLR Compensation                     :  Conservative

  Corner  Analyze    Analyze    
  Name    Max Paths  Min Paths  
  ------  ---------  ---------  
  Slow    Yes        Yes        
  Fast    Yes        Yes        


------------------------------------------------------------------------------------------------
| Report Methodology
| ------------------
------------------------------------------------------------------------------------------------

Rule       Severity          Description                  Violations  
---------  ----------------  ---------------------------  ----------  
TIMING-17  Critical Warning  Non-clocked sequential cell  1000        

Note: This report is based on the most recent report_methodology run and may not be up-to-date. Run report_methodology on the current design for the latest report.



check_timing report

Table of Contents
-----------------
1. checking no_clock (9864)
2. checking constant_clock (0)
3. checking pulse_width_clock (0)
4. checking unconstrained_internal_endpoints (10155)
5. checking no_input_delay (8)
6. checking no_output_delay (17)
7. checking multiple_clock (0)
8. checking generated_clocks (0)
9. checking loops (0)
10. checking partial_input_delay (0)
11. checking partial_output_delay (0)
12. checking latch_loops (0)

1. checking no_clock (9864)
---------------------------
 There are 9762 register/latch pins with no clock driven by root clock pin: CLK100MHZ (HIGH)

 There are 102 register/latch pins with no clock driven by root clock pin: CD/Clk_25_MHZ_reg_reg/Q (HIGH)


2. checking constant_clock (0)
------------------------------
 There are 0 register/latch pins with constant_clock.


3. checking pulse_width_clock (0)
---------------------------------
 There are 0 register/latch pins which need pulse_width check


4. checking unconstrained_internal_endpoints (10155)
----------------------------------------------------
 There are 10155 pins that are not constrained for maximum delay. (HIGH)

 There are 0 pins that are not constrained for maximum delay due to constant clock.


5. checking no_input_delay (8)
------------------------------
 There are 8 input ports with no input delay specified. (HIGH)

 There are 0 input ports with no input delay but user has a false path constraint.


6. checking no_output_delay (17)
--------------------------------
 There are 17 ports with no output delay specified. (HIGH)

 There are 0 ports with no output delay but user has a false path constraint

 There are 0 ports with no output delay but with a timing clock defined on it or propagating through it


7. checking multiple_clock (0)
------------------------------
 There are 0 register/latch pins with multiple clocks.


8. checking generated_clocks (0)
--------------------------------
 There are 0 generated clocks that are not connected to a clock source.


9. checking loops (0)
---------------------
 There are 0 combinational loops in the design.


10. checking partial_input_delay (0)
------------------------------------
 There are 0 input ports with partial input delay specified.


11. checking partial_output_delay (0)
-------------------------------------
 There are 0 ports with partial output delay specified.


12. checking latch_loops (0)
----------------------------
 There are 0 combinational latch loops in the design through latch input



------------------------------------------------------------------------------------------------
| Design Timing Summary
| ---------------------
------------------------------------------------------------------------------------------------

    WNS(ns)      TNS(ns)  TNS Failing Endpoints  TNS Total Endpoints      WHS(ns)      THS(ns)  THS Failing Endpoints  THS Total Endpoints     WPWS(ns)     TPWS(ns)  TPWS Failing Endpoints  TPWS Total Endpoints  
    -------      -------  ---------------------  -------------------      -------      -------  ---------------------  -------------------     --------     --------  ----------------------  --------------------  
        inf        0.000                      0                10172          inf        0.000                      0                10172           NA           NA                      NA                    NA  


There are no user specified timing constraints.


------------------------------------------------------------------------------------------------
| Clock Summary
| -------------
------------------------------------------------------------------------------------------------


------------------------------------------------------------------------------------------------
| Intra Clock Table
| -----------------
------------------------------------------------------------------------------------------------

Clock             WNS(ns)      TNS(ns)  TNS Failing Endpoints  TNS Total Endpoints      WHS(ns)      THS(ns)  THS Failing Endpoints  THS Total Endpoints     WPWS(ns)     TPWS(ns)  TPWS Failing Endpoints  TPWS Total Endpoints  
-----             -------      -------  ---------------------  -------------------      -------      -------  ---------------------  -------------------     --------     --------  ----------------------  --------------------  


------------------------------------------------------------------------------------------------
| Inter Clock Table
| -----------------
------------------------------------------------------------------------------------------------

From Clock    To Clock          WNS(ns)      TNS(ns)  TNS Failing Endpoints  TNS Total Endpoints      WHS(ns)      THS(ns)  THS Failing Endpoints  THS Total Endpoints  
----------    --------          -------      -------  ---------------------  -------------------      -------      -------  ---------------------  -------------------  


------------------------------------------------------------------------------------------------
| Other Path Groups Table
| -----------------------
------------------------------------------------------------------------------------------------

Path Group    From Clock    To Clock          WNS(ns)      TNS(ns)  TNS Failing Endpoints  TNS Total Endpoints      WHS(ns)      THS(ns)  THS Failing Endpoints  THS Total Endpoints  
----------    ----------    --------          -------      -------  ---------------------  -------------------      -------      -------  ---------------------  -------------------  


------------------------------------------------------------------------------------------------
| User Ignored Path Table
| -----------------------
------------------------------------------------------------------------------------------------

Path Group    From Clock    To Clock    
----------    ----------    --------    


------------------------------------------------------------------------------------------------
| Unconstrained Path Table
| ------------------------
------------------------------------------------------------------------------------------------

Path Group    From Clock    To Clock    
----------    ----------    --------    
(none)                                    


------------------------------------------------------------------------------------------------
| Timing Details
| --------------
------------------------------------------------------------------------------------------------


--------------------------------------------------------------------------------------
Path Group:  (none)
From Clock:  
  To Clock:  

Max Delay         10172 Endpoints
Min Delay         10172 Endpoints
--------------------------------------------------------------------------------------


Max Delay Paths
--------------------------------------------------------------------------------------
Slack:                    inf
  Source:                 cas/ui/currentkey_reg[1]/C
                            (rising edge-triggered cell FDRE)
  Destination:            mem/dp1/m_data_reg[50][24][0]/D
  Path Group:             (none)
  Path Type:              Max at Slow Process Corner
  Data Path Delay:        30.429ns  (logic 1.014ns (3.332%)  route 29.415ns (96.668%))
  Logic Levels:           5  (FDRE=1 LUT3=1 LUT4=1 LUT5=1 LUT6=1)

    Location             Delay type                Incr(ns)  Path(ns)    Netlist Resource(s)
  -------------------------------------------------------------------    -------------------
    SLICE_X10Y117        FDRE                         0.000     0.000 r  cas/ui/currentkey_reg[1]/C
    SLICE_X10Y117        FDRE (Prop_fdre_C_Q)         0.518     0.518 r  cas/ui/currentkey_reg[1]/Q
                         net (fo=44, routed)          2.226     2.744    cas/ui/Q[1]
    SLICE_X37Y133        LUT4 (Prop_lut4_I2_O)        0.124     2.868 f  cas/ui/m_data[59][79][0]_i_8/O
                         net (fo=126, routed)         1.746     4.615    cas/ui/m_data[59][79][0]_i_8_n_0
    SLICE_X35Y137        LUT6 (Prop_lut6_I5_O)        0.124     4.739 f  cas/ui/m_data[53][79][0]_i_2__0/O
                         net (fo=943, routed)        20.261    25.000    cas/ui/row_reg[0]_0
    SLICE_X17Y183        LUT3 (Prop_lut3_I1_O)        0.124    25.124 r  cas/ui/m_data[50][79][0]_i_2/O
                         net (fo=43, routed)          5.181    30.305    cas/ui/m_data[50][79][0]_i_2_n_0
    SLICE_X61Y189        LUT5 (Prop_lut5_I1_O)        0.124    30.429 r  cas/ui/m_data[50][24][0]_i_1/O
                         net (fo=1, routed)           0.000    30.429    mem/dp1/m_data_reg[50][24][0]_1
    SLICE_X61Y189        FDRE                                         r  mem/dp1/m_data_reg[50][24][0]/D
  -------------------------------------------------------------------    -------------------

Slack:                    inf
  Source:                 cas/ui/currentkey_reg[1]/C
                            (rising edge-triggered cell FDRE)
  Destination:            mem/dp1/m_data_reg[50][28][0]/D
  Path Group:             (none)
  Path Type:              Max at Slow Process Corner
  Data Path Delay:        29.925ns  (logic 1.014ns (3.388%)  route 28.911ns (96.612%))
  Logic Levels:           5  (FDRE=1 LUT3=1 LUT4=1 LUT5=1 LUT6=1)

    Location             Delay type                Incr(ns)  Path(ns)    Netlist Resource(s)
  -------------------------------------------------------------------    -------------------
    SLICE_X10Y117        FDRE                         0.000     0.000 r  cas/ui/currentkey_reg[1]/C
    SLICE_X10Y117        FDRE (Prop_fdre_C_Q)         0.518     0.518 r  cas/ui/currentkey_reg[1]/Q
                         net (fo=44, routed)          2.226     2.744    cas/ui/Q[1]
    SLICE_X37Y133        LUT4 (Prop_lut4_I2_O)        0.124     2.868 f  cas/ui/m_data[59][79][0]_i_8/O
                         net (fo=126, routed)         1.746     4.615    cas/ui/m_data[59][79][0]_i_8_n_0
    SLICE_X35Y137        LUT6 (Prop_lut6_I5_O)        0.124     4.739 f  cas/ui/m_data[53][79][0]_i_2__0/O
                         net (fo=943, routed)        20.261    25.000    cas/ui/row_reg[0]_0
    SLICE_X17Y183        LUT3 (Prop_lut3_I1_O)        0.124    25.124 r  cas/ui/m_data[50][79][0]_i_2/O
                         net (fo=43, routed)          4.677    29.801    cas/ui/m_data[50][79][0]_i_2_n_0
    SLICE_X59Y178        LUT5 (Prop_lut5_I1_O)        0.124    29.925 r  cas/ui/m_data[50][28][0]_i_1/O
                         net (fo=1, routed)           0.000    29.925    mem/dp1/m_data_reg[50][28][0]_1
    SLICE_X59Y178        FDRE                                         r  mem/dp1/m_data_reg[50][28][0]/D
  -------------------------------------------------------------------    -------------------

Slack:                    inf
  Source:                 cas/ui/currentkey_reg[1]/C
                            (rising edge-triggered cell FDRE)
  Destination:            mem/dp1/m_data_reg[50][22][0]/D
  Path Group:             (none)
  Path Type:              Max at Slow Process Corner
  Data Path Delay:        29.870ns  (logic 1.014ns (3.395%)  route 28.856ns (96.605%))
  Logic Levels:           5  (FDRE=1 LUT3=1 LUT4=1 LUT5=1 LUT6=1)

    Location             Delay type                Incr(ns)  Path(ns)    Netlist Resource(s)
  -------------------------------------------------------------------    -------------------
    SLICE_X10Y117        FDRE                         0.000     0.000 r  cas/ui/currentkey_reg[1]/C
    SLICE_X10Y117        FDRE (Prop_fdre_C_Q)         0.518     0.518 r  cas/ui/currentkey_reg[1]/Q
                         net (fo=44, routed)          2.226     2.744    cas/ui/Q[1]
    SLICE_X37Y133        LUT4 (Prop_lut4_I2_O)        0.124     2.868 f  cas/ui/m_data[59][79][0]_i_8/O
                         net (fo=126, routed)         1.746     4.615    cas/ui/m_data[59][79][0]_i_8_n_0
    SLICE_X35Y137        LUT6 (Prop_lut6_I5_O)        0.124     4.739 f  cas/ui/m_data[53][79][0]_i_2__0/O
                         net (fo=943, routed)        20.261    25.000    cas/ui/row_reg[0]_0
    SLICE_X17Y183        LUT3 (Prop_lut3_I1_O)        0.124    25.124 r  cas/ui/m_data[50][79][0]_i_2/O
                         net (fo=43, routed)          4.622    29.746    cas/ui/m_data[50][79][0]_i_2_n_0
    SLICE_X62Y184        LUT5 (Prop_lut5_I1_O)        0.124    29.870 r  cas/ui/m_data[50][22][0]_i_1/O
                         net (fo=1, routed)           0.000    29.870    mem/dp1/m_data_reg[50][22][0]_1
    SLICE_X62Y184        FDRE                                         r  mem/dp1/m_data_reg[50][22][0]/D
  -------------------------------------------------------------------    -------------------

Slack:                    inf
  Source:                 cas/ui/currentkey_reg[1]/C
                            (rising edge-triggered cell FDRE)
  Destination:            mem/dp1/m_data_reg[50][36][0]/D
  Path Group:             (none)
  Path Type:              Max at Slow Process Corner
  Data Path Delay:        29.781ns  (logic 1.014ns (3.405%)  route 28.767ns (96.595%))
  Logic Levels:           5  (FDRE=1 LUT3=1 LUT4=1 LUT5=1 LUT6=1)

    Location             Delay type                Incr(ns)  Path(ns)    Netlist Resource(s)
  -------------------------------------------------------------------    -------------------
    SLICE_X10Y117        FDRE                         0.000     0.000 r  cas/ui/currentkey_reg[1]/C
    SLICE_X10Y117        FDRE (Prop_fdre_C_Q)         0.518     0.518 r  cas/ui/currentkey_reg[1]/Q
                         net (fo=44, routed)          2.226     2.744    cas/ui/Q[1]
    SLICE_X37Y133        LUT4 (Prop_lut4_I2_O)        0.124     2.868 f  cas/ui/m_data[59][79][0]_i_8/O
                         net (fo=126, routed)         1.746     4.615    cas/ui/m_data[59][79][0]_i_8_n_0
    SLICE_X35Y137        LUT6 (Prop_lut6_I5_O)        0.124     4.739 f  cas/ui/m_data[53][79][0]_i_2__0/O
                         net (fo=943, routed)        20.261    25.000    cas/ui/row_reg[0]_0
    SLICE_X17Y183        LUT3 (Prop_lut3_I1_O)        0.124    25.124 r  cas/ui/m_data[50][79][0]_i_2/O
                         net (fo=43, routed)          4.533    29.657    cas/ui/m_data[50][79][0]_i_2_n_0
    SLICE_X26Y196        LUT5 (Prop_lut5_I1_O)        0.124    29.781 r  cas/ui/m_data[50][36][0]_i_1/O
                         net (fo=1, routed)           0.000    29.781    mem/dp1/m_data_reg[50][36][0]_1
    SLICE_X26Y196        FDRE                                         r  mem/dp1/m_data_reg[50][36][0]/D
  -------------------------------------------------------------------    -------------------

Slack:                    inf
  Source:                 cas/ui/currentkey_reg[1]/C
                            (rising edge-triggered cell FDRE)
  Destination:            mem/dp1/m_data_reg[50][19][0]/D
  Path Group:             (none)
  Path Type:              Max at Slow Process Corner
  Data Path Delay:        29.662ns  (logic 1.014ns (3.418%)  route 28.648ns (96.582%))
  Logic Levels:           5  (FDRE=1 LUT3=1 LUT4=1 LUT5=1 LUT6=1)

    Location             Delay type                Incr(ns)  Path(ns)    Netlist Resource(s)
  -------------------------------------------------------------------    -------------------
    SLICE_X10Y117        FDRE                         0.000     0.000 r  cas/ui/currentkey_reg[1]/C
    SLICE_X10Y117        FDRE (Prop_fdre_C_Q)         0.518     0.518 r  cas/ui/currentkey_reg[1]/Q
                         net (fo=44, routed)          2.226     2.744    cas/ui/Q[1]
    SLICE_X37Y133        LUT4 (Prop_lut4_I2_O)        0.124     2.868 f  cas/ui/m_data[59][79][0]_i_8/O
                         net (fo=126, routed)         1.746     4.615    cas/ui/m_data[59][79][0]_i_8_n_0
    SLICE_X35Y137        LUT6 (Prop_lut6_I5_O)        0.124     4.739 f  cas/ui/m_data[53][79][0]_i_2__0/O
                         net (fo=943, routed)        20.261    25.000    cas/ui/row_reg[0]_0
    SLICE_X17Y183        LUT3 (Prop_lut3_I1_O)        0.124    25.124 r  cas/ui/m_data[50][79][0]_i_2/O
                         net (fo=43, routed)          4.414    29.538    cas/ui/m_data[50][79][0]_i_2_n_0
    SLICE_X58Y181        LUT5 (Prop_lut5_I1_O)        0.124    29.662 r  cas/ui/m_data[50][19][0]_i_1/O
                         net (fo=1, routed)           0.000    29.662    mem/dp1/m_data_reg[50][19][0]_1
    SLICE_X58Y181        FDRE                                         r  mem/dp1/m_data_reg[50][19][0]/D
  -------------------------------------------------------------------    -------------------

Slack:                    inf
  Source:                 cas/ui/currentkey_reg[1]/C
                            (rising edge-triggered cell FDRE)
  Destination:            mem/dp1/m_data_reg[50][0][0]/D
  Path Group:             (none)
  Path Type:              Max at Slow Process Corner
  Data Path Delay:        29.644ns  (logic 1.014ns (3.421%)  route 28.630ns (96.579%))
  Logic Levels:           5  (FDRE=1 LUT3=1 LUT4=1 LUT5=1 LUT6=1)

    Location             Delay type                Incr(ns)  Path(ns)    Netlist Resource(s)
  -------------------------------------------------------------------    -------------------
    SLICE_X10Y117        FDRE                         0.000     0.000 r  cas/ui/currentkey_reg[1]/C
    SLICE_X10Y117        FDRE (Prop_fdre_C_Q)         0.518     0.518 r  cas/ui/currentkey_reg[1]/Q
                         net (fo=44, routed)          2.226     2.744    cas/ui/Q[1]
    SLICE_X37Y133        LUT4 (Prop_lut4_I2_O)        0.124     2.868 f  cas/ui/m_data[59][79][0]_i_8/O
                         net (fo=126, routed)         1.746     4.615    cas/ui/m_data[59][79][0]_i_8_n_0
    SLICE_X35Y137        LUT6 (Prop_lut6_I5_O)        0.124     4.739 f  cas/ui/m_data[53][79][0]_i_2__0/O
                         net (fo=943, routed)        20.261    25.000    cas/ui/row_reg[0]_0
    SLICE_X17Y183        LUT3 (Prop_lut3_I1_O)        0.124    25.124 r  cas/ui/m_data[50][79][0]_i_2/O
                         net (fo=43, routed)          4.396    29.520    cas/ui/m_data[50][79][0]_i_2_n_0
    SLICE_X28Y187        LUT5 (Prop_lut5_I1_O)        0.124    29.644 r  cas/ui/m_data[50][0][0]_i_1/O
                         net (fo=1, routed)           0.000    29.644    mem/dp1/m_data_reg[50][0][0]_1
    SLICE_X28Y187        FDRE                                         r  mem/dp1/m_data_reg[50][0][0]/D
  -------------------------------------------------------------------    -------------------

Slack:                    inf
  Source:                 cas/ui/currentkey_reg[1]/C
                            (rising edge-triggered cell FDRE)
  Destination:            mem/dp1/m_data_reg[50][72][0]/D
  Path Group:             (none)
  Path Type:              Max at Slow Process Corner
  Data Path Delay:        29.555ns  (logic 1.014ns (3.431%)  route 28.541ns (96.569%))
  Logic Levels:           5  (FDRE=1 LUT3=1 LUT4=1 LUT5=1 LUT6=1)

    Location             Delay type                Incr(ns)  Path(ns)    Netlist Resource(s)
  -------------------------------------------------------------------    -------------------
    SLICE_X10Y117        FDRE                         0.000     0.000 r  cas/ui/currentkey_reg[1]/C
    SLICE_X10Y117        FDRE (Prop_fdre_C_Q)         0.518     0.518 r  cas/ui/currentkey_reg[1]/Q
                         net (fo=44, routed)          2.226     2.744    cas/ui/Q[1]
    SLICE_X37Y133        LUT4 (Prop_lut4_I2_O)        0.124     2.868 f  cas/ui/m_data[59][79][0]_i_8/O
                         net (fo=126, routed)         1.746     4.615    cas/ui/m_data[59][79][0]_i_8_n_0
    SLICE_X35Y137        LUT6 (Prop_lut6_I5_O)        0.124     4.739 f  cas/ui/m_data[53][79][0]_i_2__0/O
                         net (fo=943, routed)        20.261    25.000    cas/ui/row_reg[0]_0
    SLICE_X17Y183        LUT3 (Prop_lut3_I1_O)        0.124    25.124 r  cas/ui/m_data[50][79][0]_i_2/O
                         net (fo=43, routed)          4.307    29.431    cas/ui/m_data[50][79][0]_i_2_n_0
    SLICE_X59Y185        LUT5 (Prop_lut5_I1_O)        0.124    29.555 r  cas/ui/m_data[50][72][0]_i_1/O
                         net (fo=1, routed)           0.000    29.555    mem/dp1/m_data_reg[50][72][0]_1
    SLICE_X59Y185        FDRE                                         r  mem/dp1/m_data_reg[50][72][0]/D
  -------------------------------------------------------------------    -------------------

Slack:                    inf
  Source:                 cas/ui/currentkey_reg[1]/C
                            (rising edge-triggered cell FDRE)
  Destination:            mem/dp1/m_data_reg[50][79][0]/D
  Path Group:             (none)
  Path Type:              Max at Slow Process Corner
  Data Path Delay:        29.499ns  (logic 1.014ns (3.437%)  route 28.485ns (96.563%))
  Logic Levels:           5  (FDRE=1 LUT3=1 LUT4=1 LUT5=1 LUT6=1)

    Location             Delay type                Incr(ns)  Path(ns)    Netlist Resource(s)
  -------------------------------------------------------------------    -------------------
    SLICE_X10Y117        FDRE                         0.000     0.000 r  cas/ui/currentkey_reg[1]/C
    SLICE_X10Y117        FDRE (Prop_fdre_C_Q)         0.518     0.518 r  cas/ui/currentkey_reg[1]/Q
                         net (fo=44, routed)          2.226     2.744    cas/ui/Q[1]
    SLICE_X37Y133        LUT4 (Prop_lut4_I2_O)        0.124     2.868 f  cas/ui/m_data[59][79][0]_i_8/O
                         net (fo=126, routed)         1.746     4.615    cas/ui/m_data[59][79][0]_i_8_n_0
    SLICE_X35Y137        LUT6 (Prop_lut6_I5_O)        0.124     4.739 f  cas/ui/m_data[53][79][0]_i_2__0/O
                         net (fo=943, routed)        20.261    25.000    cas/ui/row_reg[0]_0
    SLICE_X17Y183        LUT3 (Prop_lut3_I1_O)        0.124    25.124 r  cas/ui/m_data[50][79][0]_i_2/O
                         net (fo=43, routed)          4.251    29.375    cas/ui/m_data[50][79][0]_i_2_n_0
    SLICE_X21Y196        LUT5 (Prop_lut5_I3_O)        0.124    29.499 r  cas/ui/m_data[50][79][0]_i_1/O
                         net (fo=1, routed)           0.000    29.499    mem/dp1/m_data_reg[50][79][0]_1
    SLICE_X21Y196        FDRE                                         r  mem/dp1/m_data_reg[50][79][0]/D
  -------------------------------------------------------------------    -------------------

Slack:                    inf
  Source:                 cas/ui/currentkey_reg[1]/C
                            (rising edge-triggered cell FDRE)
  Destination:            mem/dp1/m_data_reg[50][14][0]/D
  Path Group:             (none)
  Path Type:              Max at Slow Process Corner
  Data Path Delay:        29.404ns  (logic 1.014ns (3.448%)  route 28.390ns (96.552%))
  Logic Levels:           5  (FDRE=1 LUT3=1 LUT4=1 LUT5=1 LUT6=1)

    Location             Delay type                Incr(ns)  Path(ns)    Netlist Resource(s)
  -------------------------------------------------------------------    -------------------
    SLICE_X10Y117        FDRE                         0.000     0.000 r  cas/ui/currentkey_reg[1]/C
    SLICE_X10Y117        FDRE (Prop_fdre_C_Q)         0.518     0.518 r  cas/ui/currentkey_reg[1]/Q
                         net (fo=44, routed)          2.226     2.744    cas/ui/Q[1]
    SLICE_X37Y133        LUT4 (Prop_lut4_I2_O)        0.124     2.868 f  cas/ui/m_data[59][79][0]_i_8/O
                         net (fo=126, routed)         1.746     4.615    cas/ui/m_data[59][79][0]_i_8_n_0
    SLICE_X35Y137        LUT6 (Prop_lut6_I5_O)        0.124     4.739 f  cas/ui/m_data[53][79][0]_i_2__0/O
                         net (fo=943, routed)        20.261    25.000    cas/ui/row_reg[0]_0
    SLICE_X17Y183        LUT3 (Prop_lut3_I1_O)        0.124    25.124 r  cas/ui/m_data[50][79][0]_i_2/O
                         net (fo=43, routed)          4.156    29.280    cas/ui/m_data[50][79][0]_i_2_n_0
    SLICE_X52Y185        LUT5 (Prop_lut5_I1_O)        0.124    29.404 r  cas/ui/m_data[50][14][0]_i_1/O
                         net (fo=1, routed)           0.000    29.404    mem/dp1/m_data_reg[50][14][0]_1
    SLICE_X52Y185        FDRE                                         r  mem/dp1/m_data_reg[50][14][0]/D
  -------------------------------------------------------------------    -------------------

Slack:                    inf
  Source:                 cas/ui/currentkey_reg[1]/C
                            (rising edge-triggered cell FDRE)
  Destination:            mem/dp1/m_data_reg[50][67][0]/D
  Path Group:             (none)
  Path Type:              Max at Slow Process Corner
  Data Path Delay:        29.386ns  (logic 1.014ns (3.451%)  route 28.372ns (96.549%))
  Logic Levels:           5  (FDRE=1 LUT3=1 LUT4=1 LUT5=1 LUT6=1)

    Location             Delay type                Incr(ns)  Path(ns)    Netlist Resource(s)
  -------------------------------------------------------------------    -------------------
    SLICE_X10Y117        FDRE                         0.000     0.000 r  cas/ui/currentkey_reg[1]/C
    SLICE_X10Y117        FDRE (Prop_fdre_C_Q)         0.518     0.518 r  cas/ui/currentkey_reg[1]/Q
                         net (fo=44, routed)          2.226     2.744    cas/ui/Q[1]
    SLICE_X37Y133        LUT4 (Prop_lut4_I2_O)        0.124     2.868 f  cas/ui/m_data[59][79][0]_i_8/O
                         net (fo=126, routed)         1.746     4.615    cas/ui/m_data[59][79][0]_i_8_n_0
    SLICE_X35Y137        LUT6 (Prop_lut6_I5_O)        0.124     4.739 f  cas/ui/m_data[53][79][0]_i_2__0/O
                         net (fo=943, routed)        20.261    25.000    cas/ui/row_reg[0]_0
    SLICE_X17Y183        LUT3 (Prop_lut3_I1_O)        0.124    25.124 r  cas/ui/m_data[50][79][0]_i_2/O
                         net (fo=43, routed)          4.138    29.262    cas/ui/m_data[50][79][0]_i_2_n_0
    SLICE_X50Y183        LUT5 (Prop_lut5_I1_O)        0.124    29.386 r  cas/ui/m_data[50][67][0]_i_1/O
                         net (fo=1, routed)           0.000    29.386    mem/dp1/m_data_reg[50][67][0]_1
    SLICE_X50Y183        FDRE                                         r  mem/dp1/m_data_reg[50][67][0]/D
  -------------------------------------------------------------------    -------------------





Min Delay Paths
--------------------------------------------------------------------------------------
Slack:                    inf
  Source:                 vga/hvs/HCnext_state_reg/C
                            (rising edge-triggered cell FDRE)
  Destination:            vga/hvs/HCstate_reg/D
  Path Group:             (none)
  Path Type:              Min at Fast Process Corner
  Data Path Delay:        0.240ns  (logic 0.141ns (58.691%)  route 0.099ns (41.309%))
  Logic Levels:           1  (FDRE=1)

    Location             Delay type                Incr(ns)  Path(ns)    Netlist Resource(s)
  -------------------------------------------------------------------    -------------------
    SLICE_X1Y130         FDRE                         0.000     0.000 r  vga/hvs/HCnext_state_reg/C
    SLICE_X1Y130         FDRE (Prop_fdre_C_Q)         0.141     0.141 r  vga/hvs/HCnext_state_reg/Q
                         net (fo=1, routed)           0.099     0.240    vga/hvs/HCnext_state_reg_n_0
    SLICE_X2Y131         FDRE                                         r  vga/hvs/HCstate_reg/D
  -------------------------------------------------------------------    -------------------

Slack:                    inf
  Source:                 cas/ui/FSM_sequential_nextstate_reg[2]/C
                            (rising edge-triggered cell FDRE)
  Destination:            cas/ui/FSM_sequential_currentstate_reg[2]/D
  Path Group:             (none)
  Path Type:              Min at Fast Process Corner
  Data Path Delay:        0.251ns  (logic 0.141ns (56.174%)  route 0.110ns (43.826%))
  Logic Levels:           1  (FDRE=1)

    Location             Delay type                Incr(ns)  Path(ns)    Netlist Resource(s)
  -------------------------------------------------------------------    -------------------
    SLICE_X31Y132        FDRE                         0.000     0.000 r  cas/ui/FSM_sequential_nextstate_reg[2]/C
    SLICE_X31Y132        FDRE (Prop_fdre_C_Q)         0.141     0.141 r  cas/ui/FSM_sequential_nextstate_reg[2]/Q
                         net (fo=1, routed)           0.110     0.251    cas/ui/nextstate[2]
    SLICE_X30Y132        FDRE                                         r  cas/ui/FSM_sequential_currentstate_reg[2]/D
  -------------------------------------------------------------------    -------------------

Slack:                    inf
  Source:                 vga/hvs/Vnext_state_reg[0]/C
                            (rising edge-triggered cell FDRE)
  Destination:            vga/hvs/Vstate_reg[0]/D
  Path Group:             (none)
  Path Type:              Min at Fast Process Corner
  Data Path Delay:        0.253ns  (logic 0.141ns (55.730%)  route 0.112ns (44.270%))
  Logic Levels:           1  (FDRE=1)

    Location             Delay type                Incr(ns)  Path(ns)    Netlist Resource(s)
  -------------------------------------------------------------------    -------------------
    SLICE_X1Y132         FDRE                         0.000     0.000 r  vga/hvs/Vnext_state_reg[0]/C
    SLICE_X1Y132         FDRE (Prop_fdre_C_Q)         0.141     0.141 r  vga/hvs/Vnext_state_reg[0]/Q
                         net (fo=1, routed)           0.112     0.253    vga/hvs/Vnext_state[0]
    SLICE_X1Y133         FDSE                                         r  vga/hvs/Vstate_reg[0]/D
  -------------------------------------------------------------------    -------------------

Slack:                    inf
  Source:                 cas/ui/FSM_sequential_nextstate_reg[0]/C
                            (rising edge-triggered cell FDRE)
  Destination:            cas/ui/FSM_sequential_currentstate_reg[0]/D
  Path Group:             (none)
  Path Type:              Min at Fast Process Corner
  Data Path Delay:        0.257ns  (logic 0.141ns (54.812%)  route 0.116ns (45.188%))
  Logic Levels:           1  (FDRE=1)

    Location             Delay type                Incr(ns)  Path(ns)    Netlist Resource(s)
  -------------------------------------------------------------------    -------------------
    SLICE_X31Y134        FDRE                         0.000     0.000 r  cas/ui/FSM_sequential_nextstate_reg[0]/C
    SLICE_X31Y134        FDRE (Prop_fdre_C_Q)         0.141     0.141 r  cas/ui/FSM_sequential_nextstate_reg[0]/Q
                         net (fo=1, routed)           0.116     0.257    cas/ui/nextstate[0]
    SLICE_X30Y132        FDRE                                         r  cas/ui/FSM_sequential_currentstate_reg[0]/D
  -------------------------------------------------------------------    -------------------

Slack:                    inf
  Source:                 cas/sp/lfsr/test_reg[9]/C
                            (rising edge-triggered cell FDSE)
  Destination:            cas/sp/lfsr/test_reg[8]/D
  Path Group:             (none)
  Path Type:              Min at Fast Process Corner
  Data Path Delay:        0.260ns  (logic 0.128ns (49.299%)  route 0.132ns (50.701%))
  Logic Levels:           1  (FDSE=1)

    Location             Delay type                Incr(ns)  Path(ns)    Netlist Resource(s)
  -------------------------------------------------------------------    -------------------
    SLICE_X5Y132         FDSE                         0.000     0.000 r  cas/sp/lfsr/test_reg[9]/C
    SLICE_X5Y132         FDSE (Prop_fdse_C_Q)         0.128     0.128 r  cas/sp/lfsr/test_reg[9]/Q
                         net (fo=3, routed)           0.132     0.260    cas/sp/lfsr/test_reg_n_0_[9]
    SLICE_X4Y132         FDRE                                         r  cas/sp/lfsr/test_reg[8]/D
  -------------------------------------------------------------------    -------------------

Slack:                    inf
  Source:                 cas/ui/rowcount_reg[3]/C
                            (rising edge-triggered cell FDRE)
  Destination:            cas/ui/rowcount_reg[5]/D
  Path Group:             (none)
  Path Type:              Min at Fast Process Corner
  Data Path Delay:        0.262ns  (logic 0.186ns (70.923%)  route 0.076ns (29.077%))
  Logic Levels:           2  (FDRE=1 LUT6=1)

    Location             Delay type                Incr(ns)  Path(ns)    Netlist Resource(s)
  -------------------------------------------------------------------    -------------------
    SLICE_X32Y132        FDRE                         0.000     0.000 r  cas/ui/rowcount_reg[3]/C
    SLICE_X32Y132        FDRE (Prop_fdre_C_Q)         0.141     0.141 f  cas/ui/rowcount_reg[3]/Q
                         net (fo=7, routed)           0.076     0.217    cas/ui/rowcount_reg_n_0_[3]
    SLICE_X33Y132        LUT6 (Prop_lut6_I1_O)        0.045     0.262 r  cas/ui/rowcount[5]_i_2/O
                         net (fo=1, routed)           0.000     0.262    cas/ui/rowcount[5]
    SLICE_X33Y132        FDRE                                         r  cas/ui/rowcount_reg[5]/D
  -------------------------------------------------------------------    -------------------

Slack:                    inf
  Source:                 cas/ui/FSM_sequential_nextstate_reg[3]/C
                            (rising edge-triggered cell FDRE)
  Destination:            cas/ui/FSM_sequential_currentstate_reg[3]/D
  Path Group:             (none)
  Path Type:              Min at Fast Process Corner
  Data Path Delay:        0.263ns  (logic 0.141ns (53.607%)  route 0.122ns (46.393%))
  Logic Levels:           1  (FDRE=1)

    Location             Delay type                Incr(ns)  Path(ns)    Netlist Resource(s)
  -------------------------------------------------------------------    -------------------
    SLICE_X29Y132        FDRE                         0.000     0.000 r  cas/ui/FSM_sequential_nextstate_reg[3]/C
    SLICE_X29Y132        FDRE (Prop_fdre_C_Q)         0.141     0.141 r  cas/ui/FSM_sequential_nextstate_reg[3]/Q
                         net (fo=1, routed)           0.122     0.263    cas/ui/nextstate[3]
    SLICE_X28Y132        FDRE                                         r  cas/ui/FSM_sequential_currentstate_reg[3]/D
  -------------------------------------------------------------------    -------------------

Slack:                    inf
  Source:                 cas/ac/ColCount_reg[2]/C
                            (rising edge-triggered cell FDRE)
  Destination:            cas/ac/Col_reg[2]/D
  Path Group:             (none)
  Path Type:              Min at Fast Process Corner
  Data Path Delay:        0.285ns  (logic 0.186ns (65.204%)  route 0.099ns (34.796%))
  Logic Levels:           2  (FDRE=1 LUT6=1)

    Location             Delay type                Incr(ns)  Path(ns)    Netlist Resource(s)
  -------------------------------------------------------------------    -------------------
    SLICE_X32Y134        FDRE                         0.000     0.000 r  cas/ac/ColCount_reg[2]/C
    SLICE_X32Y134        FDRE (Prop_fdre_C_Q)         0.141     0.141 r  cas/ac/ColCount_reg[2]/Q
                         net (fo=9, routed)           0.099     0.240    cas/ac/ColCount_reg[2]
    SLICE_X33Y134        LUT6 (Prop_lut6_I5_O)        0.045     0.285 r  cas/ac/Col[2]_i_1/O
                         net (fo=1, routed)           0.000     0.285    cas/ac/Col[2]_i_1_n_0
    SLICE_X33Y134        FDRE                                         r  cas/ac/Col_reg[2]/D
  -------------------------------------------------------------------    -------------------

Slack:                    inf
  Source:                 CD/Counter_reg[1]/C
                            (rising edge-triggered cell FDRE)
  Destination:            CD/Counter_reg[0]/D
  Path Group:             (none)
  Path Type:              Min at Fast Process Corner
  Data Path Delay:        0.295ns  (logic 0.227ns (77.066%)  route 0.068ns (22.934%))
  Logic Levels:           2  (FDRE=1 LUT2=1)

    Location             Delay type                Incr(ns)  Path(ns)    Netlist Resource(s)
  -------------------------------------------------------------------    -------------------
    SLICE_X51Y96         FDRE                         0.000     0.000 r  CD/Counter_reg[1]/C
    SLICE_X51Y96         FDRE (Prop_fdre_C_Q)         0.128     0.128 f  CD/Counter_reg[1]/Q
                         net (fo=3, routed)           0.068     0.196    CD/Counter[1]
    SLICE_X51Y96         LUT2 (Prop_lut2_I1_O)        0.099     0.295 r  CD/Counter[0]_i_1/O
                         net (fo=1, routed)           0.000     0.295    CD/Counter[0]_i_1_n_0
    SLICE_X51Y96         FDRE                                         r  CD/Counter_reg[0]/D
  -------------------------------------------------------------------    -------------------

Slack:                    inf
  Source:                 cas/sp/lfsr/test_reg[0]/C
                            (rising edge-triggered cell FDSE)
  Destination:            cas/sp/lfsr/bitOut_reg/D
  Path Group:             (none)
  Path Type:              Min at Fast Process Corner
  Data Path Delay:        0.295ns  (logic 0.186ns (63.055%)  route 0.109ns (36.945%))
  Logic Levels:           2  (FDSE=1 LUT6=1)

    Location             Delay type                Incr(ns)  Path(ns)    Netlist Resource(s)
  -------------------------------------------------------------------    -------------------
    SLICE_X4Y133         FDSE                         0.000     0.000 r  cas/sp/lfsr/test_reg[0]/C
    SLICE_X4Y133         FDSE (Prop_fdse_C_Q)         0.141     0.141 r  cas/sp/lfsr/test_reg[0]/Q
                         net (fo=3, routed)           0.109     0.250    cas/sp/lfsr/test_reg_n_0_[0]
    SLICE_X5Y133         LUT6 (Prop_lut6_I1_O)        0.045     0.295 r  cas/sp/lfsr/bitOut_i_1/O
                         net (fo=1, routed)           0.000     0.295    cas/sp/lfsr/bitOut_i_1_n_0
    SLICE_X5Y133         FDRE                                         r  cas/sp/lfsr/bitOut_reg/D
  -------------------------------------------------------------------    -------------------





