Copyright 1986-2022 Xilinx, Inc. All Rights Reserved. Copyright 2022-2024 Advanced Micro Devices, Inc. All Rights Reserved.
------------------------------------------------------------------------------------------------------------------------------------------------------------------------------------------------------
| Tool Version : Vivado v.2024.2 (win64) Build 5239630 Fri Nov 08 22:35:27 MST 2024
| Date         : Thu Apr 17 13:06:42 2025
| Host         : LAPTOP-RH96MGM6 running 64-bit major release  (build 9200)
| Command      : report_timing_summary -max_paths 10 -report_unconstrained -file Top_timing_summary_routed.rpt -pb Top_timing_summary_routed.pb -rpx Top_timing_summary_routed.rpx -warn_on_violation
| Design       : Top
| Device       : 7a100t-csg324
| Speed File   : -1  PRODUCTION 1.23 2018-06-13
| Design State : Routed
------------------------------------------------------------------------------------------------------------------------------------------------------------------------------------------------------

Timing Summary Report

------------------------------------------------------------------------------------------------
| Timer Settings
| --------------
------------------------------------------------------------------------------------------------

  Enable Multi Corner Analysis               :  Yes
  Enable Pessimism Removal                   :  Yes
  Pessimism Removal Resolution               :  Nearest Common Node
  Enable Input Delay Default Clock           :  No
  Enable Preset / Clear Arcs                 :  No
  Disable Flight Delays                      :  No
  Ignore I/O Paths                           :  No
  Timing Early Launch at Borrowing Latches   :  No
  Borrow Time for Max Delay Exceptions       :  Yes
  Merge Timing Exceptions                    :  Yes
  Inter-SLR Compensation                     :  Conservative

  Corner  Analyze    Analyze    
  Name    Max Paths  Min Paths  
  ------  ---------  ---------  
  Slow    Yes        Yes        
  Fast    Yes        Yes        


------------------------------------------------------------------------------------------------
| Report Methodology
| ------------------
------------------------------------------------------------------------------------------------

Rule       Severity          Description                  Violations  
---------  ----------------  ---------------------------  ----------  
TIMING-17  Critical Warning  Non-clocked sequential cell  1000        

Note: This report is based on the most recent report_methodology run and may not be up-to-date. Run report_methodology on the current design for the latest report.



check_timing report

Table of Contents
-----------------
1. checking no_clock (9785)
2. checking constant_clock (0)
3. checking pulse_width_clock (0)
4. checking unconstrained_internal_endpoints (10004)
5. checking no_input_delay (4)
6. checking no_output_delay (14)
7. checking multiple_clock (0)
8. checking generated_clocks (0)
9. checking loops (0)
10. checking partial_input_delay (0)
11. checking partial_output_delay (0)
12. checking latch_loops (0)

1. checking no_clock (9785)
---------------------------
 There are 9683 register/latch pins with no clock driven by root clock pin: CLK100MHZ (HIGH)

 There are 102 register/latch pins with no clock driven by root clock pin: CD/Clk_25_MHZ_reg_reg/Q (HIGH)


2. checking constant_clock (0)
------------------------------
 There are 0 register/latch pins with constant_clock.


3. checking pulse_width_clock (0)
---------------------------------
 There are 0 register/latch pins which need pulse_width check


4. checking unconstrained_internal_endpoints (10004)
----------------------------------------------------
 There are 10004 pins that are not constrained for maximum delay. (HIGH)

 There are 0 pins that are not constrained for maximum delay due to constant clock.


5. checking no_input_delay (4)
------------------------------
 There are 4 input ports with no input delay specified. (HIGH)

 There are 0 input ports with no input delay but user has a false path constraint.


6. checking no_output_delay (14)
--------------------------------
 There are 14 ports with no output delay specified. (HIGH)

 There are 0 ports with no output delay but user has a false path constraint

 There are 0 ports with no output delay but with a timing clock defined on it or propagating through it


7. checking multiple_clock (0)
------------------------------
 There are 0 register/latch pins with multiple clocks.


8. checking generated_clocks (0)
--------------------------------
 There are 0 generated clocks that are not connected to a clock source.


9. checking loops (0)
---------------------
 There are 0 combinational loops in the design.


10. checking partial_input_delay (0)
------------------------------------
 There are 0 input ports with partial input delay specified.


11. checking partial_output_delay (0)
-------------------------------------
 There are 0 ports with partial output delay specified.


12. checking latch_loops (0)
----------------------------
 There are 0 combinational latch loops in the design through latch input



------------------------------------------------------------------------------------------------
| Design Timing Summary
| ---------------------
------------------------------------------------------------------------------------------------

    WNS(ns)      TNS(ns)  TNS Failing Endpoints  TNS Total Endpoints      WHS(ns)      THS(ns)  THS Failing Endpoints  THS Total Endpoints     WPWS(ns)     TPWS(ns)  TPWS Failing Endpoints  TPWS Total Endpoints  
    -------      -------  ---------------------  -------------------      -------      -------  ---------------------  -------------------     --------     --------  ----------------------  --------------------  
        inf        0.000                      0                10018          inf        0.000                      0                10018           NA           NA                      NA                    NA  


There are no user specified timing constraints.


------------------------------------------------------------------------------------------------
| Clock Summary
| -------------
------------------------------------------------------------------------------------------------


------------------------------------------------------------------------------------------------
| Intra Clock Table
| -----------------
------------------------------------------------------------------------------------------------

Clock             WNS(ns)      TNS(ns)  TNS Failing Endpoints  TNS Total Endpoints      WHS(ns)      THS(ns)  THS Failing Endpoints  THS Total Endpoints     WPWS(ns)     TPWS(ns)  TPWS Failing Endpoints  TPWS Total Endpoints  
-----             -------      -------  ---------------------  -------------------      -------      -------  ---------------------  -------------------     --------     --------  ----------------------  --------------------  


------------------------------------------------------------------------------------------------
| Inter Clock Table
| -----------------
------------------------------------------------------------------------------------------------

From Clock    To Clock          WNS(ns)      TNS(ns)  TNS Failing Endpoints  TNS Total Endpoints      WHS(ns)      THS(ns)  THS Failing Endpoints  THS Total Endpoints  
----------    --------          -------      -------  ---------------------  -------------------      -------      -------  ---------------------  -------------------  


------------------------------------------------------------------------------------------------
| Other Path Groups Table
| -----------------------
------------------------------------------------------------------------------------------------

Path Group    From Clock    To Clock          WNS(ns)      TNS(ns)  TNS Failing Endpoints  TNS Total Endpoints      WHS(ns)      THS(ns)  THS Failing Endpoints  THS Total Endpoints  
----------    ----------    --------          -------      -------  ---------------------  -------------------      -------      -------  ---------------------  -------------------  


------------------------------------------------------------------------------------------------
| User Ignored Path Table
| -----------------------
------------------------------------------------------------------------------------------------

Path Group    From Clock    To Clock    
----------    ----------    --------    


------------------------------------------------------------------------------------------------
| Unconstrained Path Table
| ------------------------
------------------------------------------------------------------------------------------------

Path Group    From Clock    To Clock    
----------    ----------    --------    
(none)                                    


------------------------------------------------------------------------------------------------
| Timing Details
| --------------
------------------------------------------------------------------------------------------------


--------------------------------------------------------------------------------------
Path Group:  (none)
From Clock:  
  To Clock:  

Max Delay         10018 Endpoints
Min Delay         10018 Endpoints
--------------------------------------------------------------------------------------


Max Delay Paths
--------------------------------------------------------------------------------------
Slack:                    inf
  Source:                 SW[4]
                            (input port)
  Destination:            mem/dp2/dataBack_tristate_oe_reg[0]/D
  Path Group:             (none)
  Path Type:              Max at Slow Process Corner
  Data Path Delay:        38.048ns  (logic 2.812ns (7.389%)  route 35.237ns (92.611%))
  Logic Levels:           9  (IBUF=1 LUT3=1 LUT6=5 MUXF7=1 MUXF8=1)

    Location             Delay type                Incr(ns)  Path(ns)    Netlist Resource(s)
  -------------------------------------------------------------------    -------------------
    R17                                               0.000     0.000 r  SW[4] (IN)
                         net (fo=0)                   0.000     0.000    SW[4]
    R17                  IBUF (Prop_ibuf_I_O)         1.493     1.493 r  SW_IBUF[4]_inst/O
                         net (fo=171, routed)         2.471     3.964    cas/ac/SW_IBUF[1]
    SLICE_X36Y74         LUT3 (Prop_lut3_I1_O)        0.124     4.088 r  cas/ac/dataBack_tristate_oe[0]_i_386__0/O
                         net (fo=820, routed)        27.391    31.479    mem/dp2/dataBack_tristate_oe[0]_i_71_0[2]
    SLICE_X2Y68          MUXF7 (Prop_muxf7_S_O)       0.292    31.771 r  mem/dp2/dataBack_tristate_oe_reg[0]_i_1038__0/O
                         net (fo=1, routed)           0.000    31.771    mem/dp2/dataBack_tristate_oe_reg[0]_i_1038__0_n_0
    SLICE_X2Y68          MUXF8 (Prop_muxf8_I1_O)      0.088    31.859 r  mem/dp2/dataBack_tristate_oe_reg[0]_i_477__0/O
                         net (fo=1, routed)           1.109    32.968    mem/dp2/dataBack_tristate_oe_reg[0]_i_477__0_n_0
    SLICE_X4Y66          LUT6 (Prop_lut6_I0_O)        0.319    33.287 f  mem/dp2/dataBack_tristate_oe[0]_i_161__0/O
                         net (fo=1, routed)           0.870    34.157    mem/dp2/dataBack_tristate_oe[0]_i_161__0_n_0
    SLICE_X6Y66          LUT6 (Prop_lut6_I0_O)        0.124    34.281 f  mem/dp2/dataBack_tristate_oe[0]_i_54/O
                         net (fo=1, routed)           1.551    35.832    mem/dp2/dataBack_tristate_oe[0]_i_54_n_0
    SLICE_X28Y67         LUT6 (Prop_lut6_I1_O)        0.124    35.956 r  mem/dp2/dataBack_tristate_oe[0]_i_17__0/O
                         net (fo=1, routed)           1.170    37.126    cas/ac/dataBack_tristate_oe_reg[0]_8
    SLICE_X28Y48         LUT6 (Prop_lut6_I4_O)        0.124    37.250 r  cas/ac/dataBack_tristate_oe[0]_i_4/O
                         net (fo=1, routed)           0.674    37.924    cas/ac/dataBack_tristate_oe[0]_i_4_n_0
    SLICE_X28Y48         LUT6 (Prop_lut6_I3_O)        0.124    38.048 r  cas/ac/dataBack_tristate_oe[0]_i_1__0/O
                         net (fo=1, routed)           0.000    38.048    mem/dp2/dataBack_tristate_oe_reg[0]_0
    SLICE_X28Y48         FDRE                                         r  mem/dp2/dataBack_tristate_oe_reg[0]/D
  -------------------------------------------------------------------    -------------------

Slack:                    inf
  Source:                 SW[4]
                            (input port)
  Destination:            mem/dp1/dataBack_tristate_oe_reg[0]/D
  Path Group:             (none)
  Path Type:              Max at Slow Process Corner
  Data Path Delay:        35.259ns  (logic 3.221ns (9.134%)  route 32.039ns (90.866%))
  Logic Levels:           10  (IBUF=1 LUT3=1 LUT6=5 MUXF7=2 MUXF8=1)

    Location             Delay type                Incr(ns)  Path(ns)    Netlist Resource(s)
  -------------------------------------------------------------------    -------------------
    R17                                               0.000     0.000 r  SW[4] (IN)
                         net (fo=0)                   0.000     0.000    SW[4]
    R17                  IBUF (Prop_ibuf_I_O)         1.493     1.493 r  SW_IBUF[4]_inst/O
                         net (fo=171, routed)         2.471     3.964    cas/ac/SW_IBUF[1]
    SLICE_X36Y74         LUT3 (Prop_lut3_I1_O)        0.124     4.088 r  cas/ac/dataBack_tristate_oe[0]_i_386__0/O
                         net (fo=820, routed)        24.546    28.633    mem/dp1/dataBack_tristate_oe[0]_i_112_0[0]
    SLICE_X49Y40         MUXF7 (Prop_muxf7_S_O)       0.296    28.929 r  mem/dp1/dataBack_tristate_oe_reg[0]_i_1563/O
                         net (fo=1, routed)           0.000    28.929    mem/dp1/dataBack_tristate_oe_reg[0]_i_1563_n_0
    SLICE_X49Y40         MUXF8 (Prop_muxf8_I0_O)      0.104    29.033 r  mem/dp1/dataBack_tristate_oe_reg[0]_i_895/O
                         net (fo=1, routed)           0.990    30.024    mem/dp1/dataBack_tristate_oe_reg[0]_i_895_n_0
    SLICE_X49Y39         LUT6 (Prop_lut6_I0_O)        0.316    30.340 r  mem/dp1/dataBack_tristate_oe[0]_i_359/O
                         net (fo=1, routed)           0.000    30.340    mem/dp1/dataBack_tristate_oe[0]_i_359_n_0
    SLICE_X49Y39         MUXF7 (Prop_muxf7_I1_O)      0.217    30.557 r  mem/dp1/dataBack_tristate_oe_reg[0]_i_131/O
                         net (fo=1, routed)           1.758    32.314    cas/ac/dataBack_tristate_oe[0]_i_16_2
    SLICE_X64Y47         LUT6 (Prop_lut6_I4_O)        0.299    32.613 r  cas/ac/dataBack_tristate_oe[0]_i_48/O
                         net (fo=1, routed)           0.665    33.279    cas/ac/dataBack_tristate_oe[0]_i_48_n_0
    SLICE_X66Y46         LUT6 (Prop_lut6_I0_O)        0.124    33.403 f  cas/ac/dataBack_tristate_oe[0]_i_16/O
                         net (fo=1, routed)           0.929    34.331    cas/ac/dataBack_tristate_oe[0]_i_16_n_0
    SLICE_X62Y50         LUT6 (Prop_lut6_I3_O)        0.124    34.455 r  cas/ac/dataBack_tristate_oe[0]_i_3/O
                         net (fo=1, routed)           0.680    35.135    cas/ac/dataBack_tristate_oe[0]_i_3_n_0
    SLICE_X62Y50         LUT6 (Prop_lut6_I1_O)        0.124    35.259 r  cas/ac/dataBack_tristate_oe[0]_i_1/O
                         net (fo=1, routed)           0.000    35.259    mem/dp1/dataBack_tristate_oe_reg[0]_1
    SLICE_X62Y50         FDRE                                         r  mem/dp1/dataBack_tristate_oe_reg[0]/D
  -------------------------------------------------------------------    -------------------

Slack:                    inf
  Source:                 SW[4]
                            (input port)
  Destination:            mem/dp1/m_data_reg[47][58][0]/D
  Path Group:             (none)
  Path Type:              Max at Slow Process Corner
  Data Path Delay:        29.999ns  (logic 1.989ns (6.629%)  route 28.011ns (93.371%))
  Logic Levels:           5  (IBUF=1 LUT2=1 LUT3=1 LUT5=1 LUT6=1)

    Location             Delay type                Incr(ns)  Path(ns)    Netlist Resource(s)
  -------------------------------------------------------------------    -------------------
    R17                                               0.000     0.000 r  SW[4] (IN)
                         net (fo=0)                   0.000     0.000    SW[4]
    R17                  IBUF (Prop_ibuf_I_O)         1.493     1.493 r  SW_IBUF[4]_inst/O
                         net (fo=171, routed)         4.582     6.075    cas/ac/SW_IBUF[1]
    SLICE_X44Y64         LUT3 (Prop_lut3_I1_O)        0.124     6.199 r  cas/ac/m_data[59][79][0]_i_5__0/O
                         net (fo=984, routed)        16.166    22.365    cas/ac/Row_reg[1]_0
    SLICE_X74Y9          LUT2 (Prop_lut2_I0_O)        0.124    22.489 f  cas/ac/m_data[51][38][0]_i_4/O
                         net (fo=162, routed)         6.596    29.085    cas/ac/m_data[51][38][0]_i_4_n_0
    SLICE_X50Y10         LUT6 (Prop_lut6_I3_O)        0.124    29.209 r  cas/ac/m_data[47][58][0]_i_2/O
                         net (fo=1, routed)           0.666    29.875    cas/ac/mem/dp1/m_data_reg[47][58]
    SLICE_X50Y10         LUT5 (Prop_lut5_I3_O)        0.124    29.999 r  cas/ac/m_data[47][58][0]_i_1__0/O
                         net (fo=1, routed)           0.000    29.999    mem/dp1/m_data_reg[47][58][0]_1
    SLICE_X50Y10         FDRE                                         r  mem/dp1/m_data_reg[47][58][0]/D
  -------------------------------------------------------------------    -------------------

Slack:                    inf
  Source:                 SW[4]
                            (input port)
  Destination:            mem/dp1/m_data_reg[31][48][0]/D
  Path Group:             (none)
  Path Type:              Max at Slow Process Corner
  Data Path Delay:        29.821ns  (logic 1.989ns (6.668%)  route 27.833ns (93.332%))
  Logic Levels:           5  (IBUF=1 LUT2=1 LUT3=1 LUT5=1 LUT6=1)

    Location             Delay type                Incr(ns)  Path(ns)    Netlist Resource(s)
  -------------------------------------------------------------------    -------------------
    R17                                               0.000     0.000 r  SW[4] (IN)
                         net (fo=0)                   0.000     0.000    SW[4]
    R17                  IBUF (Prop_ibuf_I_O)         1.493     1.493 r  SW_IBUF[4]_inst/O
                         net (fo=171, routed)         4.582     6.075    cas/ac/SW_IBUF[1]
    SLICE_X44Y64         LUT3 (Prop_lut3_I1_O)        0.124     6.199 r  cas/ac/m_data[59][79][0]_i_5__0/O
                         net (fo=984, routed)        16.166    22.365    cas/ac/Row_reg[1]_0
    SLICE_X74Y9          LUT2 (Prop_lut2_I0_O)        0.124    22.489 f  cas/ac/m_data[51][38][0]_i_4/O
                         net (fo=162, routed)         6.417    28.906    cas/ac/m_data[51][38][0]_i_4_n_0
    SLICE_X48Y9          LUT6 (Prop_lut6_I3_O)        0.124    29.030 r  cas/ac/m_data[31][48][0]_i_2/O
                         net (fo=1, routed)           0.667    29.697    cas/ac/mem/dp1/m_data_reg[31][48]
    SLICE_X48Y9          LUT5 (Prop_lut5_I3_O)        0.124    29.821 r  cas/ac/m_data[31][48][0]_i_1__0/O
                         net (fo=1, routed)           0.000    29.821    mem/dp1/m_data_reg[31][48][0]_1
    SLICE_X48Y9          FDRE                                         r  mem/dp1/m_data_reg[31][48][0]/D
  -------------------------------------------------------------------    -------------------

Slack:                    inf
  Source:                 SW[4]
                            (input port)
  Destination:            mem/dp1/m_data_reg[35][32][0]/D
  Path Group:             (none)
  Path Type:              Max at Slow Process Corner
  Data Path Delay:        29.701ns  (logic 1.989ns (6.695%)  route 27.712ns (93.305%))
  Logic Levels:           5  (IBUF=1 LUT2=1 LUT3=1 LUT5=1 LUT6=1)

    Location             Delay type                Incr(ns)  Path(ns)    Netlist Resource(s)
  -------------------------------------------------------------------    -------------------
    R17                                               0.000     0.000 r  SW[4] (IN)
                         net (fo=0)                   0.000     0.000    SW[4]
    R17                  IBUF (Prop_ibuf_I_O)         1.493     1.493 r  SW_IBUF[4]_inst/O
                         net (fo=171, routed)         4.582     6.075    cas/ac/SW_IBUF[1]
    SLICE_X44Y64         LUT3 (Prop_lut3_I1_O)        0.124     6.199 r  cas/ac/m_data[59][79][0]_i_5__0/O
                         net (fo=984, routed)        16.166    22.365    cas/ac/Row_reg[1]_0
    SLICE_X74Y9          LUT2 (Prop_lut2_I0_O)        0.124    22.489 f  cas/ac/m_data[51][38][0]_i_4/O
                         net (fo=162, routed)         6.073    28.562    cas/ac/m_data[51][38][0]_i_4_n_0
    SLICE_X52Y1          LUT6 (Prop_lut6_I3_O)        0.124    28.686 r  cas/ac/m_data[35][32][0]_i_2/O
                         net (fo=1, routed)           0.890    29.577    cas/ac/mem/dp1/m_data_reg[35][32]
    SLICE_X52Y1          LUT5 (Prop_lut5_I3_O)        0.124    29.701 r  cas/ac/m_data[35][32][0]_i_1__0/O
                         net (fo=1, routed)           0.000    29.701    mem/dp1/m_data_reg[35][32][0]_1
    SLICE_X52Y1          FDRE                                         r  mem/dp1/m_data_reg[35][32][0]/D
  -------------------------------------------------------------------    -------------------

Slack:                    inf
  Source:                 SW[4]
                            (input port)
  Destination:            mem/dp1/m_data_reg[35][47][0]/D
  Path Group:             (none)
  Path Type:              Max at Slow Process Corner
  Data Path Delay:        29.603ns  (logic 1.989ns (6.717%)  route 27.614ns (93.283%))
  Logic Levels:           5  (IBUF=1 LUT2=1 LUT3=1 LUT5=1 LUT6=1)

    Location             Delay type                Incr(ns)  Path(ns)    Netlist Resource(s)
  -------------------------------------------------------------------    -------------------
    R17                                               0.000     0.000 r  SW[4] (IN)
                         net (fo=0)                   0.000     0.000    SW[4]
    R17                  IBUF (Prop_ibuf_I_O)         1.493     1.493 r  SW_IBUF[4]_inst/O
                         net (fo=171, routed)         4.582     6.075    cas/ac/SW_IBUF[1]
    SLICE_X44Y64         LUT3 (Prop_lut3_I1_O)        0.124     6.199 r  cas/ac/m_data[59][79][0]_i_5__0/O
                         net (fo=984, routed)        16.166    22.365    cas/ac/Row_reg[1]_0
    SLICE_X74Y9          LUT2 (Prop_lut2_I0_O)        0.124    22.489 f  cas/ac/m_data[51][38][0]_i_4/O
                         net (fo=162, routed)         6.397    28.886    cas/ac/m_data[51][38][0]_i_4_n_0
    SLICE_X59Y1          LUT6 (Prop_lut6_I3_O)        0.124    29.010 r  cas/ac/m_data[35][47][0]_i_2/O
                         net (fo=1, routed)           0.469    29.479    cas/ac/mem/dp1/m_data_reg[35][47]
    SLICE_X59Y1          LUT5 (Prop_lut5_I3_O)        0.124    29.603 r  cas/ac/m_data[35][47][0]_i_1__0/O
                         net (fo=1, routed)           0.000    29.603    mem/dp1/m_data_reg[35][47][0]_1
    SLICE_X59Y1          FDRE                                         r  mem/dp1/m_data_reg[35][47][0]/D
  -------------------------------------------------------------------    -------------------

Slack:                    inf
  Source:                 SW[4]
                            (input port)
  Destination:            mem/dp1/m_data_reg[31][32][0]/D
  Path Group:             (none)
  Path Type:              Max at Slow Process Corner
  Data Path Delay:        29.315ns  (logic 1.989ns (6.783%)  route 27.326ns (93.217%))
  Logic Levels:           5  (IBUF=1 LUT2=1 LUT3=1 LUT5=1 LUT6=1)

    Location             Delay type                Incr(ns)  Path(ns)    Netlist Resource(s)
  -------------------------------------------------------------------    -------------------
    R17                                               0.000     0.000 r  SW[4] (IN)
                         net (fo=0)                   0.000     0.000    SW[4]
    R17                  IBUF (Prop_ibuf_I_O)         1.493     1.493 r  SW_IBUF[4]_inst/O
                         net (fo=171, routed)         4.582     6.075    cas/ac/SW_IBUF[1]
    SLICE_X44Y64         LUT3 (Prop_lut3_I1_O)        0.124     6.199 r  cas/ac/m_data[59][79][0]_i_5__0/O
                         net (fo=984, routed)        16.166    22.365    cas/ac/Row_reg[1]_0
    SLICE_X74Y9          LUT2 (Prop_lut2_I0_O)        0.124    22.489 f  cas/ac/m_data[51][38][0]_i_4/O
                         net (fo=162, routed)         5.933    28.422    cas/ac/m_data[51][38][0]_i_4_n_0
    SLICE_X57Y4          LUT6 (Prop_lut6_I3_O)        0.124    28.546 r  cas/ac/m_data[31][32][0]_i_4/O
                         net (fo=1, routed)           0.645    29.191    cas/ac/mem/dp1/m_data_reg[31][32]
    SLICE_X57Y4          LUT5 (Prop_lut5_I3_O)        0.124    29.315 r  cas/ac/m_data[31][32][0]_i_1__0/O
                         net (fo=1, routed)           0.000    29.315    mem/dp1/m_data_reg[31][32][0]_1
    SLICE_X57Y4          FDRE                                         r  mem/dp1/m_data_reg[31][32][0]/D
  -------------------------------------------------------------------    -------------------

Slack:                    inf
  Source:                 SW[4]
                            (input port)
  Destination:            mem/dp1/m_data_reg[47][35][0]/D
  Path Group:             (none)
  Path Type:              Max at Slow Process Corner
  Data Path Delay:        29.129ns  (logic 1.989ns (6.827%)  route 27.141ns (93.173%))
  Logic Levels:           5  (IBUF=1 LUT2=1 LUT3=1 LUT5=1 LUT6=1)

    Location             Delay type                Incr(ns)  Path(ns)    Netlist Resource(s)
  -------------------------------------------------------------------    -------------------
    R17                                               0.000     0.000 r  SW[4] (IN)
                         net (fo=0)                   0.000     0.000    SW[4]
    R17                  IBUF (Prop_ibuf_I_O)         1.493     1.493 r  SW_IBUF[4]_inst/O
                         net (fo=171, routed)         4.582     6.075    cas/ac/SW_IBUF[1]
    SLICE_X44Y64         LUT3 (Prop_lut3_I1_O)        0.124     6.199 r  cas/ac/m_data[59][79][0]_i_5__0/O
                         net (fo=984, routed)        16.166    22.365    cas/ac/Row_reg[1]_0
    SLICE_X74Y9          LUT2 (Prop_lut2_I0_O)        0.124    22.489 f  cas/ac/m_data[51][38][0]_i_4/O
                         net (fo=162, routed)         5.712    28.201    cas/ac/m_data[51][38][0]_i_4_n_0
    SLICE_X46Y11         LUT6 (Prop_lut6_I3_O)        0.124    28.325 r  cas/ac/m_data[47][35][0]_i_2/O
                         net (fo=1, routed)           0.680    29.005    cas/ac/mem/dp1/m_data_reg[47][35]
    SLICE_X46Y11         LUT5 (Prop_lut5_I3_O)        0.124    29.129 r  cas/ac/m_data[47][35][0]_i_1__0/O
                         net (fo=1, routed)           0.000    29.129    mem/dp1/m_data_reg[47][35][0]_1
    SLICE_X46Y11         FDRE                                         r  mem/dp1/m_data_reg[47][35][0]/D
  -------------------------------------------------------------------    -------------------

Slack:                    inf
  Source:                 SW[4]
                            (input port)
  Destination:            mem/dp1/m_data_reg[23][47][0]/D
  Path Group:             (none)
  Path Type:              Max at Slow Process Corner
  Data Path Delay:        29.065ns  (logic 1.989ns (6.842%)  route 27.076ns (93.158%))
  Logic Levels:           5  (IBUF=1 LUT2=1 LUT3=1 LUT5=1 LUT6=1)

    Location             Delay type                Incr(ns)  Path(ns)    Netlist Resource(s)
  -------------------------------------------------------------------    -------------------
    R17                                               0.000     0.000 r  SW[4] (IN)
                         net (fo=0)                   0.000     0.000    SW[4]
    R17                  IBUF (Prop_ibuf_I_O)         1.493     1.493 r  SW_IBUF[4]_inst/O
                         net (fo=171, routed)         4.582     6.075    cas/ac/SW_IBUF[1]
    SLICE_X44Y64         LUT3 (Prop_lut3_I1_O)        0.124     6.199 r  cas/ac/m_data[59][79][0]_i_5__0/O
                         net (fo=984, routed)        16.166    22.365    cas/ac/Row_reg[1]_0
    SLICE_X74Y9          LUT2 (Prop_lut2_I0_O)        0.124    22.489 f  cas/ac/m_data[51][38][0]_i_4/O
                         net (fo=162, routed)         5.876    28.365    cas/ac/m_data[51][38][0]_i_4_n_0
    SLICE_X60Y5          LUT6 (Prop_lut6_I3_O)        0.124    28.489 r  cas/ac/m_data[23][47][0]_i_2/O
                         net (fo=1, routed)           0.452    28.941    cas/ac/mem/dp1/m_data_reg[23][47]
    SLICE_X60Y5          LUT5 (Prop_lut5_I3_O)        0.124    29.065 r  cas/ac/m_data[23][47][0]_i_1__0/O
                         net (fo=1, routed)           0.000    29.065    mem/dp1/m_data_reg[23][47][0]_1
    SLICE_X60Y5          FDRE                                         r  mem/dp1/m_data_reg[23][47][0]/D
  -------------------------------------------------------------------    -------------------

Slack:                    inf
  Source:                 SW[4]
                            (input port)
  Destination:            mem/dp1/m_data_reg[47][48][0]/D
  Path Group:             (none)
  Path Type:              Max at Slow Process Corner
  Data Path Delay:        29.042ns  (logic 1.989ns (6.847%)  route 27.054ns (93.153%))
  Logic Levels:           5  (IBUF=1 LUT2=1 LUT3=1 LUT5=1 LUT6=1)

    Location             Delay type                Incr(ns)  Path(ns)    Netlist Resource(s)
  -------------------------------------------------------------------    -------------------
    R17                                               0.000     0.000 r  SW[4] (IN)
                         net (fo=0)                   0.000     0.000    SW[4]
    R17                  IBUF (Prop_ibuf_I_O)         1.493     1.493 r  SW_IBUF[4]_inst/O
                         net (fo=171, routed)         4.582     6.075    cas/ac/SW_IBUF[1]
    SLICE_X44Y64         LUT3 (Prop_lut3_I1_O)        0.124     6.199 r  cas/ac/m_data[59][79][0]_i_5__0/O
                         net (fo=984, routed)        16.166    22.365    cas/ac/Row_reg[1]_0
    SLICE_X74Y9          LUT2 (Prop_lut2_I0_O)        0.124    22.489 f  cas/ac/m_data[51][38][0]_i_4/O
                         net (fo=162, routed)         5.635    28.124    cas/ac/m_data[51][38][0]_i_4_n_0
    SLICE_X50Y5          LUT6 (Prop_lut6_I3_O)        0.124    28.248 r  cas/ac/m_data[47][48][0]_i_2/O
                         net (fo=1, routed)           0.670    28.918    cas/ac/mem/dp1/m_data_reg[47][48]
    SLICE_X50Y5          LUT5 (Prop_lut5_I3_O)        0.124    29.042 r  cas/ac/m_data[47][48][0]_i_1__0/O
                         net (fo=1, routed)           0.000    29.042    mem/dp1/m_data_reg[47][48][0]_1
    SLICE_X50Y5          FDRE                                         r  mem/dp1/m_data_reg[47][48][0]/D
  -------------------------------------------------------------------    -------------------





Min Delay Paths
--------------------------------------------------------------------------------------
Slack:                    inf
  Source:                 cas/sp/FSM_onehot_Write_reg[7]/C
                            (rising edge-triggered cell FDRE)
  Destination:            cas/sp/FSM_onehot_Write_reg[8]/D
  Path Group:             (none)
  Path Type:              Min at Fast Process Corner
  Data Path Delay:        0.250ns  (logic 0.128ns (51.112%)  route 0.122ns (48.888%))
  Logic Levels:           1  (FDRE=1)

    Location             Delay type                Incr(ns)  Path(ns)    Netlist Resource(s)
  -------------------------------------------------------------------    -------------------
    SLICE_X31Y73         FDRE                         0.000     0.000 r  cas/sp/FSM_onehot_Write_reg[7]/C
    SLICE_X31Y73         FDRE (Prop_fdre_C_Q)         0.128     0.128 r  cas/sp/FSM_onehot_Write_reg[7]/Q
                         net (fo=2, routed)           0.122     0.250    cas/sp/FSM_onehot_Write_reg_n_0_[7]
    SLICE_X30Y73         FDRE                                         r  cas/sp/FSM_onehot_Write_reg[8]/D
  -------------------------------------------------------------------    -------------------

Slack:                    inf
  Source:                 vga/hvs/Hnext_state_reg[0]/C
                            (rising edge-triggered cell FDRE)
  Destination:            vga/hvs/Hstate_reg[0]/D
  Path Group:             (none)
  Path Type:              Min at Fast Process Corner
  Data Path Delay:        0.251ns  (logic 0.141ns (56.174%)  route 0.110ns (43.826%))
  Logic Levels:           1  (FDRE=1)

    Location             Delay type                Incr(ns)  Path(ns)    Netlist Resource(s)
  -------------------------------------------------------------------    -------------------
    SLICE_X13Y82         FDRE                         0.000     0.000 r  vga/hvs/Hnext_state_reg[0]/C
    SLICE_X13Y82         FDRE (Prop_fdre_C_Q)         0.141     0.141 r  vga/hvs/Hnext_state_reg[0]/Q
                         net (fo=1, routed)           0.110     0.251    vga/hvs/Hnext_state_reg_n_0_[0]
    SLICE_X13Y81         FDRE                                         r  vga/hvs/Hstate_reg[0]/D
  -------------------------------------------------------------------    -------------------

Slack:                    inf
  Source:                 vga/hvs/VCount_reg[6]/C
                            (rising edge-triggered cell FDRE)
  Destination:            vga/hvs/VCount_reg[7]/D
  Path Group:             (none)
  Path Type:              Min at Fast Process Corner
  Data Path Delay:        0.274ns  (logic 0.186ns (67.773%)  route 0.088ns (32.227%))
  Logic Levels:           2  (FDRE=1 LUT6=1)

    Location             Delay type                Incr(ns)  Path(ns)    Netlist Resource(s)
  -------------------------------------------------------------------    -------------------
    SLICE_X13Y79         FDRE                         0.000     0.000 r  vga/hvs/VCount_reg[6]/C
    SLICE_X13Y79         FDRE (Prop_fdre_C_Q)         0.141     0.141 r  vga/hvs/VCount_reg[6]/Q
                         net (fo=6, routed)           0.088     0.229    vga/hvs/VCount_reg[6]
    SLICE_X12Y79         LUT6 (Prop_lut6_I4_O)        0.045     0.274 r  vga/hvs/VCount[7]_i_1/O
                         net (fo=1, routed)           0.000     0.274    vga/hvs/p_0_in__0[7]
    SLICE_X12Y79         FDRE                                         r  vga/hvs/VCount_reg[7]/D
  -------------------------------------------------------------------    -------------------

Slack:                    inf
  Source:                 cas/sp/FSM_onehot_Write_reg[6]/C
                            (rising edge-triggered cell FDRE)
  Destination:            cas/sp/FSM_onehot_Write_reg[7]/D
  Path Group:             (none)
  Path Type:              Min at Fast Process Corner
  Data Path Delay:        0.275ns  (logic 0.128ns (46.562%)  route 0.147ns (53.438%))
  Logic Levels:           1  (FDRE=1)

    Location             Delay type                Incr(ns)  Path(ns)    Netlist Resource(s)
  -------------------------------------------------------------------    -------------------
    SLICE_X31Y73         FDRE                         0.000     0.000 r  cas/sp/FSM_onehot_Write_reg[6]/C
    SLICE_X31Y73         FDRE (Prop_fdre_C_Q)         0.128     0.128 r  cas/sp/FSM_onehot_Write_reg[6]/Q
                         net (fo=9, routed)           0.147     0.275    cas/sp/FSM_onehot_Write_reg_n_0_[6]
    SLICE_X31Y73         FDRE                                         r  cas/sp/FSM_onehot_Write_reg[7]/D
  -------------------------------------------------------------------    -------------------

Slack:                    inf
  Source:                 cas/sp/FSM_onehot_Write_reg[5]/C
                            (rising edge-triggered cell FDRE)
  Destination:            cas/sp/FSM_onehot_Write_reg[6]/D
  Path Group:             (none)
  Path Type:              Min at Fast Process Corner
  Data Path Delay:        0.279ns  (logic 0.148ns (53.001%)  route 0.131ns (46.999%))
  Logic Levels:           1  (FDRE=1)

    Location             Delay type                Incr(ns)  Path(ns)    Netlist Resource(s)
  -------------------------------------------------------------------    -------------------
    SLICE_X30Y73         FDRE                         0.000     0.000 r  cas/sp/FSM_onehot_Write_reg[5]/C
    SLICE_X30Y73         FDRE (Prop_fdre_C_Q)         0.148     0.148 r  cas/sp/FSM_onehot_Write_reg[5]/Q
                         net (fo=2, routed)           0.131     0.279    cas/sp/FSM_onehot_Write_reg_n_0_[5]
    SLICE_X31Y73         FDRE                                         r  cas/sp/FSM_onehot_Write_reg[6]/D
  -------------------------------------------------------------------    -------------------

Slack:                    inf
  Source:                 vga/hvs/Vnext_state_reg[0]/C
                            (rising edge-triggered cell FDRE)
  Destination:            vga/hvs/Vstate_reg[0]/D
  Path Group:             (none)
  Path Type:              Min at Fast Process Corner
  Data Path Delay:        0.280ns  (logic 0.164ns (58.537%)  route 0.116ns (41.463%))
  Logic Levels:           1  (FDRE=1)

    Location             Delay type                Incr(ns)  Path(ns)    Netlist Resource(s)
  -------------------------------------------------------------------    -------------------
    SLICE_X12Y78         FDRE                         0.000     0.000 r  vga/hvs/Vnext_state_reg[0]/C
    SLICE_X12Y78         FDRE (Prop_fdre_C_Q)         0.164     0.164 r  vga/hvs/Vnext_state_reg[0]/Q
                         net (fo=1, routed)           0.116     0.280    vga/hvs/Vnext_state[0]
    SLICE_X13Y78         FDSE                                         r  vga/hvs/Vstate_reg[0]/D
  -------------------------------------------------------------------    -------------------

Slack:                    inf
  Source:                 cas/sp/FSM_onehot_Write_reg[2]/C
                            (rising edge-triggered cell FDRE)
  Destination:            cas/sp/FSM_onehot_Write_reg[3]/D
  Path Group:             (none)
  Path Type:              Min at Fast Process Corner
  Data Path Delay:        0.283ns  (logic 0.164ns (57.894%)  route 0.119ns (42.106%))
  Logic Levels:           1  (FDRE=1)

    Location             Delay type                Incr(ns)  Path(ns)    Netlist Resource(s)
  -------------------------------------------------------------------    -------------------
    SLICE_X30Y73         FDRE                         0.000     0.000 r  cas/sp/FSM_onehot_Write_reg[2]/C
    SLICE_X30Y73         FDRE (Prop_fdre_C_Q)         0.164     0.164 r  cas/sp/FSM_onehot_Write_reg[2]/Q
                         net (fo=2, routed)           0.119     0.283    cas/sp/FSM_onehot_Write_reg_n_0_[2]
    SLICE_X31Y73         FDRE                                         r  cas/sp/FSM_onehot_Write_reg[3]/D
  -------------------------------------------------------------------    -------------------

Slack:                    inf
  Source:                 vga/hvs/HCount_reg[3]/C
                            (rising edge-triggered cell FDRE)
  Destination:            vga/hvs/HCount_reg[5]/D
  Path Group:             (none)
  Path Type:              Min at Fast Process Corner
  Data Path Delay:        0.285ns  (logic 0.186ns (65.373%)  route 0.099ns (34.627%))
  Logic Levels:           2  (FDRE=1 LUT6=1)

    Location             Delay type                Incr(ns)  Path(ns)    Netlist Resource(s)
  -------------------------------------------------------------------    -------------------
    SLICE_X15Y83         FDRE                         0.000     0.000 r  vga/hvs/HCount_reg[3]/C
    SLICE_X15Y83         FDRE (Prop_fdre_C_Q)         0.141     0.141 r  vga/hvs/HCount_reg[3]/Q
                         net (fo=6, routed)           0.099     0.240    vga/hvs/HCount_reg[3]
    SLICE_X14Y83         LUT6 (Prop_lut6_I4_O)        0.045     0.285 r  vga/hvs/HCount[5]_i_1/O
                         net (fo=1, routed)           0.000     0.285    vga/hvs/HCount[5]_i_1_n_0
    SLICE_X14Y83         FDRE                                         r  vga/hvs/HCount_reg[5]/D
  -------------------------------------------------------------------    -------------------

Slack:                    inf
  Source:                 CD/Counter_reg[1]/C
                            (rising edge-triggered cell FDRE)
  Destination:            CD/Counter_reg[0]/D
  Path Group:             (none)
  Path Type:              Min at Fast Process Corner
  Data Path Delay:        0.295ns  (logic 0.227ns (77.066%)  route 0.068ns (22.934%))
  Logic Levels:           2  (FDRE=1 LUT2=1)

    Location             Delay type                Incr(ns)  Path(ns)    Netlist Resource(s)
  -------------------------------------------------------------------    -------------------
    SLICE_X51Y96         FDRE                         0.000     0.000 r  CD/Counter_reg[1]/C
    SLICE_X51Y96         FDRE (Prop_fdre_C_Q)         0.128     0.128 f  CD/Counter_reg[1]/Q
                         net (fo=3, routed)           0.068     0.196    CD/Counter[1]
    SLICE_X51Y96         LUT2 (Prop_lut2_I1_O)        0.099     0.295 r  CD/Counter[0]_i_1/O
                         net (fo=1, routed)           0.000     0.295    CD/Counter[0]_i_1_n_0
    SLICE_X51Y96         FDRE                                         r  CD/Counter_reg[0]/D
  -------------------------------------------------------------------    -------------------

Slack:                    inf
  Source:                 vga/hvs/VC_reg_reg[1]_rep__4/C
                            (rising edge-triggered cell FDRE)
  Destination:            vga/hvs/VC_reg_reg[4]_rep__0/D
  Path Group:             (none)
  Path Type:              Min at Fast Process Corner
  Data Path Delay:        0.296ns  (logic 0.186ns (62.752%)  route 0.110ns (37.248%))
  Logic Levels:           2  (FDRE=1 LUT5=1)

    Location             Delay type                Incr(ns)  Path(ns)    Netlist Resource(s)
  -------------------------------------------------------------------    -------------------
    SLICE_X43Y74         FDRE                         0.000     0.000 r  vga/hvs/VC_reg_reg[1]_rep__4/C
    SLICE_X43Y74         FDRE (Prop_fdre_C_Q)         0.141     0.141 r  vga/hvs/VC_reg_reg[1]_rep__4/Q
                         net (fo=123, routed)         0.110     0.251    vga/hvs/VC_reg_reg[1]_rep__4_0
    SLICE_X42Y74         LUT5 (Prop_lut5_I1_O)        0.045     0.296 r  vga/hvs/VC_reg[4]_rep__0_i_1/O
                         net (fo=1, routed)           0.000     0.296    vga/hvs/VC_reg[4]_rep__0_i_1_n_0
    SLICE_X42Y74         FDRE                                         r  vga/hvs/VC_reg_reg[4]_rep__0/D
  -------------------------------------------------------------------    -------------------





