Copyright 1986-2022 Xilinx, Inc. All Rights Reserved. Copyright 2022-2024 Advanced Micro Devices, Inc. All Rights Reserved.
---------------------------------------------------------------------------------------------------------------------------------------------
| Tool Version : Vivado v.2024.2 (win64) Build 5239630 Fri Nov 08 22:35:27 MST 2024
| Date         : Thu Apr 24 21:16:01 2025
| Host         : LAPTOP-RH96MGM6 running 64-bit major release  (build 9200)
| Command      : report_control_sets -verbose -file Top_control_sets_placed.rpt
| Design       : Top
| Device       : xc7a100t
---------------------------------------------------------------------------------------------------------------------------------------------

Control Set Information

Table of Contents
-----------------
1. Summary
2. Histogram
3. Flip-Flop Distribution
4. Detailed Control Set Information

1. Summary
----------

+----------------------------------------------------------+-------+
|                          Status                          | Count |
+----------------------------------------------------------+-------+
| Total control sets                                       |    22 |
|    Minimum number of control sets                        |    22 |
|    Addition due to synthesis replication                 |     0 |
|    Addition due to physical synthesis replication        |     0 |
| Unused register locations in slices containing registers |    56 |
+----------------------------------------------------------+-------+
* Control sets can be merged at opt_design using control_set_merge or merge_equivalent_drivers
** Run report_qor_suggestions for automated merging and remapping suggestions


2. Histogram
------------

+--------------------+-------+
|       Fanout       | Count |
+--------------------+-------+
| Total control sets |    22 |
| >= 0 to < 4        |     0 |
| >= 4 to < 6        |     5 |
| >= 6 to < 8        |     9 |
| >= 8 to < 10       |     1 |
| >= 10 to < 12      |     1 |
| >= 12 to < 14      |     3 |
| >= 14 to < 16      |     0 |
| >= 16              |     3 |
+--------------------+-------+
* Control sets can be remapped at either synth_design or opt_design


3. Flip-Flop Distribution
-------------------------

+--------------+-----------------------+------------------------+-----------------+--------------+
| Clock Enable | Synchronous Set/Reset | Asynchronous Set/Reset | Total Registers | Total Slices |
+--------------+-----------------------+------------------------+-----------------+--------------+
| No           | No                    | No                     |            9661 |         4272 |
| No           | No                    | Yes                    |               0 |            0 |
| No           | Yes                   | No                     |              55 |           18 |
| Yes          | No                    | No                     |              59 |           28 |
| Yes          | No                    | Yes                    |               0 |            0 |
| Yes          | Yes                   | No                     |              89 |           35 |
+--------------+-----------------------+------------------------+-----------------+--------------+


4. Detailed Control Set Information
-----------------------------------

+----------------------+--------------------------------+------------------------------+------------------+----------------+--------------+
|     Clock Signal     |          Enable Signal         |       Set/Reset Signal       | Slice Load Count | Bel Load Count | Bels / Slice |
+----------------------+--------------------------------+------------------------------+------------------+----------------+--------------+
|  CLK100MHZ_IBUF_BUFG | cas/ac/PixelCount[3]_i_1_n_0   |                              |                2 |              4 |         2.00 |
|  CLK100MHZ_IBUF_BUFG | cas/ac/Live_Counter[3]_i_1_n_0 |                              |                2 |              4 |         2.00 |
|  CLK_BUFG            |                                | vga/hvs/vcCounter[3]_i_1_n_0 |                1 |              4 |         4.00 |
|  CLK_BUFG            |                                | vga/hvs/hcCounter[3]_i_1_n_0 |                1 |              4 |         4.00 |
|  CLK_BUFG            |                                | RESET_IBUF                   |                3 |              5 |         1.67 |
|  CLK100MHZ_IBUF_BUFG | cas/ac/RowCount                | cas/ac/RowCount0             |                2 |              6 |         3.00 |
|  CLK100MHZ_IBUF_BUFG | cas/sp/currentRow[5]_i_1_n_0   | cas/sp/currentCol[6]_i_1_n_0 |                2 |              6 |         3.00 |
|  CLK100MHZ_IBUF_BUFG | cas/ui/colcount[6]_i_1_n_0     |                              |                4 |              6 |         1.50 |
|  CLK100MHZ_IBUF_BUFG | cas/ui/rowcount[5]_i_1_n_0     |                              |                3 |              6 |         2.00 |
|  CLK100MHZ_IBUF_BUFG |                                | RESET_IBUF                   |                3 |              7 |         2.33 |
|  CLK100MHZ_IBUF_BUFG | cas/ac/ColCount                | cas/ac/RowCount0             |                2 |              7 |         3.50 |
|  CLK100MHZ_IBUF_BUFG | cas/sp/currentCol[6]_i_2_n_0   | cas/sp/currentCol[6]_i_1_n_0 |                2 |              7 |         3.50 |
|  CLK_BUFG            |                                |                              |                4 |              7 |         1.75 |
|  CLK_BUFG            | vga/hvs/HC_reg[6]_i_2_n_0      | vga/hvs/HC_reg[6]_i_1_n_0    |                4 |              7 |         1.75 |
|  CLK_BUFG            |                                | vga/hvs/HCount[8]_i_1_n_0    |                3 |              9 |         3.00 |
|  CLK_BUFG            |                                | vga/hvs/clear                |                4 |             10 |         2.50 |
|  CLK100MHZ_IBUF_BUFG | cas/sp/Write0                  |                              |                6 |             13 |         2.17 |
|  CLK100MHZ_IBUF_BUFG | cas/ac/Row[5]_i_1_n_0          |                              |                8 |             13 |         1.62 |
|  CLK100MHZ_IBUF_BUFG | cas/ui/row[5]_i_1_n_0          |                              |                3 |             13 |         4.33 |
|  CLK100MHZ_IBUF_BUFG |                                | cas/sp/lfsr/test[15]_i_1_n_0 |                3 |             16 |         5.33 |
|  CLK_BUFG            | vga/hvs/vcCounter_reg_n_0_[3]  | vga/hvs/VC_reg[5]_i_1_n_0    |               23 |             56 |         2.43 |
|  CLK100MHZ_IBUF_BUFG |                                |                              |             4268 |           9654 |         2.26 |
+----------------------+--------------------------------+------------------------------+------------------+----------------+--------------+


