
*** Running vivado
    with args -log top.vds -m64 -product Vivado -mode batch -messageDb vivado.pb -notrace -source top.tcl


****** Vivado v2024.2 (64-bit)
  **** SW Build 5239630 on Fri Nov 08 22:34:34 MST 2024
  **** IP Build 5239520 on Sun Nov 10 16:12:51 MST 2024
  **** SharedData Build 5239561 on Fri Nov 08 14:39:27 MST 2024
  **** Start of session at: Mon Mar 24 14:17:48 2025
    ** Copyright 1986-2022 Xilinx, Inc. All Rights Reserved.
    ** Copyright 2022-2024 Advanced Micro Devices, Inc. All Rights Reserved.

source top.tcl -notrace
Command: read_checkpoint -auto_incremental -incremental /home/student/Desktop/CSEE4280/final_project/final_project.srcs/utils_1/imports/synth_1/processing.dcp
INFO: [Vivado 12-5825] Read reference checkpoint from /home/student/Desktop/CSEE4280/final_project/final_project.srcs/utils_1/imports/synth_1/processing.dcp for incremental synthesis
INFO: [Vivado 12-7989] Please ensure there are no constraint changes
Command: synth_design -top top -part xc7a100tcsg324-1
Starting synth_design
Attempting to get a license for feature 'Synthesis' and/or device 'xc7a100t'
INFO: [Common 17-349] Got license for feature 'Synthesis' and/or device 'xc7a100t'
INFO: [Device 21-403] Loading part xc7a100tcsg324-1
INFO: [Designutils 20-5440] No compile time benefit to using incremental synthesis; A full resynthesis will be run
INFO: [Designutils 20-4379] Flow is switching to default flow due to incremental criteria not met. If you would like to alter this behaviour and have the flow terminate instead, please set the following parameter config_implementation {autoIncr.Synth.RejectBehavior Terminate}
INFO: [Synth 8-7079] Multithreading enabled for synth_design using a maximum of 7 processes.
INFO: [Synth 8-7078] Launching helper process for spawning children vivado processes
INFO: [Synth 8-7075] Helper process launched with PID 24214
---------------------------------------------------------------------------------
Starting RTL Elaboration : Time (s): cpu = 00:00:06 ; elapsed = 00:00:06 . Memory (MB): peak = 1871.613 ; gain = 427.801 ; free physical = 4552 ; free virtual = 6773
---------------------------------------------------------------------------------
INFO: [Synth 8-11241] undeclared symbol 'clk', assumed default net type 'wire' [/home/student/Desktop/CSEE4280/final_project/final_project.srcs/sources_1/new/top.sv:43]
INFO: [Synth 8-6157] synthesizing module 'top' [/home/student/Desktop/CSEE4280/final_project/final_project.srcs/sources_1/new/top.sv:23]
INFO: [Synth 8-6157] synthesizing module 'Memory' [/home/student/Desktop/CSEE4280/final_project/final_project.srcs/sources_1/new/Memory.sv:23]
INFO: [Synth 8-6157] synthesizing module 'DualPort' [/home/student/Desktop/CSEE4280/final_project/final_project.srcs/sources_1/new/DualPort.sv:1]
INFO: [Synth 8-6155] done synthesizing module 'DualPort' (0#1) [/home/student/Desktop/CSEE4280/final_project/final_project.srcs/sources_1/new/DualPort.sv:1]
INFO: [Synth 8-6155] done synthesizing module 'Memory' (0#1) [/home/student/Desktop/CSEE4280/final_project/final_project.srcs/sources_1/new/Memory.sv:23]
INFO: [Synth 8-6155] done synthesizing module 'top' (0#1) [/home/student/Desktop/CSEE4280/final_project/final_project.srcs/sources_1/new/top.sv:23]
WARNING: [Synth 8-11357] Potential Runtime issue for 3D-RAM or RAM from Record/Structs for RAM  m_data_reg with 9600 registers
WARNING: [Synth 8-3848] Net clk in module/entity top does not have driver. [/home/student/Desktop/CSEE4280/final_project/final_project.srcs/sources_1/new/top.sv:43]
WARNING: [Synth 8-3848] Net clk in module/entity top does not have driver. [/home/student/Desktop/CSEE4280/final_project/final_project.srcs/sources_1/new/top.sv:43]
WARNING: [Synth 8-7129] Port reset in module DualPort is either unconnected or has no load
---------------------------------------------------------------------------------
Finished RTL Elaboration : Time (s): cpu = 00:00:22 ; elapsed = 00:00:23 . Memory (MB): peak = 2386.715 ; gain = 942.902 ; free physical = 4022 ; free virtual = 6251
---------------------------------------------------------------------------------
---------------------------------------------------------------------------------
Start Handling Custom Attributes
---------------------------------------------------------------------------------
---------------------------------------------------------------------------------
Finished Handling Custom Attributes : Time (s): cpu = 00:00:24 ; elapsed = 00:00:26 . Memory (MB): peak = 2392.652 ; gain = 948.840 ; free physical = 4019 ; free virtual = 6248
---------------------------------------------------------------------------------
---------------------------------------------------------------------------------
Finished RTL Optimization Phase 1 : Time (s): cpu = 00:00:24 ; elapsed = 00:00:26 . Memory (MB): peak = 2392.652 ; gain = 948.840 ; free physical = 4019 ; free virtual = 6248
---------------------------------------------------------------------------------
Netlist sorting complete. Time (s): cpu = 00:00:01 ; elapsed = 00:00:01 . Memory (MB): peak = 2392.652 ; gain = 0.000 ; free physical = 4010 ; free virtual = 6240
INFO: [Project 1-570] Preparing netlist for logic optimization

Processing XDC Constraints
Initializing timing engine
Parsing XDC File [/home/student/Desktop/CSEE4280/final_project/final_project.srcs/constrs_1/imports/xdc/Nexys-A7-100T-Master.xdc]
WARNING: [Vivado 12-584] No ports matched 'SW[7]'. [/home/student/Desktop/CSEE4280/final_project/final_project.srcs/constrs_1/imports/xdc/Nexys-A7-100T-Master.xdc:21]
CRITICAL WARNING: [Common 17-55] 'set_property' expects at least one object. [/home/student/Desktop/CSEE4280/final_project/final_project.srcs/constrs_1/imports/xdc/Nexys-A7-100T-Master.xdc:21]
Resolution: If [get_<value>] was used to populate the object, check to make sure this command returns at least one valid object.
WARNING: [Vivado 12-584] No ports matched 'SW[8]'. [/home/student/Desktop/CSEE4280/final_project/final_project.srcs/constrs_1/imports/xdc/Nexys-A7-100T-Master.xdc:22]
CRITICAL WARNING: [Common 17-55] 'set_property' expects at least one object. [/home/student/Desktop/CSEE4280/final_project/final_project.srcs/constrs_1/imports/xdc/Nexys-A7-100T-Master.xdc:22]
Resolution: If [get_<value>] was used to populate the object, check to make sure this command returns at least one valid object.
WARNING: [Vivado 12-584] No ports matched 'SW[9]'. [/home/student/Desktop/CSEE4280/final_project/final_project.srcs/constrs_1/imports/xdc/Nexys-A7-100T-Master.xdc:23]
CRITICAL WARNING: [Common 17-55] 'set_property' expects at least one object. [/home/student/Desktop/CSEE4280/final_project/final_project.srcs/constrs_1/imports/xdc/Nexys-A7-100T-Master.xdc:23]
Resolution: If [get_<value>] was used to populate the object, check to make sure this command returns at least one valid object.
WARNING: [Vivado 12-584] No ports matched 'SW[10]'. [/home/student/Desktop/CSEE4280/final_project/final_project.srcs/constrs_1/imports/xdc/Nexys-A7-100T-Master.xdc:24]
CRITICAL WARNING: [Common 17-55] 'set_property' expects at least one object. [/home/student/Desktop/CSEE4280/final_project/final_project.srcs/constrs_1/imports/xdc/Nexys-A7-100T-Master.xdc:24]
Resolution: If [get_<value>] was used to populate the object, check to make sure this command returns at least one valid object.
WARNING: [Vivado 12-584] No ports matched 'SW[11]'. [/home/student/Desktop/CSEE4280/final_project/final_project.srcs/constrs_1/imports/xdc/Nexys-A7-100T-Master.xdc:25]
CRITICAL WARNING: [Common 17-55] 'set_property' expects at least one object. [/home/student/Desktop/CSEE4280/final_project/final_project.srcs/constrs_1/imports/xdc/Nexys-A7-100T-Master.xdc:25]
Resolution: If [get_<value>] was used to populate the object, check to make sure this command returns at least one valid object.
WARNING: [Vivado 12-584] No ports matched 'SW[12]'. [/home/student/Desktop/CSEE4280/final_project/final_project.srcs/constrs_1/imports/xdc/Nexys-A7-100T-Master.xdc:26]
CRITICAL WARNING: [Common 17-55] 'set_property' expects at least one object. [/home/student/Desktop/CSEE4280/final_project/final_project.srcs/constrs_1/imports/xdc/Nexys-A7-100T-Master.xdc:26]
Resolution: If [get_<value>] was used to populate the object, check to make sure this command returns at least one valid object.
WARNING: [Vivado 12-584] No ports matched 'SW[13]'. [/home/student/Desktop/CSEE4280/final_project/final_project.srcs/constrs_1/imports/xdc/Nexys-A7-100T-Master.xdc:27]
CRITICAL WARNING: [Common 17-55] 'set_property' expects at least one object. [/home/student/Desktop/CSEE4280/final_project/final_project.srcs/constrs_1/imports/xdc/Nexys-A7-100T-Master.xdc:27]
Resolution: If [get_<value>] was used to populate the object, check to make sure this command returns at least one valid object.
WARNING: [Vivado 12-584] No ports matched 'SW[14]'. [/home/student/Desktop/CSEE4280/final_project/final_project.srcs/constrs_1/imports/xdc/Nexys-A7-100T-Master.xdc:28]
CRITICAL WARNING: [Common 17-55] 'set_property' expects at least one object. [/home/student/Desktop/CSEE4280/final_project/final_project.srcs/constrs_1/imports/xdc/Nexys-A7-100T-Master.xdc:28]
Resolution: If [get_<value>] was used to populate the object, check to make sure this command returns at least one valid object.
WARNING: [Vivado 12-584] No ports matched 'SW[15]'. [/home/student/Desktop/CSEE4280/final_project/final_project.srcs/constrs_1/imports/xdc/Nexys-A7-100T-Master.xdc:29]
CRITICAL WARNING: [Common 17-55] 'set_property' expects at least one object. [/home/student/Desktop/CSEE4280/final_project/final_project.srcs/constrs_1/imports/xdc/Nexys-A7-100T-Master.xdc:29]
Resolution: If [get_<value>] was used to populate the object, check to make sure this command returns at least one valid object.
WARNING: [Vivado 12-584] No ports matched 'LED[4]'. [/home/student/Desktop/CSEE4280/final_project/final_project.srcs/constrs_1/imports/xdc/Nexys-A7-100T-Master.xdc:36]
CRITICAL WARNING: [Common 17-55] 'set_property' expects at least one object. [/home/student/Desktop/CSEE4280/final_project/final_project.srcs/constrs_1/imports/xdc/Nexys-A7-100T-Master.xdc:36]
Resolution: If [get_<value>] was used to populate the object, check to make sure this command returns at least one valid object.
WARNING: [Vivado 12-584] No ports matched 'LED[5]'. [/home/student/Desktop/CSEE4280/final_project/final_project.srcs/constrs_1/imports/xdc/Nexys-A7-100T-Master.xdc:37]
CRITICAL WARNING: [Common 17-55] 'set_property' expects at least one object. [/home/student/Desktop/CSEE4280/final_project/final_project.srcs/constrs_1/imports/xdc/Nexys-A7-100T-Master.xdc:37]
Resolution: If [get_<value>] was used to populate the object, check to make sure this command returns at least one valid object.
WARNING: [Vivado 12-584] No ports matched 'LED[6]'. [/home/student/Desktop/CSEE4280/final_project/final_project.srcs/constrs_1/imports/xdc/Nexys-A7-100T-Master.xdc:38]
CRITICAL WARNING: [Common 17-55] 'set_property' expects at least one object. [/home/student/Desktop/CSEE4280/final_project/final_project.srcs/constrs_1/imports/xdc/Nexys-A7-100T-Master.xdc:38]
Resolution: If [get_<value>] was used to populate the object, check to make sure this command returns at least one valid object.
WARNING: [Vivado 12-584] No ports matched 'LED[7]'. [/home/student/Desktop/CSEE4280/final_project/final_project.srcs/constrs_1/imports/xdc/Nexys-A7-100T-Master.xdc:39]
CRITICAL WARNING: [Common 17-55] 'set_property' expects at least one object. [/home/student/Desktop/CSEE4280/final_project/final_project.srcs/constrs_1/imports/xdc/Nexys-A7-100T-Master.xdc:39]
Resolution: If [get_<value>] was used to populate the object, check to make sure this command returns at least one valid object.
WARNING: [Vivado 12-584] No ports matched 'LED[8]'. [/home/student/Desktop/CSEE4280/final_project/final_project.srcs/constrs_1/imports/xdc/Nexys-A7-100T-Master.xdc:40]
CRITICAL WARNING: [Common 17-55] 'set_property' expects at least one object. [/home/student/Desktop/CSEE4280/final_project/final_project.srcs/constrs_1/imports/xdc/Nexys-A7-100T-Master.xdc:40]
Resolution: If [get_<value>] was used to populate the object, check to make sure this command returns at least one valid object.
WARNING: [Vivado 12-584] No ports matched 'LED[9]'. [/home/student/Desktop/CSEE4280/final_project/final_project.srcs/constrs_1/imports/xdc/Nexys-A7-100T-Master.xdc:41]
CRITICAL WARNING: [Common 17-55] 'set_property' expects at least one object. [/home/student/Desktop/CSEE4280/final_project/final_project.srcs/constrs_1/imports/xdc/Nexys-A7-100T-Master.xdc:41]
Resolution: If [get_<value>] was used to populate the object, check to make sure this command returns at least one valid object.
WARNING: [Vivado 12-584] No ports matched 'LED[10]'. [/home/student/Desktop/CSEE4280/final_project/final_project.srcs/constrs_1/imports/xdc/Nexys-A7-100T-Master.xdc:42]
CRITICAL WARNING: [Common 17-55] 'set_property' expects at least one object. [/home/student/Desktop/CSEE4280/final_project/final_project.srcs/constrs_1/imports/xdc/Nexys-A7-100T-Master.xdc:42]
Resolution: If [get_<value>] was used to populate the object, check to make sure this command returns at least one valid object.
WARNING: [Vivado 12-584] No ports matched 'LED[11]'. [/home/student/Desktop/CSEE4280/final_project/final_project.srcs/constrs_1/imports/xdc/Nexys-A7-100T-Master.xdc:43]
CRITICAL WARNING: [Common 17-55] 'set_property' expects at least one object. [/home/student/Desktop/CSEE4280/final_project/final_project.srcs/constrs_1/imports/xdc/Nexys-A7-100T-Master.xdc:43]
Resolution: If [get_<value>] was used to populate the object, check to make sure this command returns at least one valid object.
WARNING: [Vivado 12-584] No ports matched 'LED[12]'. [/home/student/Desktop/CSEE4280/final_project/final_project.srcs/constrs_1/imports/xdc/Nexys-A7-100T-Master.xdc:44]
CRITICAL WARNING: [Common 17-55] 'set_property' expects at least one object. [/home/student/Desktop/CSEE4280/final_project/final_project.srcs/constrs_1/imports/xdc/Nexys-A7-100T-Master.xdc:44]
Resolution: If [get_<value>] was used to populate the object, check to make sure this command returns at least one valid object.
WARNING: [Vivado 12-584] No ports matched 'LED[13]'. [/home/student/Desktop/CSEE4280/final_project/final_project.srcs/constrs_1/imports/xdc/Nexys-A7-100T-Master.xdc:45]
CRITICAL WARNING: [Common 17-55] 'set_property' expects at least one object. [/home/student/Desktop/CSEE4280/final_project/final_project.srcs/constrs_1/imports/xdc/Nexys-A7-100T-Master.xdc:45]
Resolution: If [get_<value>] was used to populate the object, check to make sure this command returns at least one valid object.
WARNING: [Vivado 12-584] No ports matched 'LED[14]'. [/home/student/Desktop/CSEE4280/final_project/final_project.srcs/constrs_1/imports/xdc/Nexys-A7-100T-Master.xdc:46]
CRITICAL WARNING: [Common 17-55] 'set_property' expects at least one object. [/home/student/Desktop/CSEE4280/final_project/final_project.srcs/constrs_1/imports/xdc/Nexys-A7-100T-Master.xdc:46]
Resolution: If [get_<value>] was used to populate the object, check to make sure this command returns at least one valid object.
WARNING: [Vivado 12-584] No ports matched 'LED[15]'. [/home/student/Desktop/CSEE4280/final_project/final_project.srcs/constrs_1/imports/xdc/Nexys-A7-100T-Master.xdc:47]
CRITICAL WARNING: [Common 17-55] 'set_property' expects at least one object. [/home/student/Desktop/CSEE4280/final_project/final_project.srcs/constrs_1/imports/xdc/Nexys-A7-100T-Master.xdc:47]
Resolution: If [get_<value>] was used to populate the object, check to make sure this command returns at least one valid object.
WARNING: [Vivado 12-584] No ports matched 'BTNC'. [/home/student/Desktop/CSEE4280/final_project/final_project.srcs/constrs_1/imports/xdc/Nexys-A7-100T-Master.xdc:77]
CRITICAL WARNING: [Common 17-55] 'set_property' expects at least one object. [/home/student/Desktop/CSEE4280/final_project/final_project.srcs/constrs_1/imports/xdc/Nexys-A7-100T-Master.xdc:77]
Resolution: If [get_<value>] was used to populate the object, check to make sure this command returns at least one valid object.
Finished Parsing XDC File [/home/student/Desktop/CSEE4280/final_project/final_project.srcs/constrs_1/imports/xdc/Nexys-A7-100T-Master.xdc]
INFO: [Project 1-236] Implementation specific constraints were found while reading constraint file [/home/student/Desktop/CSEE4280/final_project/final_project.srcs/constrs_1/imports/xdc/Nexys-A7-100T-Master.xdc]. These constraints will be ignored for synthesis but will be used in implementation. Impacted constraints are listed in the file [.Xil/top_propImpl.xdc].
Resolution: To avoid this warning, move constraints listed in [.Xil/top_propImpl.xdc] to another XDC file and exclude this new file from synthesis with the used_in_synthesis property (File Properties dialog in GUI) and re-run elaboration/synthesis.
Completed Processing XDC Constraints

Netlist sorting complete. Time (s): cpu = 00:00:00.02 ; elapsed = 00:00:00.02 . Memory (MB): peak = 2526.129 ; gain = 0.000 ; free physical = 3978 ; free virtual = 6219
INFO: [Project 1-111] Unisim Transformation Summary:
No Unisim elements were transformed.

---------------------------------------------------------------------------------
Finished RTL Optimization Phase 2 : Time (s): cpu = 00:01:17 ; elapsed = 00:01:17 . Memory (MB): peak = 2550.141 ; gain = 1106.328 ; free physical = 154 ; free virtual = 1552
---------------------------------------------------------------------------------
---------------------------------------------------------------------------------
Start RTL Component Statistics 
---------------------------------------------------------------------------------
Detailed RTL Component Info : 
+---Adders : 
	   2 Input    7 Bit       Adders := 2     
	   2 Input    6 Bit       Adders := 2     
+---Registers : 
	                7 Bit    Registers := 1     
	                6 Bit    Registers := 1     
	                2 Bit    Registers := 9600  
+---Muxes : 
	   2 Input    7 Bit        Muxes := 2     
	   2 Input    6 Bit        Muxes := 2     
	   2 Input    2 Bit        Muxes := 2     
---------------------------------------------------------------------------------
Finished RTL Component Statistics 
---------------------------------------------------------------------------------
---------------------------------------------------------------------------------
Start Part Resource Summary
---------------------------------------------------------------------------------
Part Resources:
DSPs: 240 (col length:80)
BRAMs: 270 (col length: RAMB18 80 RAMB36 40)
---------------------------------------------------------------------------------
Finished Part Resource Summary
---------------------------------------------------------------------------------
---------------------------------------------------------------------------------
Start Cross Boundary and Area Optimization
---------------------------------------------------------------------------------
WARNING: [Synth 8-7080] Parallel synthesis criteria is not met
WARNING: [Synth 8-7129] Port SW[6] in module top is either unconnected or has no load
---------------------------------------------------------------------------------
Finished Cross Boundary and Area Optimization : Time (s): cpu = 00:02:42 ; elapsed = 00:02:43 . Memory (MB): peak = 2550.141 ; gain = 1106.328 ; free physical = 132 ; free virtual = 1522
---------------------------------------------------------------------------------
---------------------------------------------------------------------------------
Start Applying XDC Timing Constraints
---------------------------------------------------------------------------------
---------------------------------------------------------------------------------
Finished Applying XDC Timing Constraints : Time (s): cpu = 00:03:26 ; elapsed = 00:02:54 . Memory (MB): peak = 2554.059 ; gain = 1110.246 ; free physical = 893 ; free virtual = 2363
---------------------------------------------------------------------------------
---------------------------------------------------------------------------------
Start Timing Optimization
---------------------------------------------------------------------------------
---------------------------------------------------------------------------------
Finished Timing Optimization : Time (s): cpu = 00:03:26 ; elapsed = 00:02:54 . Memory (MB): peak = 2554.059 ; gain = 1110.246 ; free physical = 893 ; free virtual = 2363
---------------------------------------------------------------------------------
---------------------------------------------------------------------------------
Start Technology Mapping
---------------------------------------------------------------------------------
---------------------------------------------------------------------------------
Finished Technology Mapping : Time (s): cpu = 00:03:27 ; elapsed = 00:02:56 . Memory (MB): peak = 2554.059 ; gain = 1110.246 ; free physical = 892 ; free virtual = 2363
---------------------------------------------------------------------------------
---------------------------------------------------------------------------------
Start IO Insertion
---------------------------------------------------------------------------------
---------------------------------------------------------------------------------
Start Flattening Before IO Insertion
---------------------------------------------------------------------------------
---------------------------------------------------------------------------------
Finished Flattening Before IO Insertion
---------------------------------------------------------------------------------
---------------------------------------------------------------------------------
Start Final Netlist Cleanup
---------------------------------------------------------------------------------
---------------------------------------------------------------------------------
Finished Final Netlist Cleanup
---------------------------------------------------------------------------------
---------------------------------------------------------------------------------
Finished IO Insertion : Time (s): cpu = 00:03:34 ; elapsed = 00:03:02 . Memory (MB): peak = 2554.059 ; gain = 1110.246 ; free physical = 893 ; free virtual = 2364
---------------------------------------------------------------------------------
---------------------------------------------------------------------------------
Start Renaming Generated Instances
---------------------------------------------------------------------------------
---------------------------------------------------------------------------------
Finished Renaming Generated Instances : Time (s): cpu = 00:03:34 ; elapsed = 00:03:02 . Memory (MB): peak = 2554.059 ; gain = 1110.246 ; free physical = 893 ; free virtual = 2364
---------------------------------------------------------------------------------
---------------------------------------------------------------------------------
Start Rebuilding User Hierarchy
---------------------------------------------------------------------------------
---------------------------------------------------------------------------------
Finished Rebuilding User Hierarchy : Time (s): cpu = 00:03:34 ; elapsed = 00:03:02 . Memory (MB): peak = 2554.059 ; gain = 1110.246 ; free physical = 893 ; free virtual = 2364
---------------------------------------------------------------------------------
---------------------------------------------------------------------------------
Start Renaming Generated Ports
---------------------------------------------------------------------------------
---------------------------------------------------------------------------------
Finished Renaming Generated Ports : Time (s): cpu = 00:03:34 ; elapsed = 00:03:02 . Memory (MB): peak = 2554.059 ; gain = 1110.246 ; free physical = 892 ; free virtual = 2364
---------------------------------------------------------------------------------
---------------------------------------------------------------------------------
Start Handling Custom Attributes
---------------------------------------------------------------------------------
---------------------------------------------------------------------------------
Finished Handling Custom Attributes : Time (s): cpu = 00:03:34 ; elapsed = 00:03:02 . Memory (MB): peak = 2554.059 ; gain = 1110.246 ; free physical = 892 ; free virtual = 2364
---------------------------------------------------------------------------------
---------------------------------------------------------------------------------
Start Renaming Generated Nets
---------------------------------------------------------------------------------
---------------------------------------------------------------------------------
Finished Renaming Generated Nets : Time (s): cpu = 00:03:34 ; elapsed = 00:03:02 . Memory (MB): peak = 2554.059 ; gain = 1110.246 ; free physical = 892 ; free virtual = 2364
---------------------------------------------------------------------------------
---------------------------------------------------------------------------------
Start Writing Synthesis Report
---------------------------------------------------------------------------------

Report BlackBoxes: 
+-+--------------+----------+
| |BlackBox name |Instances |
+-+--------------+----------+
+-+--------------+----------+

Report Cell Usage: 
+------+------+------+
|      |Cell  |Count |
+------+------+------+
|1     |LUT1  |     4|
|2     |LUT6  |     8|
|3     |OBUFT |     4|
+------+------+------+
---------------------------------------------------------------------------------
Finished Writing Synthesis Report : Time (s): cpu = 00:03:34 ; elapsed = 00:03:02 . Memory (MB): peak = 2554.059 ; gain = 1110.246 ; free physical = 892 ; free virtual = 2364
---------------------------------------------------------------------------------
Synthesis finished with 0 errors, 0 critical warnings and 2 warnings.
Synthesis Optimization Runtime : Time (s): cpu = 00:03:21 ; elapsed = 00:02:53 . Memory (MB): peak = 2554.059 ; gain = 964.848 ; free physical = 4907 ; free virtual = 6389
Synthesis Optimization Complete : Time (s): cpu = 00:03:34 ; elapsed = 00:03:05 . Memory (MB): peak = 2554.059 ; gain = 1110.246 ; free physical = 4907 ; free virtual = 6389
INFO: [Project 1-571] Translating synthesized netlist
Netlist sorting complete. Time (s): cpu = 00:00:00 ; elapsed = 00:00:00 . Memory (MB): peak = 2554.059 ; gain = 0.000 ; free physical = 4907 ; free virtual = 6392
INFO: [Project 1-570] Preparing netlist for logic optimization
INFO: [Opt 31-138] Pushed 0 inverter(s) to 0 load pin(s).
Netlist sorting complete. Time (s): cpu = 00:00:00 ; elapsed = 00:00:00 . Memory (MB): peak = 2554.059 ; gain = 0.000 ; free physical = 4891 ; free virtual = 6394
INFO: [Project 1-111] Unisim Transformation Summary:
No Unisim elements were transformed.

Synth Design complete | Checksum: 2ca7d1c0
INFO: [Common 17-83] Releasing license: Synthesis
26 Infos, 28 Warnings, 22 Critical Warnings and 0 Errors encountered.
synth_design completed successfully
synth_design: Time (s): cpu = 00:03:41 ; elapsed = 00:03:12 . Memory (MB): peak = 2554.059 ; gain = 1189.777 ; free physical = 4891 ; free virtual = 6393
INFO: [Common 17-2834] synth_design peak Physical Memory [PSS] (MB): overall = 6587.364; main = 1705.762; forked = 5096.334
INFO: [Common 17-2834] synth_design peak Virtual Memory [VSS] (MB): overall = 15282.910; main = 2550.145; forked = 12732.766
INFO: [runtcl-6] Synthesis results are not added to the cache due to CRITICAL_WARNING
Write ShapeDB Complete: Time (s): cpu = 00:00:00 ; elapsed = 00:00:00.01 . Memory (MB): peak = 2566.148 ; gain = 0.000 ; free physical = 4889 ; free virtual = 6393
INFO: [Common 17-1381] The checkpoint '/home/student/Desktop/CSEE4280/final_project/final_project.runs/synth_1/top.dcp' has been generated.
INFO: [Vivado 12-24828] Executing command : report_utilization -file top_utilization_synth.rpt -pb top_utilization_synth.pb
INFO: [Common 17-206] Exiting Vivado at Mon Mar 24 14:21:08 2025...
