Copyright 1986-2022 Xilinx, Inc. All Rights Reserved. Copyright 2022-2024 Advanced Micro Devices, Inc. All Rights Reserved.
------------------------------------------------------------------------------------------------------------------------------------------------------------------------------------------------------
| Tool Version : Vivado v.2024.2 (lin64) Build 5239630 Fri Nov 08 22:34:34 MST 2024
| Date         : Fri Apr 25 14:51:40 2025
| Host         : CSEE4280 running 64-bit Ubuntu 20.04.6 LTS
| Command      : report_timing_summary -max_paths 10 -report_unconstrained -file Top_timing_summary_routed.rpt -pb Top_timing_summary_routed.pb -rpx Top_timing_summary_routed.rpx -warn_on_violation
| Design       : Top
| Device       : 7a100t-csg324
| Speed File   : -1  PRODUCTION 1.23 2018-06-13
| Design State : Routed
------------------------------------------------------------------------------------------------------------------------------------------------------------------------------------------------------

Timing Summary Report

------------------------------------------------------------------------------------------------
| Timer Settings
| --------------
------------------------------------------------------------------------------------------------

  Enable Multi Corner Analysis               :  Yes
  Enable Pessimism Removal                   :  Yes
  Pessimism Removal Resolution               :  Nearest Common Node
  Enable Input Delay Default Clock           :  No
  Enable Preset / Clear Arcs                 :  No
  Disable Flight Delays                      :  No
  Ignore I/O Paths                           :  No
  Timing Early Launch at Borrowing Latches   :  No
  Borrow Time for Max Delay Exceptions       :  Yes
  Merge Timing Exceptions                    :  Yes
  Inter-SLR Compensation                     :  Conservative

  Corner  Analyze    Analyze    
  Name    Max Paths  Min Paths  
  ------  ---------  ---------  
  Slow    Yes        Yes        
  Fast    Yes        Yes        


------------------------------------------------------------------------------------------------
| Report Methodology
| ------------------
------------------------------------------------------------------------------------------------

Rule       Severity          Description                  Violations  
---------  ----------------  ---------------------------  ----------  
TIMING-17  Critical Warning  Non-clocked sequential cell  1000        

Note: This report is based on the most recent report_methodology run and may not be up-to-date. Run report_methodology on the current design for the latest report.



check_timing report

Table of Contents
-----------------
1. checking no_clock (19550)
2. checking constant_clock (0)
3. checking pulse_width_clock (0)
4. checking unconstrained_internal_endpoints (19989)
5. checking no_input_delay (8)
6. checking no_output_delay (17)
7. checking multiple_clock (0)
8. checking generated_clocks (0)
9. checking loops (0)
10. checking partial_input_delay (0)
11. checking partial_output_delay (0)
12. checking latch_loops (0)

1. checking no_clock (19550)
----------------------------
 There are 19366 register/latch pins with no clock driven by root clock pin: CLK100MHZ (HIGH)

 There are 184 register/latch pins with no clock driven by root clock pin: CD/Clk_25_MHZ_reg_reg/Q (HIGH)


2. checking constant_clock (0)
------------------------------
 There are 0 register/latch pins with constant_clock.


3. checking pulse_width_clock (0)
---------------------------------
 There are 0 register/latch pins which need pulse_width check


4. checking unconstrained_internal_endpoints (19989)
----------------------------------------------------
 There are 19989 pins that are not constrained for maximum delay. (HIGH)

 There are 0 pins that are not constrained for maximum delay due to constant clock.


5. checking no_input_delay (8)
------------------------------
 There are 8 input ports with no input delay specified. (HIGH)

 There are 0 input ports with no input delay but user has a false path constraint.


6. checking no_output_delay (17)
--------------------------------
 There are 17 ports with no output delay specified. (HIGH)

 There are 0 ports with no output delay but user has a false path constraint

 There are 0 ports with no output delay but with a timing clock defined on it or propagating through it


7. checking multiple_clock (0)
------------------------------
 There are 0 register/latch pins with multiple clocks.


8. checking generated_clocks (0)
--------------------------------
 There are 0 generated clocks that are not connected to a clock source.


9. checking loops (0)
---------------------
 There are 0 combinational loops in the design.


10. checking partial_input_delay (0)
------------------------------------
 There are 0 input ports with partial input delay specified.


11. checking partial_output_delay (0)
-------------------------------------
 There are 0 ports with partial output delay specified.


12. checking latch_loops (0)
----------------------------
 There are 0 combinational latch loops in the design through latch input



------------------------------------------------------------------------------------------------
| Design Timing Summary
| ---------------------
------------------------------------------------------------------------------------------------

    WNS(ns)      TNS(ns)  TNS Failing Endpoints  TNS Total Endpoints      WHS(ns)      THS(ns)  THS Failing Endpoints  THS Total Endpoints     WPWS(ns)     TPWS(ns)  TPWS Failing Endpoints  TPWS Total Endpoints  
    -------      -------  ---------------------  -------------------      -------      -------  ---------------------  -------------------     --------     --------  ----------------------  --------------------  
        inf        0.000                      0                20006          inf        0.000                      0                20006           NA           NA                      NA                    NA  


There are no user specified timing constraints.


------------------------------------------------------------------------------------------------
| Clock Summary
| -------------
------------------------------------------------------------------------------------------------


------------------------------------------------------------------------------------------------
| Intra Clock Table
| -----------------
------------------------------------------------------------------------------------------------

Clock             WNS(ns)      TNS(ns)  TNS Failing Endpoints  TNS Total Endpoints      WHS(ns)      THS(ns)  THS Failing Endpoints  THS Total Endpoints     WPWS(ns)     TPWS(ns)  TPWS Failing Endpoints  TPWS Total Endpoints  
-----             -------      -------  ---------------------  -------------------      -------      -------  ---------------------  -------------------     --------     --------  ----------------------  --------------------  


------------------------------------------------------------------------------------------------
| Inter Clock Table
| -----------------
------------------------------------------------------------------------------------------------

From Clock    To Clock          WNS(ns)      TNS(ns)  TNS Failing Endpoints  TNS Total Endpoints      WHS(ns)      THS(ns)  THS Failing Endpoints  THS Total Endpoints  
----------    --------          -------      -------  ---------------------  -------------------      -------      -------  ---------------------  -------------------  


------------------------------------------------------------------------------------------------
| Other Path Groups Table
| -----------------------
------------------------------------------------------------------------------------------------

Path Group    From Clock    To Clock          WNS(ns)      TNS(ns)  TNS Failing Endpoints  TNS Total Endpoints      WHS(ns)      THS(ns)  THS Failing Endpoints  THS Total Endpoints  
----------    ----------    --------          -------      -------  ---------------------  -------------------      -------      -------  ---------------------  -------------------  


------------------------------------------------------------------------------------------------
| User Ignored Path Table
| -----------------------
------------------------------------------------------------------------------------------------

Path Group    From Clock    To Clock    
----------    ----------    --------    


------------------------------------------------------------------------------------------------
| Unconstrained Path Table
| ------------------------
------------------------------------------------------------------------------------------------

Path Group    From Clock    To Clock    
----------    ----------    --------    
(none)                                    


------------------------------------------------------------------------------------------------
| Timing Details
| --------------
------------------------------------------------------------------------------------------------


--------------------------------------------------------------------------------------
Path Group:  (none)
From Clock:  
  To Clock:  

Max Delay         20006 Endpoints
Min Delay         20006 Endpoints
--------------------------------------------------------------------------------------


Max Delay Paths
--------------------------------------------------------------------------------------
Slack:                    inf
  Source:                 cas/ui/RandMode_reg/C
                            (rising edge-triggered cell FDRE)
  Destination:            mem/dp2/m_data_reg[31][49][1]/D
  Path Group:             (none)
  Path Type:              Max at Slow Process Corner
  Data Path Delay:        35.702ns  (logic 0.952ns (2.666%)  route 34.750ns (97.334%))
  Logic Levels:           5  (FDRE=1 LUT2=1 LUT5=2 LUT6=1)

    Location             Delay type                Incr(ns)  Path(ns)    Netlist Resource(s)
  -------------------------------------------------------------------    -------------------
    SLICE_X28Y138        FDRE                         0.000     0.000 r  cas/ui/RandMode_reg/C
    SLICE_X28Y138        FDRE (Prop_fdre_C_Q)         0.456     0.456 r  cas/ui/RandMode_reg/Q
                         net (fo=117, routed)         2.834     3.290    cas/ui/keepGoing
    SLICE_X39Y142        LUT5 (Prop_lut5_I0_O)        0.124     3.414 r  cas/ui/m_data[34][31][0]_i_2/O
                         net (fo=930, routed)        11.739    15.153    cas/ui/RandMode_reg_46
    SLICE_X58Y135        LUT2 (Prop_lut2_I0_O)        0.124    15.277 r  cas/ui/m_data[55][79][1]_i_3__0/O
                         net (fo=261, routed)         1.438    16.715    cas/ui/m_data[55][79][1]_i_3__0_n_0
    SLICE_X56Y133        LUT6 (Prop_lut6_I2_O)        0.124    16.839 r  cas/ui/m_data[31][79][1]_i_3__0/O
                         net (fo=172, routed)        18.739    35.578    cas/ui/m_data[31][79][1]_i_3__0_n_0
    SLICE_X86Y111        LUT5 (Prop_lut5_I1_O)        0.124    35.702 r  cas/ui/m_data[31][49][1]_i_1__0/O
                         net (fo=1, routed)           0.000    35.702    mem/dp2/m_data_reg[31][49][1]_1
    SLICE_X86Y111        FDRE                                         r  mem/dp2/m_data_reg[31][49][1]/D
  -------------------------------------------------------------------    -------------------

Slack:                    inf
  Source:                 cas/ui/RandMode_reg/C
                            (rising edge-triggered cell FDRE)
  Destination:            mem/dp2/m_data_reg[15][11][1]/D
  Path Group:             (none)
  Path Type:              Max at Slow Process Corner
  Data Path Delay:        35.698ns  (logic 0.952ns (2.667%)  route 34.746ns (97.333%))
  Logic Levels:           5  (FDRE=1 LUT2=1 LUT5=2 LUT6=1)

    Location             Delay type                Incr(ns)  Path(ns)    Netlist Resource(s)
  -------------------------------------------------------------------    -------------------
    SLICE_X28Y138        FDRE                         0.000     0.000 r  cas/ui/RandMode_reg/C
    SLICE_X28Y138        FDRE (Prop_fdre_C_Q)         0.456     0.456 r  cas/ui/RandMode_reg/Q
                         net (fo=117, routed)         2.834     3.290    cas/ui/keepGoing
    SLICE_X39Y142        LUT5 (Prop_lut5_I0_O)        0.124     3.414 r  cas/ui/m_data[34][31][0]_i_2/O
                         net (fo=930, routed)        11.739    15.153    cas/ui/RandMode_reg_46
    SLICE_X58Y135        LUT2 (Prop_lut2_I0_O)        0.124    15.277 r  cas/ui/m_data[55][79][1]_i_3__0/O
                         net (fo=261, routed)         1.438    16.715    cas/ui/m_data[55][79][1]_i_3__0_n_0
    SLICE_X56Y133        LUT6 (Prop_lut6_I2_O)        0.124    16.839 r  cas/ui/m_data[31][79][1]_i_3__0/O
                         net (fo=172, routed)        18.735    35.574    cas/ui/m_data[31][79][1]_i_3__0_n_0
    SLICE_X87Y109        LUT5 (Prop_lut5_I2_O)        0.124    35.698 r  cas/ui/m_data[15][11][1]_i_1__0/O
                         net (fo=1, routed)           0.000    35.698    mem/dp2/m_data_reg[15][11][1]_1
    SLICE_X87Y109        FDRE                                         r  mem/dp2/m_data_reg[15][11][1]/D
  -------------------------------------------------------------------    -------------------

Slack:                    inf
  Source:                 cas/ui/RandMode_reg/C
                            (rising edge-triggered cell FDRE)
  Destination:            mem/dp2/m_data_reg[15][49][1]/D
  Path Group:             (none)
  Path Type:              Max at Slow Process Corner
  Data Path Delay:        35.557ns  (logic 0.952ns (2.677%)  route 34.605ns (97.323%))
  Logic Levels:           5  (FDRE=1 LUT2=1 LUT5=2 LUT6=1)

    Location             Delay type                Incr(ns)  Path(ns)    Netlist Resource(s)
  -------------------------------------------------------------------    -------------------
    SLICE_X28Y138        FDRE                         0.000     0.000 r  cas/ui/RandMode_reg/C
    SLICE_X28Y138        FDRE (Prop_fdre_C_Q)         0.456     0.456 r  cas/ui/RandMode_reg/Q
                         net (fo=117, routed)         2.834     3.290    cas/ui/keepGoing
    SLICE_X39Y142        LUT5 (Prop_lut5_I0_O)        0.124     3.414 r  cas/ui/m_data[34][31][0]_i_2/O
                         net (fo=930, routed)        11.739    15.153    cas/ui/RandMode_reg_46
    SLICE_X58Y135        LUT2 (Prop_lut2_I0_O)        0.124    15.277 r  cas/ui/m_data[55][79][1]_i_3__0/O
                         net (fo=261, routed)         1.438    16.715    cas/ui/m_data[55][79][1]_i_3__0_n_0
    SLICE_X56Y133        LUT6 (Prop_lut6_I2_O)        0.124    16.839 r  cas/ui/m_data[31][79][1]_i_3__0/O
                         net (fo=172, routed)        18.594    35.433    cas/ui/m_data[31][79][1]_i_3__0_n_0
    SLICE_X88Y107        LUT5 (Prop_lut5_I2_O)        0.124    35.557 r  cas/ui/m_data[15][49][1]_i_1__0/O
                         net (fo=1, routed)           0.000    35.557    mem/dp2/m_data_reg[15][49][1]_1
    SLICE_X88Y107        FDRE                                         r  mem/dp2/m_data_reg[15][49][1]/D
  -------------------------------------------------------------------    -------------------

Slack:                    inf
  Source:                 cas/ui/RandMode_reg/C
                            (rising edge-triggered cell FDRE)
  Destination:            mem/dp2/m_data_reg[15][14][1]/D
  Path Group:             (none)
  Path Type:              Max at Slow Process Corner
  Data Path Delay:        35.329ns  (logic 0.952ns (2.695%)  route 34.377ns (97.305%))
  Logic Levels:           5  (FDRE=1 LUT2=1 LUT5=2 LUT6=1)

    Location             Delay type                Incr(ns)  Path(ns)    Netlist Resource(s)
  -------------------------------------------------------------------    -------------------
    SLICE_X28Y138        FDRE                         0.000     0.000 r  cas/ui/RandMode_reg/C
    SLICE_X28Y138        FDRE (Prop_fdre_C_Q)         0.456     0.456 r  cas/ui/RandMode_reg/Q
                         net (fo=117, routed)         2.834     3.290    cas/ui/keepGoing
    SLICE_X39Y142        LUT5 (Prop_lut5_I0_O)        0.124     3.414 r  cas/ui/m_data[34][31][0]_i_2/O
                         net (fo=930, routed)        11.739    15.153    cas/ui/RandMode_reg_46
    SLICE_X58Y135        LUT2 (Prop_lut2_I0_O)        0.124    15.277 r  cas/ui/m_data[55][79][1]_i_3__0/O
                         net (fo=261, routed)         1.438    16.715    cas/ui/m_data[55][79][1]_i_3__0_n_0
    SLICE_X56Y133        LUT6 (Prop_lut6_I2_O)        0.124    16.839 r  cas/ui/m_data[31][79][1]_i_3__0/O
                         net (fo=172, routed)        18.366    35.205    cas/ui/m_data[31][79][1]_i_3__0_n_0
    SLICE_X85Y109        LUT5 (Prop_lut5_I2_O)        0.124    35.329 r  cas/ui/m_data[15][14][1]_i_1__0/O
                         net (fo=1, routed)           0.000    35.329    mem/dp2/m_data_reg[15][14][1]_1
    SLICE_X85Y109        FDRE                                         r  mem/dp2/m_data_reg[15][14][1]/D
  -------------------------------------------------------------------    -------------------

Slack:                    inf
  Source:                 cas/ui/RandMode_reg/C
                            (rising edge-triggered cell FDRE)
  Destination:            mem/dp2/m_data_reg[31][67][0]/D
  Path Group:             (none)
  Path Type:              Max at Slow Process Corner
  Data Path Delay:        35.210ns  (logic 0.952ns (2.704%)  route 34.258ns (97.296%))
  Logic Levels:           5  (FDRE=1 LUT2=1 LUT5=2 LUT6=1)

    Location             Delay type                Incr(ns)  Path(ns)    Netlist Resource(s)
  -------------------------------------------------------------------    -------------------
    SLICE_X28Y138        FDRE                         0.000     0.000 r  cas/ui/RandMode_reg/C
    SLICE_X28Y138        FDRE (Prop_fdre_C_Q)         0.456     0.456 r  cas/ui/RandMode_reg/Q
                         net (fo=117, routed)         2.834     3.290    cas/ui/keepGoing
    SLICE_X39Y142        LUT5 (Prop_lut5_I0_O)        0.124     3.414 r  cas/ui/m_data[34][31][0]_i_2/O
                         net (fo=930, routed)        11.739    15.153    cas/ui/RandMode_reg_46
    SLICE_X58Y135        LUT2 (Prop_lut2_I0_O)        0.124    15.277 r  cas/ui/m_data[55][79][1]_i_3__0/O
                         net (fo=261, routed)         1.438    16.715    cas/ui/m_data[55][79][1]_i_3__0_n_0
    SLICE_X56Y133        LUT6 (Prop_lut6_I2_O)        0.124    16.839 r  cas/ui/m_data[31][79][1]_i_3__0/O
                         net (fo=172, routed)        18.246    35.086    cas/ui/m_data[31][79][1]_i_3__0_n_0
    SLICE_X82Y105        LUT5 (Prop_lut5_I1_O)        0.124    35.210 r  cas/ui/m_data[31][67][0]_i_1__0/O
                         net (fo=1, routed)           0.000    35.210    mem/dp2/m_data_reg[31][67][0]_1
    SLICE_X82Y105        FDRE                                         r  mem/dp2/m_data_reg[31][67][0]/D
  -------------------------------------------------------------------    -------------------

Slack:                    inf
  Source:                 cas/ui/RandMode_reg/C
                            (rising edge-triggered cell FDRE)
  Destination:            mem/dp2/m_data_reg[31][11][1]/D
  Path Group:             (none)
  Path Type:              Max at Slow Process Corner
  Data Path Delay:        35.143ns  (logic 0.952ns (2.709%)  route 34.191ns (97.291%))
  Logic Levels:           5  (FDRE=1 LUT2=1 LUT5=2 LUT6=1)

    Location             Delay type                Incr(ns)  Path(ns)    Netlist Resource(s)
  -------------------------------------------------------------------    -------------------
    SLICE_X28Y138        FDRE                         0.000     0.000 r  cas/ui/RandMode_reg/C
    SLICE_X28Y138        FDRE (Prop_fdre_C_Q)         0.456     0.456 r  cas/ui/RandMode_reg/Q
                         net (fo=117, routed)         2.834     3.290    cas/ui/keepGoing
    SLICE_X39Y142        LUT5 (Prop_lut5_I0_O)        0.124     3.414 r  cas/ui/m_data[34][31][0]_i_2/O
                         net (fo=930, routed)        11.739    15.153    cas/ui/RandMode_reg_46
    SLICE_X58Y135        LUT2 (Prop_lut2_I0_O)        0.124    15.277 r  cas/ui/m_data[55][79][1]_i_3__0/O
                         net (fo=261, routed)         1.438    16.715    cas/ui/m_data[55][79][1]_i_3__0_n_0
    SLICE_X56Y133        LUT6 (Prop_lut6_I2_O)        0.124    16.839 r  cas/ui/m_data[31][79][1]_i_3__0/O
                         net (fo=172, routed)        18.180    35.019    cas/ui/m_data[31][79][1]_i_3__0_n_0
    SLICE_X81Y108        LUT5 (Prop_lut5_I1_O)        0.124    35.143 r  cas/ui/m_data[31][11][1]_i_1__0/O
                         net (fo=1, routed)           0.000    35.143    mem/dp2/m_data_reg[31][11][1]_1
    SLICE_X81Y108        FDRE                                         r  mem/dp2/m_data_reg[31][11][1]/D
  -------------------------------------------------------------------    -------------------

Slack:                    inf
  Source:                 cas/ui/RandMode_reg/C
                            (rising edge-triggered cell FDRE)
  Destination:            mem/dp1/m_data_reg[35][52][0]/D
  Path Group:             (none)
  Path Type:              Max at Slow Process Corner
  Data Path Delay:        35.050ns  (logic 0.952ns (2.716%)  route 34.098ns (97.284%))
  Logic Levels:           5  (FDRE=1 LUT2=1 LUT5=2 LUT6=1)

    Location             Delay type                Incr(ns)  Path(ns)    Netlist Resource(s)
  -------------------------------------------------------------------    -------------------
    SLICE_X28Y138        FDRE                         0.000     0.000 r  cas/ui/RandMode_reg/C
    SLICE_X28Y138        FDRE (Prop_fdre_C_Q)         0.456     0.456 r  cas/ui/RandMode_reg/Q
                         net (fo=117, routed)         2.228     2.684    cas/ui/keepGoing
    SLICE_X40Y143        LUT5 (Prop_lut5_I0_O)        0.124     2.808 r  cas/ui/m_data[10][22][0]_i_2/O
                         net (fo=1060, routed)       15.788    18.596    cas/ui/RandMode_reg_9
    SLICE_X78Y181        LUT2 (Prop_lut2_I1_O)        0.124    18.720 r  cas/ui/m_data[55][79][1]_i_3/O
                         net (fo=261, routed)         7.597    26.317    cas/ui/m_data[55][79][1]_i_3_n_0
    SLICE_X44Y157        LUT6 (Prop_lut6_I3_O)        0.124    26.441 r  cas/ui/m_data[35][79][1]_i_2/O
                         net (fo=86, routed)          8.485    34.926    cas/ui/m_data[35][79][1]_i_2_n_0
    SLICE_X37Y170        LUT5 (Prop_lut5_I1_O)        0.124    35.050 r  cas/ui/m_data[35][52][0]_i_1/O
                         net (fo=1, routed)           0.000    35.050    mem/dp1/m_data_reg[35][52][0]_1
    SLICE_X37Y170        FDRE                                         r  mem/dp1/m_data_reg[35][52][0]/D
  -------------------------------------------------------------------    -------------------

Slack:                    inf
  Source:                 cas/ui/RandMode_reg/C
                            (rising edge-triggered cell FDRE)
  Destination:            mem/dp1/m_data_reg[35][11][0]/D
  Path Group:             (none)
  Path Type:              Max at Slow Process Corner
  Data Path Delay:        34.895ns  (logic 0.952ns (2.728%)  route 33.943ns (97.272%))
  Logic Levels:           5  (FDRE=1 LUT2=1 LUT5=2 LUT6=1)

    Location             Delay type                Incr(ns)  Path(ns)    Netlist Resource(s)
  -------------------------------------------------------------------    -------------------
    SLICE_X28Y138        FDRE                         0.000     0.000 r  cas/ui/RandMode_reg/C
    SLICE_X28Y138        FDRE (Prop_fdre_C_Q)         0.456     0.456 r  cas/ui/RandMode_reg/Q
                         net (fo=117, routed)         2.228     2.684    cas/ui/keepGoing
    SLICE_X40Y143        LUT5 (Prop_lut5_I0_O)        0.124     2.808 r  cas/ui/m_data[10][22][0]_i_2/O
                         net (fo=1060, routed)       15.788    18.596    cas/ui/RandMode_reg_9
    SLICE_X78Y181        LUT2 (Prop_lut2_I1_O)        0.124    18.720 r  cas/ui/m_data[55][79][1]_i_3/O
                         net (fo=261, routed)         7.597    26.317    cas/ui/m_data[55][79][1]_i_3_n_0
    SLICE_X44Y157        LUT6 (Prop_lut6_I3_O)        0.124    26.441 r  cas/ui/m_data[35][79][1]_i_2/O
                         net (fo=86, routed)          8.330    34.771    cas/ui/m_data[35][79][1]_i_2_n_0
    SLICE_X44Y169        LUT5 (Prop_lut5_I1_O)        0.124    34.895 r  cas/ui/m_data[35][11][0]_i_1/O
                         net (fo=1, routed)           0.000    34.895    mem/dp1/m_data_reg[35][11][0]_1
    SLICE_X44Y169        FDRE                                         r  mem/dp1/m_data_reg[35][11][0]/D
  -------------------------------------------------------------------    -------------------

Slack:                    inf
  Source:                 cas/ui/RandMode_reg/C
                            (rising edge-triggered cell FDRE)
  Destination:            mem/dp2/m_data_reg[15][57][0]/D
  Path Group:             (none)
  Path Type:              Max at Slow Process Corner
  Data Path Delay:        34.853ns  (logic 0.952ns (2.731%)  route 33.901ns (97.269%))
  Logic Levels:           5  (FDRE=1 LUT2=1 LUT5=2 LUT6=1)

    Location             Delay type                Incr(ns)  Path(ns)    Netlist Resource(s)
  -------------------------------------------------------------------    -------------------
    SLICE_X28Y138        FDRE                         0.000     0.000 r  cas/ui/RandMode_reg/C
    SLICE_X28Y138        FDRE (Prop_fdre_C_Q)         0.456     0.456 r  cas/ui/RandMode_reg/Q
                         net (fo=117, routed)         2.834     3.290    cas/ui/keepGoing
    SLICE_X39Y142        LUT5 (Prop_lut5_I0_O)        0.124     3.414 r  cas/ui/m_data[34][31][0]_i_2/O
                         net (fo=930, routed)        11.739    15.153    cas/ui/RandMode_reg_46
    SLICE_X58Y135        LUT2 (Prop_lut2_I0_O)        0.124    15.277 r  cas/ui/m_data[55][79][1]_i_3__0/O
                         net (fo=261, routed)         1.438    16.715    cas/ui/m_data[55][79][1]_i_3__0_n_0
    SLICE_X56Y133        LUT6 (Prop_lut6_I2_O)        0.124    16.839 r  cas/ui/m_data[31][79][1]_i_3__0/O
                         net (fo=172, routed)        17.890    34.729    cas/ui/m_data[31][79][1]_i_3__0_n_0
    SLICE_X80Y106        LUT5 (Prop_lut5_I2_O)        0.124    34.853 r  cas/ui/m_data[15][57][0]_i_1__0/O
                         net (fo=1, routed)           0.000    34.853    mem/dp2/m_data_reg[15][57][0]_1
    SLICE_X80Y106        FDRE                                         r  mem/dp2/m_data_reg[15][57][0]/D
  -------------------------------------------------------------------    -------------------

Slack:                    inf
  Source:                 cas/ui/RandMode_reg/C
                            (rising edge-triggered cell FDRE)
  Destination:            mem/dp2/m_data_reg[15][46][0]/D
  Path Group:             (none)
  Path Type:              Max at Slow Process Corner
  Data Path Delay:        34.709ns  (logic 0.952ns (2.743%)  route 33.757ns (97.257%))
  Logic Levels:           5  (FDRE=1 LUT2=1 LUT5=2 LUT6=1)

    Location             Delay type                Incr(ns)  Path(ns)    Netlist Resource(s)
  -------------------------------------------------------------------    -------------------
    SLICE_X28Y138        FDRE                         0.000     0.000 r  cas/ui/RandMode_reg/C
    SLICE_X28Y138        FDRE (Prop_fdre_C_Q)         0.456     0.456 r  cas/ui/RandMode_reg/Q
                         net (fo=117, routed)         2.834     3.290    cas/ui/keepGoing
    SLICE_X39Y142        LUT5 (Prop_lut5_I0_O)        0.124     3.414 r  cas/ui/m_data[34][31][0]_i_2/O
                         net (fo=930, routed)        11.739    15.153    cas/ui/RandMode_reg_46
    SLICE_X58Y135        LUT2 (Prop_lut2_I0_O)        0.124    15.277 r  cas/ui/m_data[55][79][1]_i_3__0/O
                         net (fo=261, routed)         1.438    16.715    cas/ui/m_data[55][79][1]_i_3__0_n_0
    SLICE_X56Y133        LUT6 (Prop_lut6_I2_O)        0.124    16.839 r  cas/ui/m_data[31][79][1]_i_3__0/O
                         net (fo=172, routed)        17.745    34.585    cas/ui/m_data[31][79][1]_i_3__0_n_0
    SLICE_X77Y110        LUT5 (Prop_lut5_I2_O)        0.124    34.709 r  cas/ui/m_data[15][46][0]_i_1__0/O
                         net (fo=1, routed)           0.000    34.709    mem/dp2/m_data_reg[15][46][0]_1
    SLICE_X77Y110        FDRE                                         r  mem/dp2/m_data_reg[15][46][0]/D
  -------------------------------------------------------------------    -------------------





Min Delay Paths
--------------------------------------------------------------------------------------
Slack:                    inf
  Source:                 vga/hvs/Vnext_state_reg[0]/C
                            (rising edge-triggered cell FDRE)
  Destination:            vga/hvs/Vstate_reg[0]/D
  Path Group:             (none)
  Path Type:              Min at Fast Process Corner
  Data Path Delay:        0.263ns  (logic 0.141ns (53.607%)  route 0.122ns (46.393%))
  Logic Levels:           1  (FDRE=1)

    Location             Delay type                Incr(ns)  Path(ns)    Netlist Resource(s)
  -------------------------------------------------------------------    -------------------
    SLICE_X1Y134         FDRE                         0.000     0.000 r  vga/hvs/Vnext_state_reg[0]/C
    SLICE_X1Y134         FDRE (Prop_fdre_C_Q)         0.141     0.141 r  vga/hvs/Vnext_state_reg[0]/Q
                         net (fo=1, routed)           0.122     0.263    vga/hvs/Vnext_state[0]
    SLICE_X0Y134         FDSE                                         r  vga/hvs/Vstate_reg[0]/D
  -------------------------------------------------------------------    -------------------

Slack:                    inf
  Source:                 vga/hvs/Vstate_reg[0]/C
                            (rising edge-triggered cell FDSE)
  Destination:            vga/hvs/Vnext_state_reg[0]/D
  Path Group:             (none)
  Path Type:              Min at Fast Process Corner
  Data Path Delay:        0.272ns  (logic 0.186ns (68.463%)  route 0.086ns (31.537%))
  Logic Levels:           2  (FDSE=1 LUT4=1)

    Location             Delay type                Incr(ns)  Path(ns)    Netlist Resource(s)
  -------------------------------------------------------------------    -------------------
    SLICE_X0Y134         FDSE                         0.000     0.000 r  vga/hvs/Vstate_reg[0]/C
    SLICE_X0Y134         FDSE (Prop_fdse_C_Q)         0.141     0.141 f  vga/hvs/Vstate_reg[0]/Q
                         net (fo=2, routed)           0.086     0.227    vga/hvs/Vstate[0]
    SLICE_X1Y134         LUT4 (Prop_lut4_I3_O)        0.045     0.272 r  vga/hvs/Vnext_state[0]_i_1/O
                         net (fo=1, routed)           0.000     0.272    vga/hvs/Vnext_state[0]_i_1_n_0
    SLICE_X1Y134         FDRE                                         r  vga/hvs/Vnext_state_reg[0]/D
  -------------------------------------------------------------------    -------------------

Slack:                    inf
  Source:                 vga/hvs/Vstate_reg[0]/C
                            (rising edge-triggered cell FDSE)
  Destination:            vga/hvs/vsync_reg_reg/D
  Path Group:             (none)
  Path Type:              Min at Fast Process Corner
  Data Path Delay:        0.275ns  (logic 0.189ns (68.807%)  route 0.086ns (31.193%))
  Logic Levels:           2  (FDSE=1 LUT2=1)

    Location             Delay type                Incr(ns)  Path(ns)    Netlist Resource(s)
  -------------------------------------------------------------------    -------------------
    SLICE_X0Y134         FDSE                         0.000     0.000 r  vga/hvs/Vstate_reg[0]/C
    SLICE_X0Y134         FDSE (Prop_fdse_C_Q)         0.141     0.141 f  vga/hvs/Vstate_reg[0]/Q
                         net (fo=2, routed)           0.086     0.227    vga/hvs/Vstate[0]
    SLICE_X1Y134         LUT2 (Prop_lut2_I0_O)        0.048     0.275 r  vga/hvs/vsync_reg_i_1/O
                         net (fo=1, routed)           0.000     0.275    vga/hvs/vsync_reg_i_1_n_0
    SLICE_X1Y134         FDRE                                         r  vga/hvs/vsync_reg_reg/D
  -------------------------------------------------------------------    -------------------

Slack:                    inf
  Source:                 cas/ui/ColCount_reg[3]/C
                            (rising edge-triggered cell FDRE)
  Destination:            cas/ui/oldcol_reg[3]/D
  Path Group:             (none)
  Path Type:              Min at Fast Process Corner
  Data Path Delay:        0.283ns  (logic 0.141ns (49.858%)  route 0.142ns (50.142%))
  Logic Levels:           1  (FDRE=1)

    Location             Delay type                Incr(ns)  Path(ns)    Netlist Resource(s)
  -------------------------------------------------------------------    -------------------
    SLICE_X32Y138        FDRE                         0.000     0.000 r  cas/ui/ColCount_reg[3]/C
    SLICE_X32Y138        FDRE (Prop_fdre_C_Q)         0.141     0.141 r  cas/ui/ColCount_reg[3]/Q
                         net (fo=8, routed)           0.142     0.283    cas/ui/ColCount[3]
    SLICE_X33Y139        FDRE                                         r  cas/ui/oldcol_reg[3]/D
  -------------------------------------------------------------------    -------------------

Slack:                    inf
  Source:                 cas/ui/ColCount_reg[2]/C
                            (rising edge-triggered cell FDRE)
  Destination:            cas/ui/oldcol_reg[2]/D
  Path Group:             (none)
  Path Type:              Min at Fast Process Corner
  Data Path Delay:        0.283ns  (logic 0.128ns (45.254%)  route 0.155ns (54.746%))
  Logic Levels:           1  (FDRE=1)

    Location             Delay type                Incr(ns)  Path(ns)    Netlist Resource(s)
  -------------------------------------------------------------------    -------------------
    SLICE_X32Y138        FDRE                         0.000     0.000 r  cas/ui/ColCount_reg[2]/C
    SLICE_X32Y138        FDRE (Prop_fdre_C_Q)         0.128     0.128 r  cas/ui/ColCount_reg[2]/Q
                         net (fo=9, routed)           0.155     0.283    cas/ui/ColCount[2]
    SLICE_X33Y139        FDRE                                         r  cas/ui/oldcol_reg[2]/D
  -------------------------------------------------------------------    -------------------

Slack:                    inf
  Source:                 cas/ui/oldcol_reg[0]/C
                            (rising edge-triggered cell FDRE)
  Destination:            cas/ui/Col_reg[0]/D
  Path Group:             (none)
  Path Type:              Min at Fast Process Corner
  Data Path Delay:        0.283ns  (logic 0.186ns (65.755%)  route 0.097ns (34.245%))
  Logic Levels:           2  (FDRE=1 LUT3=1)

    Location             Delay type                Incr(ns)  Path(ns)    Netlist Resource(s)
  -------------------------------------------------------------------    -------------------
    SLICE_X33Y139        FDRE                         0.000     0.000 r  cas/ui/oldcol_reg[0]/C
    SLICE_X33Y139        FDRE (Prop_fdre_C_Q)         0.141     0.141 r  cas/ui/oldcol_reg[0]/Q
                         net (fo=1, routed)           0.097     0.238    cas/ui/oldcol[0]
    SLICE_X32Y139        LUT3 (Prop_lut3_I2_O)        0.045     0.283 r  cas/ui/Col[0]_i_1__0/O
                         net (fo=1, routed)           0.000     0.283    cas/ui/Col[0]_i_1__0_n_0
    SLICE_X32Y139        FDRE                                         r  cas/ui/Col_reg[0]/D
  -------------------------------------------------------------------    -------------------

Slack:                    inf
  Source:                 CD/Counter_reg[1]/C
                            (rising edge-triggered cell FDRE)
  Destination:            CD/Counter_reg[0]/D
  Path Group:             (none)
  Path Type:              Min at Fast Process Corner
  Data Path Delay:        0.295ns  (logic 0.227ns (77.066%)  route 0.068ns (22.934%))
  Logic Levels:           2  (FDRE=1 LUT2=1)

    Location             Delay type                Incr(ns)  Path(ns)    Netlist Resource(s)
  -------------------------------------------------------------------    -------------------
    SLICE_X49Y98         FDRE                         0.000     0.000 r  CD/Counter_reg[1]/C
    SLICE_X49Y98         FDRE (Prop_fdre_C_Q)         0.128     0.128 f  CD/Counter_reg[1]/Q
                         net (fo=3, routed)           0.068     0.196    CD/Counter[1]
    SLICE_X49Y98         LUT2 (Prop_lut2_I1_O)        0.099     0.295 r  CD/Counter[0]_i_1/O
                         net (fo=1, routed)           0.000     0.295    CD/Counter[0]_i_1_n_0
    SLICE_X49Y98         FDRE                                         r  CD/Counter_reg[0]/D
  -------------------------------------------------------------------    -------------------

Slack:                    inf
  Source:                 vga/hvs/vcCounter_reg[3]/C
                            (rising edge-triggered cell FDRE)
  Destination:            vga/hvs/vcCounter_reg[0]/D
  Path Group:             (none)
  Path Type:              Min at Fast Process Corner
  Data Path Delay:        0.298ns  (logic 0.186ns (62.469%)  route 0.112ns (37.531%))
  Logic Levels:           2  (FDRE=1 LUT3=1)

    Location             Delay type                Incr(ns)  Path(ns)    Netlist Resource(s)
  -------------------------------------------------------------------    -------------------
    SLICE_X3Y135         FDRE                         0.000     0.000 r  vga/hvs/vcCounter_reg[3]/C
    SLICE_X3Y135         FDRE (Prop_fdre_C_Q)         0.141     0.141 r  vga/hvs/vcCounter_reg[3]/Q
                         net (fo=117, routed)         0.112     0.253    vga/hvs/vcCounter_reg_n_0_[3]
    SLICE_X2Y135         LUT3 (Prop_lut3_I1_O)        0.045     0.298 r  vga/hvs/vcCounter[0]_i_1/O
                         net (fo=1, routed)           0.000     0.298    vga/hvs/vcCounter0_in[0]
    SLICE_X2Y135         FDRE                                         r  vga/hvs/vcCounter_reg[0]/D
  -------------------------------------------------------------------    -------------------

Slack:                    inf
  Source:                 mem/dp1/m_data_reg[56][72][1]/C
                            (rising edge-triggered cell FDRE)
  Destination:            mem/dp1/m_data_reg[56][72][1]/D
  Path Group:             (none)
  Path Type:              Min at Fast Process Corner
  Data Path Delay:        0.300ns  (logic 0.186ns (61.991%)  route 0.114ns (38.009%))
  Logic Levels:           2  (FDRE=1 LUT5=1)

    Location             Delay type                Incr(ns)  Path(ns)    Netlist Resource(s)
  -------------------------------------------------------------------    -------------------
    SLICE_X55Y191        FDRE                         0.000     0.000 r  mem/dp1/m_data_reg[56][72][1]/C
    SLICE_X55Y191        FDRE (Prop_fdre_C_Q)         0.141     0.141 r  mem/dp1/m_data_reg[56][72][1]/Q
                         net (fo=2, routed)           0.114     0.255    cas/ui/m_data_reg[56][72][1]_1
    SLICE_X55Y191        LUT5 (Prop_lut5_I4_O)        0.045     0.300 r  cas/ui/m_data[56][72][1]_i_1/O
                         net (fo=1, routed)           0.000     0.300    mem/dp1/m_data_reg[56][72][1]_1
    SLICE_X55Y191        FDRE                                         r  mem/dp1/m_data_reg[56][72][1]/D
  -------------------------------------------------------------------    -------------------

Slack:                    inf
  Source:                 mem/dp1/m_data_reg[12][72][1]/C
                            (rising edge-triggered cell FDRE)
  Destination:            mem/dp1/m_data_reg[12][72][1]/D
  Path Group:             (none)
  Path Type:              Min at Fast Process Corner
  Data Path Delay:        0.300ns  (logic 0.186ns (61.957%)  route 0.114ns (38.043%))
  Logic Levels:           2  (FDRE=1 LUT5=1)

    Location             Delay type                Incr(ns)  Path(ns)    Netlist Resource(s)
  -------------------------------------------------------------------    -------------------
    SLICE_X63Y182        FDRE                         0.000     0.000 r  mem/dp1/m_data_reg[12][72][1]/C
    SLICE_X63Y182        FDRE (Prop_fdre_C_Q)         0.141     0.141 r  mem/dp1/m_data_reg[12][72][1]/Q
                         net (fo=2, routed)           0.114     0.255    cas/ui/m_data_reg[12][72][1]_1
    SLICE_X63Y182        LUT5 (Prop_lut5_I4_O)        0.045     0.300 r  cas/ui/m_data[12][72][1]_i_1/O
                         net (fo=1, routed)           0.000     0.300    mem/dp1/m_data_reg[12][72][1]_1
    SLICE_X63Y182        FDRE                                         r  mem/dp1/m_data_reg[12][72][1]/D
  -------------------------------------------------------------------    -------------------





