#-----------------------------------------------------------
# Vivado v2024.2 (64-bit)
# SW Build 5239630 on Fri Nov 08 22:35:27 MST 2024
# IP Build 5239520 on Sun Nov 10 16:12:51 MST 2024
# SharedData Build 5239561 on Fri Nov 08 14:39:27 MST 2024
# Start of session at: Mon Mar 17 15:35:14 2025
# Process ID         : 16660
# Current directory  : C:/CSEE4280/GRP2ADD/Exercise4/PWM/PWM
# Command line       : vivado.exe -gui_launcher_event rodinguilauncherevent15568 C:\CSEE4280\GRP2ADD\Exercise4\PWM\PWM\PWM.xpr
# Log file           : C:/CSEE4280/GRP2ADD/Exercise4/PWM/PWM/vivado.log
# Journal file       : C:/CSEE4280/GRP2ADD/Exercise4/PWM/PWM\vivado.jou
# Running On         : LAPTOP-RH96MGM6
# Platform           : Windows Server 2016 or Windows 10
# Operating System   : 22631
# Processor Detail   : 12th Gen Intel(R) Core(TM) i5-1235U
# CPU Frequency      : 2496 MHz
# CPU Physical cores : 10
# CPU Logical cores  : 12
# Host memory        : 8216 MB
# Swap memory        : 11811 MB
# Total Virtual      : 20027 MB
# Available Virtual  : 8441 MB
#-----------------------------------------------------------
start_gui
open_project C:/CSEE4280/GRP2ADD/Exercise4/PWM/PWM/PWM.xpr
WARNING: [Board 49-26] cannot add Board Part xilinx.com:zcu208ld:part0:2.0 available at C:/Xilinx/Vivado/2024.2/data/xhub/boards/XilinxBoardStore/boards/Xilinx/zcu208ld/production/2.0/board.xml as part xczu58dr-fsvg1517-2-i specified in board_part file is either invalid or not available
WARNING: [Board 49-26] cannot add Board Part xilinx.com:zcu216ld:part0:2.0 available at C:/Xilinx/Vivado/2024.2/data/xhub/boards/XilinxBoardStore/boards/Xilinx/zcu216ld/production/2.0/board.xml as part xczu59dr-ffvf1760-2-i specified in board_part file is either invalid or not available
WARNING: [Board 49-26] cannot add Board Part xilinx.com:zcu670ld:part0:1.0 available at C:/Xilinx/Vivado/2024.2/data/xhub/boards/XilinxBoardStore/boards/Xilinx/zcu670ld/1.0/board.xml as part xczu57dr-fsve1156-2-i specified in board_part file is either invalid or not available
INFO: [filemgmt 56-3] Default IP Output Path : Could not find the directory 'C:/CSEE4280/GRP2ADD/Exercise4/PWM/PWM/PWM.gen/sources_1'.
CRITICAL WARNING: [Project 1-19] Could not find the file 'C:/CSEE4280/GRP2ADD/Exercise4/PWM/PWM/PWM.srcs/sources_1/new/PWM_tb.v'.
Scanning sources...
Finished scanning sources
INFO: [IP_Flow 19-234] Refreshing IP repositories
INFO: [IP_Flow 19-1704] No user IP repositories specified
INFO: [IP_Flow 19-2313] Loaded Vivado IP repository 'C:/Xilinx/Vivado/2024.2/data/ip'.
open_project: Time (s): cpu = 00:00:08 ; elapsed = 00:00:09 . Memory (MB): peak = 1301.141 ; gain = 208.559
update_compile_order -fileset sources_1
exit
INFO: [Common 17-206] Exiting Vivado at Mon Mar 17 16:00:31 2025...
