Vivado Simulator v2024.2.0
Copyright 1986-2022 Xilinx, Inc. All Rights Reserved.
Copyright 2022-2024 Advanced Micro Devices, Inc. All Rights Reserved.
Running: C:/Xilinx/Vivado/2024.2/bin/unwrapped/win64.o/xelab.exe --incr --debug typical --relax --mt 2 -L xil_defaultlib -L uvm -L unisims_ver -L unimacro_ver -L secureip --snapshot Muxed_Starting_tb_behav xil_defaultlib.Muxed_Starting_tb xil_defaultlib.glbl -log elaborate.log 
Using 2 slave threads.
Starting static elaboration
Pass Through NonSizing Optimizer
WARNING: [VRFC 10-3091] actual bit length 1 differs from formal bit length 6 for port 'vCount' [C:/CSEE4280/GRP2ADD/FinalProject/MemVga/MemVga.srcs/sim_1/new/Muxed_Control_tb.v:66]
Completed static elaboration
Starting simulation data flow analysis
Completed simulation data flow analysis
Time Resolution for simulation is 1ps
Compiling module xil_defaultlib.Auto_Control
Compiling module xil_defaultlib.Starting_Pixels
Compiling module xil_defaultlib.Control_And_Start
Compiling module xil_defaultlib.DualPort
Compiling module xil_defaultlib.Memory
Compiling module xil_defaultlib.Muxed_Starting_tb
Compiling module xil_defaultlib.glbl
Built simulation snapshot Muxed_Starting_tb_behav
