Copyright 1986-2022 Xilinx, Inc. All Rights Reserved. Copyright 2022-2024 Advanced Micro Devices, Inc. All Rights Reserved.
------------------------------------------------------------------------------------------------------------------------------------------------------------------------------------------------------
| Tool Version : Vivado v.2024.2 (lin64) Build 5239630 Fri Nov 08 22:34:34 MST 2024
| Date         : Sat Apr  5 10:37:01 2025
| Host         : CSEE4280 running 64-bit Ubuntu 20.04.6 LTS
| Command      : report_timing_summary -max_paths 10 -report_unconstrained -file top_timing_summary_routed.rpt -pb top_timing_summary_routed.pb -rpx top_timing_summary_routed.rpx -warn_on_violation
| Design       : top
| Device       : 7a100t-csg324
| Speed File   : -1  PRODUCTION 1.23 2018-06-13
| Design State : Routed
------------------------------------------------------------------------------------------------------------------------------------------------------------------------------------------------------

Timing Summary Report

------------------------------------------------------------------------------------------------
| Timer Settings
| --------------
------------------------------------------------------------------------------------------------

  Enable Multi Corner Analysis               :  Yes
  Enable Pessimism Removal                   :  Yes
  Pessimism Removal Resolution               :  Nearest Common Node
  Enable Input Delay Default Clock           :  No
  Enable Preset / Clear Arcs                 :  No
  Disable Flight Delays                      :  No
  Ignore I/O Paths                           :  No
  Timing Early Launch at Borrowing Latches   :  No
  Borrow Time for Max Delay Exceptions       :  Yes
  Merge Timing Exceptions                    :  Yes
  Inter-SLR Compensation                     :  Conservative

  Corner  Analyze    Analyze    
  Name    Max Paths  Min Paths  
  ------  ---------  ---------  
  Slow    Yes        Yes        
  Fast    Yes        Yes        


------------------------------------------------------------------------------------------------
| Report Methodology
| ------------------
------------------------------------------------------------------------------------------------

Rule       Severity          Description                  Violations  
---------  ----------------  ---------------------------  ----------  
TIMING-17  Critical Warning  Non-clocked sequential cell  44          

Note: This report is based on the most recent report_methodology run and may not be up-to-date. Run report_methodology on the current design for the latest report.



check_timing report

Table of Contents
-----------------
1. checking no_clock (44)
2. checking constant_clock (0)
3. checking pulse_width_clock (0)
4. checking unconstrained_internal_endpoints (75)
5. checking no_input_delay (1)
6. checking no_output_delay (14)
7. checking multiple_clock (0)
8. checking generated_clocks (0)
9. checking loops (0)
10. checking partial_input_delay (0)
11. checking partial_output_delay (0)
12. checking latch_loops (0)

1. checking no_clock (44)
-------------------------
 There are 3 register/latch pins with no clock driven by root clock pin: CLK100MHZ (HIGH)

 There are 41 register/latch pins with no clock driven by root clock pin: CD/Clk_25_MHZ_reg_reg/Q (HIGH)


2. checking constant_clock (0)
------------------------------
 There are 0 register/latch pins with constant_clock.


3. checking pulse_width_clock (0)
---------------------------------
 There are 0 register/latch pins which need pulse_width check


4. checking unconstrained_internal_endpoints (75)
-------------------------------------------------
 There are 75 pins that are not constrained for maximum delay. (HIGH)

 There are 0 pins that are not constrained for maximum delay due to constant clock.


5. checking no_input_delay (1)
------------------------------
 There is 1 input port with no input delay specified. (HIGH)

 There are 0 input ports with no input delay but user has a false path constraint.


6. checking no_output_delay (14)
--------------------------------
 There are 14 ports with no output delay specified. (HIGH)

 There are 0 ports with no output delay but user has a false path constraint

 There are 0 ports with no output delay but with a timing clock defined on it or propagating through it


7. checking multiple_clock (0)
------------------------------
 There are 0 register/latch pins with multiple clocks.


8. checking generated_clocks (0)
--------------------------------
 There are 0 generated clocks that are not connected to a clock source.


9. checking loops (0)
---------------------
 There are 0 combinational loops in the design.


10. checking partial_input_delay (0)
------------------------------------
 There are 0 input ports with partial input delay specified.


11. checking partial_output_delay (0)
-------------------------------------
 There are 0 ports with partial output delay specified.


12. checking latch_loops (0)
----------------------------
 There are 0 combinational latch loops in the design through latch input



------------------------------------------------------------------------------------------------
| Design Timing Summary
| ---------------------
------------------------------------------------------------------------------------------------

    WNS(ns)      TNS(ns)  TNS Failing Endpoints  TNS Total Endpoints      WHS(ns)      THS(ns)  THS Failing Endpoints  THS Total Endpoints     WPWS(ns)     TPWS(ns)  TPWS Failing Endpoints  TPWS Total Endpoints  
    -------      -------  ---------------------  -------------------      -------      -------  ---------------------  -------------------     --------     --------  ----------------------  --------------------  
        inf        0.000                      0                   89          inf        0.000                      0                   89           NA           NA                      NA                    NA  


There are no user specified timing constraints.


------------------------------------------------------------------------------------------------
| Clock Summary
| -------------
------------------------------------------------------------------------------------------------


------------------------------------------------------------------------------------------------
| Intra Clock Table
| -----------------
------------------------------------------------------------------------------------------------

Clock             WNS(ns)      TNS(ns)  TNS Failing Endpoints  TNS Total Endpoints      WHS(ns)      THS(ns)  THS Failing Endpoints  THS Total Endpoints     WPWS(ns)     TPWS(ns)  TPWS Failing Endpoints  TPWS Total Endpoints  
-----             -------      -------  ---------------------  -------------------      -------      -------  ---------------------  -------------------     --------     --------  ----------------------  --------------------  


------------------------------------------------------------------------------------------------
| Inter Clock Table
| -----------------
------------------------------------------------------------------------------------------------

From Clock    To Clock          WNS(ns)      TNS(ns)  TNS Failing Endpoints  TNS Total Endpoints      WHS(ns)      THS(ns)  THS Failing Endpoints  THS Total Endpoints  
----------    --------          -------      -------  ---------------------  -------------------      -------      -------  ---------------------  -------------------  


------------------------------------------------------------------------------------------------
| Other Path Groups Table
| -----------------------
------------------------------------------------------------------------------------------------

Path Group    From Clock    To Clock          WNS(ns)      TNS(ns)  TNS Failing Endpoints  TNS Total Endpoints      WHS(ns)      THS(ns)  THS Failing Endpoints  THS Total Endpoints  
----------    ----------    --------          -------      -------  ---------------------  -------------------      -------      -------  ---------------------  -------------------  


------------------------------------------------------------------------------------------------
| User Ignored Path Table
| -----------------------
------------------------------------------------------------------------------------------------

Path Group    From Clock    To Clock    
----------    ----------    --------    


------------------------------------------------------------------------------------------------
| Unconstrained Path Table
| ------------------------
------------------------------------------------------------------------------------------------

Path Group    From Clock    To Clock    
----------    ----------    --------    
(none)                                    


------------------------------------------------------------------------------------------------
| Timing Details
| --------------
------------------------------------------------------------------------------------------------


--------------------------------------------------------------------------------------
Path Group:  (none)
From Clock:  
  To Clock:  

Max Delay            89 Endpoints
Min Delay            89 Endpoints
--------------------------------------------------------------------------------------


Max Delay Paths
--------------------------------------------------------------------------------------
Slack:                    inf
  Source:                 vga/hvs/HC_reg_reg[0]/C
                            (rising edge-triggered cell FDRE)
  Destination:            R[0]
                            (output port)
  Path Group:             (none)
  Path Type:              Max at Slow Process Corner
  Data Path Delay:        8.407ns  (logic 4.367ns (51.944%)  route 4.040ns (48.056%))
  Logic Levels:           3  (FDRE=1 LUT3=1 OBUF=1)

    Location             Delay type                Incr(ns)  Path(ns)    Netlist Resource(s)
  -------------------------------------------------------------------    -------------------
    SLICE_X64Y142        FDRE                         0.000     0.000 r  vga/hvs/HC_reg_reg[0]/C
    SLICE_X64Y142        FDRE (Prop_fdre_C_Q)         0.456     0.456 r  vga/hvs/HC_reg_reg[0]/Q
                         net (fo=4, routed)           0.884     1.340    vga/hvs/HC[0]
    SLICE_X64Y142        LUT3 (Prop_lut3_I1_O)        0.154     1.494 r  vga/hvs/R_OBUF[3]_inst_i_1/O
                         net (fo=4, routed)           3.156     4.650    R_OBUF[0]
    A3                   OBUF (Prop_obuf_I_O)         3.757     8.407 r  R_OBUF[0]_inst/O
                         net (fo=0)                   0.000     8.407    R[0]
    A3                                                                r  R[0] (OUT)
  -------------------------------------------------------------------    -------------------

Slack:                    inf
  Source:                 vga/hvs/HC_reg_reg[0]/C
                            (rising edge-triggered cell FDRE)
  Destination:            R[1]
                            (output port)
  Path Group:             (none)
  Path Type:              Max at Slow Process Corner
  Data Path Delay:        8.402ns  (logic 4.361ns (51.907%)  route 4.041ns (48.093%))
  Logic Levels:           3  (FDRE=1 LUT3=1 OBUF=1)

    Location             Delay type                Incr(ns)  Path(ns)    Netlist Resource(s)
  -------------------------------------------------------------------    -------------------
    SLICE_X64Y142        FDRE                         0.000     0.000 r  vga/hvs/HC_reg_reg[0]/C
    SLICE_X64Y142        FDRE (Prop_fdre_C_Q)         0.456     0.456 r  vga/hvs/HC_reg_reg[0]/Q
                         net (fo=4, routed)           0.884     1.340    vga/hvs/HC[0]
    SLICE_X64Y142        LUT3 (Prop_lut3_I1_O)        0.154     1.494 r  vga/hvs/R_OBUF[3]_inst_i_1/O
                         net (fo=4, routed)           3.157     4.651    R_OBUF[0]
    B4                   OBUF (Prop_obuf_I_O)         3.751     8.402 r  R_OBUF[1]_inst/O
                         net (fo=0)                   0.000     8.402    R[1]
    B4                                                                r  R[1] (OUT)
  -------------------------------------------------------------------    -------------------

Slack:                    inf
  Source:                 vga/hvs/HC_reg_reg[0]/C
                            (rising edge-triggered cell FDRE)
  Destination:            R[3]
                            (output port)
  Path Group:             (none)
  Path Type:              Max at Slow Process Corner
  Data Path Delay:        8.264ns  (logic 4.365ns (52.811%)  route 3.900ns (47.189%))
  Logic Levels:           3  (FDRE=1 LUT3=1 OBUF=1)

    Location             Delay type                Incr(ns)  Path(ns)    Netlist Resource(s)
  -------------------------------------------------------------------    -------------------
    SLICE_X64Y142        FDRE                         0.000     0.000 r  vga/hvs/HC_reg_reg[0]/C
    SLICE_X64Y142        FDRE (Prop_fdre_C_Q)         0.456     0.456 r  vga/hvs/HC_reg_reg[0]/Q
                         net (fo=4, routed)           0.884     1.340    vga/hvs/HC[0]
    SLICE_X64Y142        LUT3 (Prop_lut3_I1_O)        0.154     1.494 r  vga/hvs/R_OBUF[3]_inst_i_1/O
                         net (fo=4, routed)           3.016     4.510    R_OBUF[0]
    A4                   OBUF (Prop_obuf_I_O)         3.755     8.264 r  R_OBUF[3]_inst/O
                         net (fo=0)                   0.000     8.264    R[3]
    A4                                                                r  R[3] (OUT)
  -------------------------------------------------------------------    -------------------

Slack:                    inf
  Source:                 vga/hvs/pleaseWork_reg/C
                            (rising edge-triggered cell FDRE)
  Destination:            G[0]
                            (output port)
  Path Group:             (none)
  Path Type:              Max at Slow Process Corner
  Data Path Delay:        8.070ns  (logic 4.253ns (52.705%)  route 3.817ns (47.295%))
  Logic Levels:           3  (FDRE=1 LUT3=1 OBUF=1)

    Location             Delay type                Incr(ns)  Path(ns)    Netlist Resource(s)
  -------------------------------------------------------------------    -------------------
    SLICE_X64Y142        FDRE                         0.000     0.000 r  vga/hvs/pleaseWork_reg/C
    SLICE_X64Y142        FDRE (Prop_fdre_C_Q)         0.419     0.419 r  vga/hvs/pleaseWork_reg/Q
                         net (fo=3, routed)           0.697     1.116    vga/hvs/pleaseWork
    SLICE_X64Y142        LUT3 (Prop_lut3_I2_O)        0.296     1.412 r  vga/hvs/G_OBUF[3]_inst_i_1/O
                         net (fo=4, routed)           3.120     4.532    G_OBUF[0]
    C6                   OBUF (Prop_obuf_I_O)         3.538     8.070 r  G_OBUF[0]_inst/O
                         net (fo=0)                   0.000     8.070    G[0]
    C6                                                                r  G[0] (OUT)
  -------------------------------------------------------------------    -------------------

Slack:                    inf
  Source:                 vga/hvs/pleaseWork_reg/C
                            (rising edge-triggered cell FDRE)
  Destination:            B[2]
                            (output port)
  Path Group:             (none)
  Path Type:              Max at Slow Process Corner
  Data Path Delay:        8.025ns  (logic 4.468ns (55.679%)  route 3.557ns (44.321%))
  Logic Levels:           3  (FDRE=1 LUT2=1 OBUF=1)

    Location             Delay type                Incr(ns)  Path(ns)    Netlist Resource(s)
  -------------------------------------------------------------------    -------------------
    SLICE_X64Y142        FDRE                         0.000     0.000 r  vga/hvs/pleaseWork_reg/C
    SLICE_X64Y142        FDRE (Prop_fdre_C_Q)         0.419     0.419 r  vga/hvs/pleaseWork_reg/Q
                         net (fo=3, routed)           0.697     1.116    vga/hvs/pleaseWork
    SLICE_X64Y142        LUT2 (Prop_lut2_I0_O)        0.324     1.440 r  vga/hvs/B_OBUF[3]_inst_i_1/O
                         net (fo=4, routed)           2.860     4.300    B_OBUF[0]
    D7                   OBUF (Prop_obuf_I_O)         3.725     8.025 r  B_OBUF[2]_inst/O
                         net (fo=0)                   0.000     8.025    B[2]
    D7                                                                r  B[2] (OUT)
  -------------------------------------------------------------------    -------------------

Slack:                    inf
  Source:                 vga/hvs/HC_reg_reg[0]/C
                            (rising edge-triggered cell FDRE)
  Destination:            R[2]
                            (output port)
  Path Group:             (none)
  Path Type:              Max at Slow Process Corner
  Data Path Delay:        7.963ns  (logic 4.348ns (54.607%)  route 3.615ns (45.393%))
  Logic Levels:           3  (FDRE=1 LUT3=1 OBUF=1)

    Location             Delay type                Incr(ns)  Path(ns)    Netlist Resource(s)
  -------------------------------------------------------------------    -------------------
    SLICE_X64Y142        FDRE                         0.000     0.000 r  vga/hvs/HC_reg_reg[0]/C
    SLICE_X64Y142        FDRE (Prop_fdre_C_Q)         0.456     0.456 r  vga/hvs/HC_reg_reg[0]/Q
                         net (fo=4, routed)           0.884     1.340    vga/hvs/HC[0]
    SLICE_X64Y142        LUT3 (Prop_lut3_I1_O)        0.154     1.494 r  vga/hvs/R_OBUF[3]_inst_i_1/O
                         net (fo=4, routed)           2.730     4.225    R_OBUF[0]
    C5                   OBUF (Prop_obuf_I_O)         3.738     7.963 r  R_OBUF[2]_inst/O
                         net (fo=0)                   0.000     7.963    R[2]
    C5                                                                r  R[2] (OUT)
  -------------------------------------------------------------------    -------------------

Slack:                    inf
  Source:                 vga/hvs/pleaseWork_reg/C
                            (rising edge-triggered cell FDRE)
  Destination:            B[0]
                            (output port)
  Path Group:             (none)
  Path Type:              Max at Slow Process Corner
  Data Path Delay:        7.805ns  (logic 4.492ns (57.552%)  route 3.313ns (42.448%))
  Logic Levels:           3  (FDRE=1 LUT2=1 OBUF=1)

    Location             Delay type                Incr(ns)  Path(ns)    Netlist Resource(s)
  -------------------------------------------------------------------    -------------------
    SLICE_X64Y142        FDRE                         0.000     0.000 r  vga/hvs/pleaseWork_reg/C
    SLICE_X64Y142        FDRE (Prop_fdre_C_Q)         0.419     0.419 r  vga/hvs/pleaseWork_reg/Q
                         net (fo=3, routed)           0.697     1.116    vga/hvs/pleaseWork
    SLICE_X64Y142        LUT2 (Prop_lut2_I0_O)        0.324     1.440 r  vga/hvs/B_OBUF[3]_inst_i_1/O
                         net (fo=4, routed)           2.616     4.056    B_OBUF[0]
    B7                   OBUF (Prop_obuf_I_O)         3.749     7.805 r  B_OBUF[0]_inst/O
                         net (fo=0)                   0.000     7.805    B[0]
    B7                                                                r  B[0] (OUT)
  -------------------------------------------------------------------    -------------------

Slack:                    inf
  Source:                 vga/hvs/pleaseWork_reg/C
                            (rising edge-triggered cell FDRE)
  Destination:            G[2]
                            (output port)
  Path Group:             (none)
  Path Type:              Max at Slow Process Corner
  Data Path Delay:        7.795ns  (logic 4.261ns (54.669%)  route 3.533ns (45.331%))
  Logic Levels:           3  (FDRE=1 LUT3=1 OBUF=1)

    Location             Delay type                Incr(ns)  Path(ns)    Netlist Resource(s)
  -------------------------------------------------------------------    -------------------
    SLICE_X64Y142        FDRE                         0.000     0.000 r  vga/hvs/pleaseWork_reg/C
    SLICE_X64Y142        FDRE (Prop_fdre_C_Q)         0.419     0.419 r  vga/hvs/pleaseWork_reg/Q
                         net (fo=3, routed)           0.697     1.116    vga/hvs/pleaseWork
    SLICE_X64Y142        LUT3 (Prop_lut3_I2_O)        0.296     1.412 r  vga/hvs/G_OBUF[3]_inst_i_1/O
                         net (fo=4, routed)           2.837     4.248    G_OBUF[0]
    B6                   OBUF (Prop_obuf_I_O)         3.546     7.795 r  G_OBUF[2]_inst/O
                         net (fo=0)                   0.000     7.795    G[2]
    B6                                                                r  G[2] (OUT)
  -------------------------------------------------------------------    -------------------

Slack:                    inf
  Source:                 vga/hvs/pleaseWork_reg/C
                            (rising edge-triggered cell FDRE)
  Destination:            B[1]
                            (output port)
  Path Group:             (none)
  Path Type:              Max at Slow Process Corner
  Data Path Delay:        7.766ns  (logic 4.496ns (57.898%)  route 3.270ns (42.102%))
  Logic Levels:           3  (FDRE=1 LUT2=1 OBUF=1)

    Location             Delay type                Incr(ns)  Path(ns)    Netlist Resource(s)
  -------------------------------------------------------------------    -------------------
    SLICE_X64Y142        FDRE                         0.000     0.000 r  vga/hvs/pleaseWork_reg/C
    SLICE_X64Y142        FDRE (Prop_fdre_C_Q)         0.419     0.419 r  vga/hvs/pleaseWork_reg/Q
                         net (fo=3, routed)           0.697     1.116    vga/hvs/pleaseWork
    SLICE_X64Y142        LUT2 (Prop_lut2_I0_O)        0.324     1.440 r  vga/hvs/B_OBUF[3]_inst_i_1/O
                         net (fo=4, routed)           2.573     4.013    B_OBUF[0]
    C7                   OBUF (Prop_obuf_I_O)         3.753     7.766 r  B_OBUF[1]_inst/O
                         net (fo=0)                   0.000     7.766    B[1]
    C7                                                                r  B[1] (OUT)
  -------------------------------------------------------------------    -------------------

Slack:                    inf
  Source:                 vga/hvs/pleaseWork_reg/C
                            (rising edge-triggered cell FDRE)
  Destination:            G[3]
                            (output port)
  Path Group:             (none)
  Path Type:              Max at Slow Process Corner
  Data Path Delay:        7.644ns  (logic 4.261ns (55.749%)  route 3.382ns (44.251%))
  Logic Levels:           3  (FDRE=1 LUT3=1 OBUF=1)

    Location             Delay type                Incr(ns)  Path(ns)    Netlist Resource(s)
  -------------------------------------------------------------------    -------------------
    SLICE_X64Y142        FDRE                         0.000     0.000 r  vga/hvs/pleaseWork_reg/C
    SLICE_X64Y142        FDRE (Prop_fdre_C_Q)         0.419     0.419 r  vga/hvs/pleaseWork_reg/Q
                         net (fo=3, routed)           0.697     1.116    vga/hvs/pleaseWork
    SLICE_X64Y142        LUT3 (Prop_lut3_I2_O)        0.296     1.412 r  vga/hvs/G_OBUF[3]_inst_i_1/O
                         net (fo=4, routed)           2.686     4.097    G_OBUF[0]
    A6                   OBUF (Prop_obuf_I_O)         3.546     7.644 r  G_OBUF[3]_inst/O
                         net (fo=0)                   0.000     7.644    G[3]
    A6                                                                r  G[3] (OUT)
  -------------------------------------------------------------------    -------------------





Min Delay Paths
--------------------------------------------------------------------------------------
Slack:                    inf
  Source:                 vga/hvs/Vnext_state_reg[0]/C
                            (rising edge-triggered cell FDRE)
  Destination:            vga/hvs/Vstate_reg[0]/D
  Path Group:             (none)
  Path Type:              Min at Fast Process Corner
  Data Path Delay:        0.258ns  (logic 0.141ns (54.713%)  route 0.117ns (45.287%))
  Logic Levels:           1  (FDRE=1)

    Location             Delay type                Incr(ns)  Path(ns)    Netlist Resource(s)
  -------------------------------------------------------------------    -------------------
    SLICE_X33Y142        FDRE                         0.000     0.000 r  vga/hvs/Vnext_state_reg[0]/C
    SLICE_X33Y142        FDRE (Prop_fdre_C_Q)         0.141     0.141 r  vga/hvs/Vnext_state_reg[0]/Q
                         net (fo=1, routed)           0.117     0.258    vga/hvs/Vnext_state[0]
    SLICE_X34Y142        FDSE                                         r  vga/hvs/Vstate_reg[0]/D
  -------------------------------------------------------------------    -------------------

Slack:                    inf
  Source:                 vga/hvs/VCnext_state_reg/C
                            (rising edge-triggered cell FDRE)
  Destination:            vga/hvs/VCstate_reg/D
  Path Group:             (none)
  Path Type:              Min at Fast Process Corner
  Data Path Delay:        0.261ns  (logic 0.141ns (53.964%)  route 0.120ns (46.036%))
  Logic Levels:           1  (FDRE=1)

    Location             Delay type                Incr(ns)  Path(ns)    Netlist Resource(s)
  -------------------------------------------------------------------    -------------------
    SLICE_X32Y142        FDRE                         0.000     0.000 r  vga/hvs/VCnext_state_reg/C
    SLICE_X32Y142        FDRE (Prop_fdre_C_Q)         0.141     0.141 r  vga/hvs/VCnext_state_reg/Q
                         net (fo=1, routed)           0.120     0.261    vga/hvs/VCnext_state_reg_n_0
    SLICE_X34Y142        FDRE                                         r  vga/hvs/VCstate_reg/D
  -------------------------------------------------------------------    -------------------

Slack:                    inf
  Source:                 vga/hvs/VCount_reg[6]/C
                            (rising edge-triggered cell FDRE)
  Destination:            vga/hvs/VCount_reg[7]/D
  Path Group:             (none)
  Path Type:              Min at Fast Process Corner
  Data Path Delay:        0.294ns  (logic 0.209ns (70.981%)  route 0.085ns (29.019%))
  Logic Levels:           2  (FDRE=1 LUT6=1)

    Location             Delay type                Incr(ns)  Path(ns)    Netlist Resource(s)
  -------------------------------------------------------------------    -------------------
    SLICE_X30Y143        FDRE                         0.000     0.000 r  vga/hvs/VCount_reg[6]/C
    SLICE_X30Y143        FDRE (Prop_fdre_C_Q)         0.164     0.164 r  vga/hvs/VCount_reg[6]/Q
                         net (fo=6, routed)           0.085     0.249    vga/hvs/VCount_reg[6]
    SLICE_X31Y143        LUT6 (Prop_lut6_I4_O)        0.045     0.294 r  vga/hvs/VCount[7]_i_1/O
                         net (fo=1, routed)           0.000     0.294    vga/hvs/p_0_in__0[7]
    SLICE_X31Y143        FDRE                                         r  vga/hvs/VCount_reg[7]/D
  -------------------------------------------------------------------    -------------------

Slack:                    inf
  Source:                 CD/Counter_reg[1]/C
                            (rising edge-triggered cell FDRE)
  Destination:            CD/Counter_reg[0]/D
  Path Group:             (none)
  Path Type:              Min at Fast Process Corner
  Data Path Delay:        0.302ns  (logic 0.227ns (75.183%)  route 0.075ns (24.817%))
  Logic Levels:           2  (FDRE=1 LUT2=1)

    Location             Delay type                Incr(ns)  Path(ns)    Netlist Resource(s)
  -------------------------------------------------------------------    -------------------
    SLICE_X52Y96         FDRE                         0.000     0.000 r  CD/Counter_reg[1]/C
    SLICE_X52Y96         FDRE (Prop_fdre_C_Q)         0.128     0.128 f  CD/Counter_reg[1]/Q
                         net (fo=3, routed)           0.075     0.203    CD/Counter[1]
    SLICE_X52Y96         LUT2 (Prop_lut2_I1_O)        0.099     0.302 r  CD/Counter[0]_i_1/O
                         net (fo=1, routed)           0.000     0.302    CD/Counter[0]_i_1_n_0
    SLICE_X52Y96         FDRE                                         r  CD/Counter_reg[0]/D
  -------------------------------------------------------------------    -------------------

Slack:                    inf
  Source:                 vga/hvs/Hnext_state_reg[0]/C
                            (rising edge-triggered cell FDRE)
  Destination:            vga/hvs/Hstate_reg[0]/D
  Path Group:             (none)
  Path Type:              Min at Fast Process Corner
  Data Path Delay:        0.302ns  (logic 0.141ns (46.667%)  route 0.161ns (53.333%))
  Logic Levels:           1  (FDRE=1)

    Location             Delay type                Incr(ns)  Path(ns)    Netlist Resource(s)
  -------------------------------------------------------------------    -------------------
    SLICE_X33Y142        FDRE                         0.000     0.000 r  vga/hvs/Hnext_state_reg[0]/C
    SLICE_X33Y142        FDRE (Prop_fdre_C_Q)         0.141     0.141 r  vga/hvs/Hnext_state_reg[0]/Q
                         net (fo=1, routed)           0.161     0.302    vga/hvs/Hnext_state_reg_n_0_[0]
    SLICE_X34Y142        FDRE                                         r  vga/hvs/Hstate_reg[0]/D
  -------------------------------------------------------------------    -------------------

Slack:                    inf
  Source:                 vga/hvs/HCount_reg[4]/C
                            (rising edge-triggered cell FDRE)
  Destination:            vga/hvs/HCount_reg[5]/D
  Path Group:             (none)
  Path Type:              Min at Fast Process Corner
  Data Path Delay:        0.310ns  (logic 0.227ns (73.156%)  route 0.083ns (26.844%))
  Logic Levels:           2  (FDRE=1 LUT6=1)

    Location             Delay type                Incr(ns)  Path(ns)    Netlist Resource(s)
  -------------------------------------------------------------------    -------------------
    SLICE_X31Y142        FDRE                         0.000     0.000 r  vga/hvs/HCount_reg[4]/C
    SLICE_X31Y142        FDRE (Prop_fdre_C_Q)         0.128     0.128 r  vga/hvs/HCount_reg[4]/Q
                         net (fo=11, routed)          0.083     0.211    vga/hvs/HCount_reg[4]
    SLICE_X31Y142        LUT6 (Prop_lut6_I0_O)        0.099     0.310 r  vga/hvs/HCount[5]_i_1/O
                         net (fo=1, routed)           0.000     0.310    vga/hvs/HCount[5]_i_1_n_0
    SLICE_X31Y142        FDRE                                         r  vga/hvs/HCount_reg[5]/D
  -------------------------------------------------------------------    -------------------

Slack:                    inf
  Source:                 vga/hvs/HCnext_state_reg/C
                            (rising edge-triggered cell FDRE)
  Destination:            vga/hvs/HCstate_reg/D
  Path Group:             (none)
  Path Type:              Min at Fast Process Corner
  Data Path Delay:        0.315ns  (logic 0.141ns (44.708%)  route 0.174ns (55.292%))
  Logic Levels:           1  (FDRE=1)

    Location             Delay type                Incr(ns)  Path(ns)    Netlist Resource(s)
  -------------------------------------------------------------------    -------------------
    SLICE_X33Y139        FDRE                         0.000     0.000 r  vga/hvs/HCnext_state_reg/C
    SLICE_X33Y139        FDRE (Prop_fdre_C_Q)         0.141     0.141 r  vga/hvs/HCnext_state_reg/Q
                         net (fo=1, routed)           0.174     0.315    vga/hvs/HCnext_state_reg_n_0
    SLICE_X35Y142        FDRE                                         r  vga/hvs/HCstate_reg/D
  -------------------------------------------------------------------    -------------------

Slack:                    inf
  Source:                 vga/hvs/hcCounter_reg[0]/C
                            (rising edge-triggered cell FDRE)
  Destination:            vga/hvs/HC_reg_reg[0]/D
  Path Group:             (none)
  Path Type:              Min at Fast Process Corner
  Data Path Delay:        0.317ns  (logic 0.186ns (58.642%)  route 0.131ns (41.358%))
  Logic Levels:           2  (FDRE=1 LUT6=1)

    Location             Delay type                Incr(ns)  Path(ns)    Netlist Resource(s)
  -------------------------------------------------------------------    -------------------
    SLICE_X65Y142        FDRE                         0.000     0.000 r  vga/hvs/hcCounter_reg[0]/C
    SLICE_X65Y142        FDRE (Prop_fdre_C_Q)         0.141     0.141 r  vga/hvs/hcCounter_reg[0]/Q
                         net (fo=6, routed)           0.131     0.272    vga/hvs/hcCounter_reg[0]
    SLICE_X64Y142        LUT6 (Prop_lut6_I2_O)        0.045     0.317 r  vga/hvs/HC_reg[0]_i_1/O
                         net (fo=1, routed)           0.000     0.317    vga/hvs/HC_reg[0]_i_1_n_0
    SLICE_X64Y142        FDRE                                         r  vga/hvs/HC_reg_reg[0]/D
  -------------------------------------------------------------------    -------------------

Slack:                    inf
  Source:                 vga/hvs/vcCounter_reg[1]/C
                            (rising edge-triggered cell FDRE)
  Destination:            vga/hvs/vcCounter_reg[2]/D
  Path Group:             (none)
  Path Type:              Min at Fast Process Corner
  Data Path Delay:        0.347ns  (logic 0.226ns (65.085%)  route 0.121ns (34.915%))
  Logic Levels:           2  (FDRE=1 LUT5=1)

    Location             Delay type                Incr(ns)  Path(ns)    Netlist Resource(s)
  -------------------------------------------------------------------    -------------------
    SLICE_X32Y143        FDRE                         0.000     0.000 r  vga/hvs/vcCounter_reg[1]/C
    SLICE_X32Y143        FDRE (Prop_fdre_C_Q)         0.128     0.128 r  vga/hvs/vcCounter_reg[1]/Q
                         net (fo=3, routed)           0.121     0.249    vga/hvs/vcCounter_reg_n_0_[1]
    SLICE_X32Y143        LUT5 (Prop_lut5_I2_O)        0.098     0.347 r  vga/hvs/vcCounter[2]_i_1/O
                         net (fo=1, routed)           0.000     0.347    vga/hvs/vcCounter0_in[2]
    SLICE_X32Y143        FDRE                                         r  vga/hvs/vcCounter_reg[2]/D
  -------------------------------------------------------------------    -------------------

Slack:                    inf
  Source:                 vga/hvs/vcCounter_reg[1]/C
                            (rising edge-triggered cell FDRE)
  Destination:            vga/hvs/vcCounter_reg[3]/D
  Path Group:             (none)
  Path Type:              Min at Fast Process Corner
  Data Path Delay:        0.353ns  (logic 0.232ns (65.678%)  route 0.121ns (34.322%))
  Logic Levels:           2  (FDRE=1 LUT5=1)

    Location             Delay type                Incr(ns)  Path(ns)    Netlist Resource(s)
  -------------------------------------------------------------------    -------------------
    SLICE_X32Y143        FDRE                         0.000     0.000 r  vga/hvs/vcCounter_reg[1]/C
    SLICE_X32Y143        FDRE (Prop_fdre_C_Q)         0.128     0.128 r  vga/hvs/vcCounter_reg[1]/Q
                         net (fo=3, routed)           0.121     0.249    vga/hvs/vcCounter_reg_n_0_[1]
    SLICE_X32Y143        LUT5 (Prop_lut5_I2_O)        0.104     0.353 r  vga/hvs/vcCounter[3]_i_2/O
                         net (fo=1, routed)           0.000     0.353    vga/hvs/vcCounter0_in[3]
    SLICE_X32Y143        FDRE                                         r  vga/hvs/vcCounter_reg[3]/D
  -------------------------------------------------------------------    -------------------





